Archive member included because of file (symbol)

C:/NXP/S32DS_ARM_v2018.R1/S32DS/arm_ewl2/lib/armv7e-m\libc99.a(exit.o)
                              C:/NXP/S32DS_ARM_v2018.R1/S32DS/arm_ewl2/lib/armv7e-m/__arm_start.o (exit)
C:/NXP/S32DS_ARM_v2018.R1/S32DS/arm_ewl2/lib/armv7e-m\libc99.a(memset.o)
                              C:/NXP/S32DS_ARM_v2018.R1/S32DS/arm_ewl2/lib/armv7e-m/__arm_start.o (memset)
C:/NXP/S32DS_ARM_v2018.R1/S32DS/arm_ewl2/lib/armv7e-m\libc99.a(__filll_mem.o)
                              C:/NXP/S32DS_ARM_v2018.R1/S32DS/arm_ewl2/lib/armv7e-m\libc99.a(memset.o) (__fill_mem)
C:/NXP/S32DS_ARM_v2018.R1/S32DS/arm_ewl2/lib/armv7e-m\librt.a(gcc_ctor_dtor.o)
                              C:/NXP/S32DS_ARM_v2018.R1/S32DS/arm_ewl2/lib/armv7e-m/__arm_start.o (__init_cpp)
C:/NXP/S32DS_ARM_v2018.R1/S32DS/arm_ewl2/lib/armv7e-m\librt.a(__arm_eabi_init.o)
                              C:/NXP/S32DS_ARM_v2018.R1/S32DS/arm_ewl2/lib/armv7e-m\libc99.a(exit.o) (__destroy_global_chain)
C:/NXP/S32DS_ARM_v2018.R1/S32DS/arm_ewl2/lib/armv7e-m\librt.a(ROMCopy.o)
                              C:/NXP/S32DS_ARM_v2018.R1/S32DS/arm_ewl2/lib/armv7e-m/__arm_start.o (__copy_rom_sections_to_ram)

Allocating common symbols
Common symbol       size              file

p_jump_to_app       0x4               ./src/main.o
flashSSDConfig      0x1c              ./src/drivers/mem_man.o
callback_in_ram     0x200             ./src/drivers/mem_man.o
flashUserConfig     0x14              ./src/drivers/mem_man.o
cmd_sequence_in_ram
                    0x200             ./src/drivers/mem_man.o

Discarded input sections

 .text          0x00000000        0x0 C:/NXP/S32DS_ARM_v2018.R1/S32DS/arm_ewl2/lib/armv7e-m/__arm_start.o
 .data          0x00000000        0x0 C:/NXP/S32DS_ARM_v2018.R1/S32DS/arm_ewl2/lib/armv7e-m/__arm_start.o
 .bss           0x00000000        0x0 C:/NXP/S32DS_ARM_v2018.R1/S32DS/arm_ewl2/lib/armv7e-m/__arm_start.o
 .text.__iar_program_start
                0x00000000        0x4 C:/NXP/S32DS_ARM_v2018.R1/S32DS/arm_ewl2/lib/armv7e-m/__arm_start.o
 .group         0x00000000        0x8 ./src/main.o
 .group         0x00000000        0x8 ./src/main.o
 .group         0x00000000        0x8 ./src/main.o
 .group         0x00000000        0x8 ./src/main.o
 .group         0x00000000        0x8 ./src/main.o
 .group         0x00000000        0x8 ./src/main.o
 .group         0x00000000        0x8 ./src/main.o
 .group         0x00000000        0x8 ./src/main.o
 .group         0x00000000        0x8 ./src/main.o
 .group         0x00000000        0x8 ./src/main.o
 .group         0x00000000        0x8 ./src/main.o
 .group         0x00000000        0x8 ./src/main.o
 .group         0x00000000        0x8 ./src/main.o
 .group         0x00000000        0x8 ./src/main.o
 .group         0x00000000        0x8 ./src/main.o
 .group         0x00000000        0x8 ./src/main.o
 .group         0x00000000        0x8 ./src/main.o
 .group         0x00000000        0x8 ./src/main.o
 .group         0x00000000        0x8 ./src/main.o
 .group         0x00000000        0x8 ./src/main.o
 .group         0x00000000        0x8 ./src/main.o
 .group         0x00000000        0x8 ./src/main.o
 .group         0x00000000        0x8 ./src/main.o
 .group         0x00000000        0x8 ./src/main.o
 .group         0x00000000        0x8 ./src/main.o
 .group         0x00000000        0x8 ./src/main.o
 .group         0x00000000        0x8 ./src/main.o
 .group         0x00000000        0x8 ./src/main.o
 .text          0x00000000        0x0 ./src/main.o
 .data          0x00000000        0x0 ./src/main.o
 .bss           0x00000000        0x0 ./src/main.o
 COMMON         0x00000000        0x4 ./src/main.o
 .group         0x00000000        0x8 ./src/drivers/uart.o
 .group         0x00000000        0x8 ./src/drivers/uart.o
 .group         0x00000000        0x8 ./src/drivers/uart.o
 .group         0x00000000        0x8 ./src/drivers/uart.o
 .group         0x00000000        0x8 ./src/drivers/uart.o
 .group         0x00000000        0x8 ./src/drivers/uart.o
 .group         0x00000000        0x8 ./src/drivers/uart.o
 .group         0x00000000        0x8 ./src/drivers/uart.o
 .group         0x00000000        0x8 ./src/drivers/uart.o
 .group         0x00000000        0x8 ./src/drivers/uart.o
 .group         0x00000000        0x8 ./src/drivers/uart.o
 .group         0x00000000        0x8 ./src/drivers/uart.o
 .group         0x00000000        0x8 ./src/drivers/uart.o
 .group         0x00000000        0x8 ./src/drivers/uart.o
 .text          0x00000000        0x0 ./src/drivers/uart.o
 .data          0x00000000        0x0 ./src/drivers/uart.o
 .bss           0x00000000        0x0 ./src/drivers/uart.o
 .text.UART_ReadDataReg
                0x00000000       0x1c ./src/drivers/uart.o
 .text.UART_WriteDataReg
                0x00000000       0x1c ./src/drivers/uart.o
 .text.UART_IsTxBuffEmpty
                0x00000000       0x20 ./src/drivers/uart.o
 .text.UART_SendWait
                0x00000000       0x48 ./src/drivers/uart.o
 .text.UART_ReceiveWait
                0x00000000       0x48 ./src/drivers/uart.o
 .debug_macro   0x00000000      0x874 ./src/drivers/uart.o
 .debug_macro   0x00000000       0x52 ./src/drivers/uart.o
 .debug_macro   0x00000000       0xa0 ./src/drivers/uart.o
 .debug_macro   0x00000000       0x16 ./src/drivers/uart.o
 .debug_macro   0x00000000       0x64 ./src/drivers/uart.o
 .debug_macro   0x00000000      0x185 ./src/drivers/uart.o
 .debug_macro   0x00000000      0x140 ./src/drivers/uart.o
 .debug_macro   0x00000000       0x9d ./src/drivers/uart.o
 .debug_macro   0x00000000       0x10 ./src/drivers/uart.o
 .debug_macro   0x00000000      0x15b ./src/drivers/uart.o
 .debug_macro   0x00000000       0x28 ./src/drivers/uart.o
 .debug_macro   0x00000000       0x58 ./src/drivers/uart.o
 .group         0x00000000        0x8 ./src/drivers/timeout.o
 .group         0x00000000        0x8 ./src/drivers/timeout.o
 .group         0x00000000        0x8 ./src/drivers/timeout.o
 .group         0x00000000        0x8 ./src/drivers/timeout.o
 .group         0x00000000        0x8 ./src/drivers/timeout.o
 .group         0x00000000        0x8 ./src/drivers/timeout.o
 .group         0x00000000        0x8 ./src/drivers/timeout.o
 .group         0x00000000        0x8 ./src/drivers/timeout.o
 .group         0x00000000        0x8 ./src/drivers/timeout.o
 .group         0x00000000        0x8 ./src/drivers/timeout.o
 .group         0x00000000        0x8 ./src/drivers/timeout.o
 .group         0x00000000        0x8 ./src/drivers/timeout.o
 .group         0x00000000        0x8 ./src/drivers/timeout.o
 .group         0x00000000        0x8 ./src/drivers/timeout.o
 .group         0x00000000        0x8 ./src/drivers/timeout.o
 .group         0x00000000        0x8 ./src/drivers/timeout.o
 .text          0x00000000        0x0 ./src/drivers/timeout.o
 .data          0x00000000        0x0 ./src/drivers/timeout.o
 .bss           0x00000000        0x0 ./src/drivers/timeout.o
 .debug_macro   0x00000000      0x874 ./src/drivers/timeout.o
 .debug_macro   0x00000000       0x52 ./src/drivers/timeout.o
 .debug_macro   0x00000000       0xa0 ./src/drivers/timeout.o
 .debug_macro   0x00000000       0x16 ./src/drivers/timeout.o
 .debug_macro   0x00000000       0x19 ./src/drivers/timeout.o
 .debug_macro   0x00000000       0x64 ./src/drivers/timeout.o
 .debug_macro   0x00000000      0x185 ./src/drivers/timeout.o
 .debug_macro   0x00000000      0x140 ./src/drivers/timeout.o
 .debug_macro   0x00000000       0x9d ./src/drivers/timeout.o
 .debug_macro   0x00000000       0x10 ./src/drivers/timeout.o
 .debug_macro   0x00000000      0x15b ./src/drivers/timeout.o
 .debug_macro   0x00000000       0x28 ./src/drivers/timeout.o
 .debug_macro   0x00000000       0x58 ./src/drivers/timeout.o
 .debug_macro   0x00000000     0xed1d ./src/drivers/timeout.o
 .debug_macro   0x00000000       0x1c ./src/drivers/timeout.o
 .debug_macro   0x00000000       0x10 ./src/drivers/timeout.o
 .group         0x00000000        0x8 ./src/drivers/pit.o
 .group         0x00000000        0x8 ./src/drivers/pit.o
 .group         0x00000000        0x8 ./src/drivers/pit.o
 .group         0x00000000        0x8 ./src/drivers/pit.o
 .group         0x00000000        0x8 ./src/drivers/pit.o
 .group         0x00000000        0x8 ./src/drivers/pit.o
 .group         0x00000000        0x8 ./src/drivers/pit.o
 .group         0x00000000        0x8 ./src/drivers/pit.o
 .group         0x00000000        0x8 ./src/drivers/pit.o
 .group         0x00000000        0x8 ./src/drivers/pit.o
 .group         0x00000000        0x8 ./src/drivers/pit.o
 .group         0x00000000        0x8 ./src/drivers/pit.o
 .group         0x00000000        0x8 ./src/drivers/pit.o
 .group         0x00000000        0x8 ./src/drivers/pit.o
 .group         0x00000000        0x8 ./src/drivers/pit.o
 .text          0x00000000        0x0 ./src/drivers/pit.o
 .data          0x00000000        0x0 ./src/drivers/pit.o
 .bss           0x00000000        0x0 ./src/drivers/pit.o
 .debug_macro   0x00000000      0x874 ./src/drivers/pit.o
 .debug_macro   0x00000000       0x52 ./src/drivers/pit.o
 .debug_macro   0x00000000       0xa0 ./src/drivers/pit.o
 .debug_macro   0x00000000       0x16 ./src/drivers/pit.o
 .debug_macro   0x00000000       0x19 ./src/drivers/pit.o
 .debug_macro   0x00000000       0x64 ./src/drivers/pit.o
 .debug_macro   0x00000000      0x185 ./src/drivers/pit.o
 .debug_macro   0x00000000      0x140 ./src/drivers/pit.o
 .debug_macro   0x00000000       0x9d ./src/drivers/pit.o
 .debug_macro   0x00000000       0x10 ./src/drivers/pit.o
 .debug_macro   0x00000000      0x15b ./src/drivers/pit.o
 .debug_macro   0x00000000       0x28 ./src/drivers/pit.o
 .debug_macro   0x00000000       0x58 ./src/drivers/pit.o
 .debug_macro   0x00000000     0xed1d ./src/drivers/pit.o
 .debug_macro   0x00000000       0x1c ./src/drivers/pit.o
 .group         0x00000000        0x8 ./src/drivers/pin_config.o
 .group         0x00000000        0x8 ./src/drivers/pin_config.o
 .group         0x00000000        0x8 ./src/drivers/pin_config.o
 .group         0x00000000        0x8 ./src/drivers/pin_config.o
 .group         0x00000000        0x8 ./src/drivers/pin_config.o
 .group         0x00000000        0x8 ./src/drivers/pin_config.o
 .group         0x00000000        0x8 ./src/drivers/pin_config.o
 .group         0x00000000        0x8 ./src/drivers/pin_config.o
 .group         0x00000000        0x8 ./src/drivers/pin_config.o
 .group         0x00000000        0x8 ./src/drivers/pin_config.o
 .group         0x00000000        0x8 ./src/drivers/pin_config.o
 .group         0x00000000        0x8 ./src/drivers/pin_config.o
 .group         0x00000000        0x8 ./src/drivers/pin_config.o
 .group         0x00000000        0x8 ./src/drivers/pin_config.o
 .text          0x00000000        0x0 ./src/drivers/pin_config.o
 .data          0x00000000        0x0 ./src/drivers/pin_config.o
 .bss           0x00000000        0x0 ./src/drivers/pin_config.o
 .debug_macro   0x00000000      0x874 ./src/drivers/pin_config.o
 .debug_macro   0x00000000       0x52 ./src/drivers/pin_config.o
 .debug_macro   0x00000000       0xa0 ./src/drivers/pin_config.o
 .debug_macro   0x00000000       0x16 ./src/drivers/pin_config.o
 .debug_macro   0x00000000       0x19 ./src/drivers/pin_config.o
 .debug_macro   0x00000000       0x64 ./src/drivers/pin_config.o
 .debug_macro   0x00000000      0x185 ./src/drivers/pin_config.o
 .debug_macro   0x00000000      0x140 ./src/drivers/pin_config.o
 .debug_macro   0x00000000       0x9d ./src/drivers/pin_config.o
 .debug_macro   0x00000000       0x10 ./src/drivers/pin_config.o
 .debug_macro   0x00000000      0x15b ./src/drivers/pin_config.o
 .debug_macro   0x00000000       0x28 ./src/drivers/pin_config.o
 .debug_macro   0x00000000       0x58 ./src/drivers/pin_config.o
 .debug_macro   0x00000000     0xed1d ./src/drivers/pin_config.o
 .group         0x00000000        0x8 ./src/drivers/mem_man.o
 .group         0x00000000        0x8 ./src/drivers/mem_man.o
 .group         0x00000000        0x8 ./src/drivers/mem_man.o
 .group         0x00000000        0x8 ./src/drivers/mem_man.o
 .group         0x00000000        0x8 ./src/drivers/mem_man.o
 .group         0x00000000        0x8 ./src/drivers/mem_man.o
 .group         0x00000000        0x8 ./src/drivers/mem_man.o
 .group         0x00000000        0x8 ./src/drivers/mem_man.o
 .group         0x00000000        0x8 ./src/drivers/mem_man.o
 .group         0x00000000        0x8 ./src/drivers/mem_man.o
 .group         0x00000000        0x8 ./src/drivers/mem_man.o
 .group         0x00000000        0x8 ./src/drivers/mem_man.o
 .group         0x00000000        0x8 ./src/drivers/mem_man.o
 .group         0x00000000        0x8 ./src/drivers/mem_man.o
 .group         0x00000000        0x8 ./src/drivers/mem_man.o
 .group         0x00000000        0x8 ./src/drivers/mem_man.o
 .group         0x00000000        0x8 ./src/drivers/mem_man.o
 .group         0x00000000        0x8 ./src/drivers/mem_man.o
 .group         0x00000000        0x8 ./src/drivers/mem_man.o
 .group         0x00000000        0x8 ./src/drivers/mem_man.o
 .group         0x00000000        0x8 ./src/drivers/mem_man.o
 .group         0x00000000        0x8 ./src/drivers/mem_man.o
 .group         0x00000000        0x8 ./src/drivers/mem_man.o
 .text          0x00000000        0x0 ./src/drivers/mem_man.o
 .data          0x00000000        0x0 ./src/drivers/mem_man.o
 .bss           0x00000000        0x0 ./src/drivers/mem_man.o
 .bss.test_flag
                0x00000000        0x1 ./src/drivers/mem_man.o
 .debug_macro   0x00000000      0x874 ./src/drivers/mem_man.o
 .debug_macro   0x00000000       0x52 ./src/drivers/mem_man.o
 .debug_macro   0x00000000       0xa0 ./src/drivers/mem_man.o
 .debug_macro   0x00000000       0x16 ./src/drivers/mem_man.o
 .debug_macro   0x00000000       0x64 ./src/drivers/mem_man.o
 .debug_macro   0x00000000      0x185 ./src/drivers/mem_man.o
 .debug_macro   0x00000000      0x140 ./src/drivers/mem_man.o
 .debug_macro   0x00000000       0x16 ./src/drivers/mem_man.o
 .debug_macro   0x00000000       0x28 ./src/drivers/mem_man.o
 .debug_macro   0x00000000       0x10 ./src/drivers/mem_man.o
 .debug_macro   0x00000000       0x16 ./src/drivers/mem_man.o
 .debug_macro   0x00000000       0x16 ./src/drivers/mem_man.o
 .debug_macro   0x00000000       0x10 ./src/drivers/mem_man.o
 .debug_macro   0x00000000       0x73 ./src/drivers/mem_man.o
 .debug_macro   0x00000000       0x19 ./src/drivers/mem_man.o
 .debug_macro   0x00000000       0x9d ./src/drivers/mem_man.o
 .debug_macro   0x00000000     0xed1d ./src/drivers/mem_man.o
 .debug_macro   0x00000000      0xba2 ./src/drivers/mem_man.o
 .debug_macro   0x00000000       0x10 ./src/drivers/mem_man.o
 .debug_macro   0x00000000      0x50c ./src/drivers/mem_man.o
 .debug_macro   0x00000000       0x1c ./src/drivers/mem_man.o
 .group         0x00000000        0x8 ./src/drivers/fsl_flash_driver_c90tfs.o
 .group         0x00000000        0x8 ./src/drivers/fsl_flash_driver_c90tfs.o
 .group         0x00000000        0x8 ./src/drivers/fsl_flash_driver_c90tfs.o
 .group         0x00000000        0x8 ./src/drivers/fsl_flash_driver_c90tfs.o
 .group         0x00000000        0x8 ./src/drivers/fsl_flash_driver_c90tfs.o
 .group         0x00000000        0x8 ./src/drivers/fsl_flash_driver_c90tfs.o
 .group         0x00000000        0x8 ./src/drivers/fsl_flash_driver_c90tfs.o
 .group         0x00000000        0x8 ./src/drivers/fsl_flash_driver_c90tfs.o
 .group         0x00000000        0x8 ./src/drivers/fsl_flash_driver_c90tfs.o
 .group         0x00000000        0x8 ./src/drivers/fsl_flash_driver_c90tfs.o
 .group         0x00000000        0x8 ./src/drivers/fsl_flash_driver_c90tfs.o
 .group         0x00000000        0x8 ./src/drivers/fsl_flash_driver_c90tfs.o
 .group         0x00000000        0x8 ./src/drivers/fsl_flash_driver_c90tfs.o
 .group         0x00000000        0x8 ./src/drivers/fsl_flash_driver_c90tfs.o
 .group         0x00000000        0x8 ./src/drivers/fsl_flash_driver_c90tfs.o
 .group         0x00000000        0x8 ./src/drivers/fsl_flash_driver_c90tfs.o
 .group         0x00000000        0x8 ./src/drivers/fsl_flash_driver_c90tfs.o
 .group         0x00000000        0x8 ./src/drivers/fsl_flash_driver_c90tfs.o
 .group         0x00000000        0x8 ./src/drivers/fsl_flash_driver_c90tfs.o
 .group         0x00000000        0x8 ./src/drivers/fsl_flash_driver_c90tfs.o
 .group         0x00000000        0x8 ./src/drivers/fsl_flash_driver_c90tfs.o
 .group         0x00000000        0x8 ./src/drivers/fsl_flash_driver_c90tfs.o
 .text          0x00000000        0x0 ./src/drivers/fsl_flash_driver_c90tfs.o
 .data          0x00000000        0x0 ./src/drivers/fsl_flash_driver_c90tfs.o
 .bss           0x00000000        0x0 ./src/drivers/fsl_flash_driver_c90tfs.o
 .text.PFlashGetProtection
                0x00000000       0x50 ./src/drivers/fsl_flash_driver_c90tfs.o
 .text.PFlashSetProtection
                0x00000000       0xb4 ./src/drivers/fsl_flash_driver_c90tfs.o
 .text.FlashGetSecurityState
                0x00000000       0x48 ./src/drivers/fsl_flash_driver_c90tfs.o
 .text.FlashSecurityBypass
                0x00000000       0x5c ./src/drivers/fsl_flash_driver_c90tfs.o
 .text.FlashEraseAllBlock
                0x00000000       0x30 ./src/drivers/fsl_flash_driver_c90tfs.o
 .text.FlashVerifyAllBlock
                0x00000000       0x38 ./src/drivers/fsl_flash_driver_c90tfs.o
 .text.FlashVerifySection
                0x00000000       0xd0 ./src/drivers/fsl_flash_driver_c90tfs.o
 .text.FlashEraseSuspend
                0x00000000       0x40 ./src/drivers/fsl_flash_driver_c90tfs.o
 .text.FlashEraseResume
                0x00000000       0x54 ./src/drivers/fsl_flash_driver_c90tfs.o
 .text.FlashReadOnce
                0x00000000       0x6c ./src/drivers/fsl_flash_driver_c90tfs.o
 .text.FlashProgramOnce
                0x00000000       0x64 ./src/drivers/fsl_flash_driver_c90tfs.o
 .text.FlashProgramCheck
                0x00000000      0x138 ./src/drivers/fsl_flash_driver_c90tfs.o
 .text.FlashCheckSum
                0x00000000       0xb8 ./src/drivers/fsl_flash_driver_c90tfs.o
 .text.FlashProgramSection
                0x00000000       0xd8 ./src/drivers/fsl_flash_driver_c90tfs.o
 .text.EERAMGetProtection
                0x00000000       0x40 ./src/drivers/fsl_flash_driver_c90tfs.o
 .text.EERAMSetProtection
                0x00000000       0x50 ./src/drivers/fsl_flash_driver_c90tfs.o
 .text.SetFlexRamFunction
                0x00000000       0xc4 ./src/drivers/fsl_flash_driver_c90tfs.o
 .text.WaitEEWriteToFinish
                0x00000000       0xb0 ./src/drivers/fsl_flash_driver_c90tfs.o
 .text.EEEWrite
                0x00000000       0xc0 ./src/drivers/fsl_flash_driver_c90tfs.o
 .text.DEFlashPartition
                0x00000000       0x60 ./src/drivers/fsl_flash_driver_c90tfs.o
 .text.DFlashGetProtection
                0x00000000       0x3c ./src/drivers/fsl_flash_driver_c90tfs.o
 .text.DFlashSetProtection
                0x00000000       0x4c ./src/drivers/fsl_flash_driver_c90tfs.o
 .debug_macro   0x00000000      0x874 ./src/drivers/fsl_flash_driver_c90tfs.o
 .debug_macro   0x00000000       0x52 ./src/drivers/fsl_flash_driver_c90tfs.o
 .debug_macro   0x00000000       0xa0 ./src/drivers/fsl_flash_driver_c90tfs.o
 .debug_macro   0x00000000       0x16 ./src/drivers/fsl_flash_driver_c90tfs.o
 .debug_macro   0x00000000       0x64 ./src/drivers/fsl_flash_driver_c90tfs.o
 .debug_macro   0x00000000      0x185 ./src/drivers/fsl_flash_driver_c90tfs.o
 .debug_macro   0x00000000      0x140 ./src/drivers/fsl_flash_driver_c90tfs.o
 .debug_macro   0x00000000       0x1c ./src/drivers/fsl_flash_driver_c90tfs.o
 .debug_macro   0x00000000       0x16 ./src/drivers/fsl_flash_driver_c90tfs.o
 .debug_macro   0x00000000       0x28 ./src/drivers/fsl_flash_driver_c90tfs.o
 .debug_macro   0x00000000       0x10 ./src/drivers/fsl_flash_driver_c90tfs.o
 .debug_macro   0x00000000       0x16 ./src/drivers/fsl_flash_driver_c90tfs.o
 .debug_macro   0x00000000       0x16 ./src/drivers/fsl_flash_driver_c90tfs.o
 .debug_macro   0x00000000       0x10 ./src/drivers/fsl_flash_driver_c90tfs.o
 .debug_macro   0x00000000       0x73 ./src/drivers/fsl_flash_driver_c90tfs.o
 .debug_macro   0x00000000       0x19 ./src/drivers/fsl_flash_driver_c90tfs.o
 .debug_macro   0x00000000       0x9d ./src/drivers/fsl_flash_driver_c90tfs.o
 .debug_macro   0x00000000      0x1af ./src/drivers/fsl_flash_driver_c90tfs.o
 .debug_macro   0x00000000     0xed1d ./src/drivers/fsl_flash_driver_c90tfs.o
 .debug_macro   0x00000000      0xba2 ./src/drivers/fsl_flash_driver_c90tfs.o
 .debug_macro   0x00000000       0x10 ./src/drivers/fsl_flash_driver_c90tfs.o
 .debug_macro   0x00000000      0x50c ./src/drivers/fsl_flash_driver_c90tfs.o
 .group         0x00000000        0x8 ./src/drivers/comm.o
 .group         0x00000000        0x8 ./src/drivers/comm.o
 .group         0x00000000        0x8 ./src/drivers/comm.o
 .group         0x00000000        0x8 ./src/drivers/comm.o
 .group         0x00000000        0x8 ./src/drivers/comm.o
 .group         0x00000000        0x8 ./src/drivers/comm.o
 .group         0x00000000        0x8 ./src/drivers/comm.o
 .group         0x00000000        0x8 ./src/drivers/comm.o
 .group         0x00000000        0x8 ./src/drivers/comm.o
 .group         0x00000000        0x8 ./src/drivers/comm.o
 .group         0x00000000        0x8 ./src/drivers/comm.o
 .group         0x00000000        0x8 ./src/drivers/comm.o
 .group         0x00000000        0x8 ./src/drivers/comm.o
 .group         0x00000000        0x8 ./src/drivers/comm.o
 .group         0x00000000        0x8 ./src/drivers/comm.o
 .group         0x00000000        0x8 ./src/drivers/comm.o
 .group         0x00000000        0x8 ./src/drivers/comm.o
 .group         0x00000000        0x8 ./src/drivers/comm.o
 .group         0x00000000        0x8 ./src/drivers/comm.o
 .group         0x00000000        0x8 ./src/drivers/comm.o
 .group         0x00000000        0x8 ./src/drivers/comm.o
 .group         0x00000000        0x8 ./src/drivers/comm.o
 .group         0x00000000        0x8 ./src/drivers/comm.o
 .group         0x00000000        0x8 ./src/drivers/comm.o
 .group         0x00000000        0x8 ./src/drivers/comm.o
 .group         0x00000000        0x8 ./src/drivers/comm.o
 .text          0x00000000        0x0 ./src/drivers/comm.o
 .data          0x00000000        0x0 ./src/drivers/comm.o
 .bss           0x00000000        0x0 ./src/drivers/comm.o
 .debug_macro   0x00000000      0x874 ./src/drivers/comm.o
 .debug_macro   0x00000000       0x52 ./src/drivers/comm.o
 .debug_macro   0x00000000       0xa0 ./src/drivers/comm.o
 .debug_macro   0x00000000       0x16 ./src/drivers/comm.o
 .debug_macro   0x00000000       0x16 ./src/drivers/comm.o
 .debug_macro   0x00000000       0x64 ./src/drivers/comm.o
 .debug_macro   0x00000000      0x185 ./src/drivers/comm.o
 .debug_macro   0x00000000      0x140 ./src/drivers/comm.o
 .debug_macro   0x00000000       0x1c ./src/drivers/comm.o
 .debug_macro   0x00000000       0x16 ./src/drivers/comm.o
 .debug_macro   0x00000000       0x28 ./src/drivers/comm.o
 .debug_macro   0x00000000       0x10 ./src/drivers/comm.o
 .debug_macro   0x00000000       0x16 ./src/drivers/comm.o
 .debug_macro   0x00000000       0x16 ./src/drivers/comm.o
 .debug_macro   0x00000000       0x10 ./src/drivers/comm.o
 .debug_macro   0x00000000       0x73 ./src/drivers/comm.o
 .debug_macro   0x00000000       0x19 ./src/drivers/comm.o
 .debug_macro   0x00000000       0x9d ./src/drivers/comm.o
 .debug_macro   0x00000000      0x1af ./src/drivers/comm.o
 .debug_macro   0x00000000     0xed1d ./src/drivers/comm.o
 .debug_macro   0x00000000      0xba2 ./src/drivers/comm.o
 .debug_macro   0x00000000       0x10 ./src/drivers/comm.o
 .debug_macro   0x00000000      0x50c ./src/drivers/comm.o
 .debug_macro   0x00000000       0x1c ./src/drivers/comm.o
 .debug_macro   0x00000000       0x10 ./src/drivers/comm.o
 .debug_macro   0x00000000       0x16 ./src/drivers/comm.o
 .group         0x00000000        0x8 ./src/drivers/clock.o
 .group         0x00000000        0x8 ./src/drivers/clock.o
 .group         0x00000000        0x8 ./src/drivers/clock.o
 .group         0x00000000        0x8 ./src/drivers/clock.o
 .group         0x00000000        0x8 ./src/drivers/clock.o
 .group         0x00000000        0x8 ./src/drivers/clock.o
 .group         0x00000000        0x8 ./src/drivers/clock.o
 .group         0x00000000        0x8 ./src/drivers/clock.o
 .group         0x00000000        0x8 ./src/drivers/clock.o
 .group         0x00000000        0x8 ./src/drivers/clock.o
 .group         0x00000000        0x8 ./src/drivers/clock.o
 .group         0x00000000        0x8 ./src/drivers/clock.o
 .group         0x00000000        0x8 ./src/drivers/clock.o
 .group         0x00000000        0x8 ./src/drivers/clock.o
 .group         0x00000000        0x8 ./src/drivers/clock.o
 .text          0x00000000        0x0 ./src/drivers/clock.o
 .data          0x00000000        0x0 ./src/drivers/clock.o
 .bss           0x00000000        0x0 ./src/drivers/clock.o
 .debug_macro   0x00000000      0x874 ./src/drivers/clock.o
 .debug_macro   0x00000000       0x52 ./src/drivers/clock.o
 .debug_macro   0x00000000       0xa0 ./src/drivers/clock.o
 .debug_macro   0x00000000       0x16 ./src/drivers/clock.o
 .debug_macro   0x00000000       0x19 ./src/drivers/clock.o
 .debug_macro   0x00000000       0x64 ./src/drivers/clock.o
 .debug_macro   0x00000000      0x185 ./src/drivers/clock.o
 .debug_macro   0x00000000      0x140 ./src/drivers/clock.o
 .debug_macro   0x00000000       0x9d ./src/drivers/clock.o
 .debug_macro   0x00000000       0x10 ./src/drivers/clock.o
 .debug_macro   0x00000000      0x15b ./src/drivers/clock.o
 .debug_macro   0x00000000       0x28 ./src/drivers/clock.o
 .debug_macro   0x00000000       0x58 ./src/drivers/clock.o
 .debug_macro   0x00000000     0xed1d ./src/drivers/clock.o
 .debug_macro   0x00000000       0x1c ./src/drivers/clock.o
 .group         0x00000000        0x8 ./Project_Settings/Startup_Code/system_S32K144.o
 .group         0x00000000        0x8 ./Project_Settings/Startup_Code/system_S32K144.o
 .group         0x00000000        0x8 ./Project_Settings/Startup_Code/system_S32K144.o
 .group         0x00000000        0x8 ./Project_Settings/Startup_Code/system_S32K144.o
 .group         0x00000000        0x8 ./Project_Settings/Startup_Code/system_S32K144.o
 .group         0x00000000        0x8 ./Project_Settings/Startup_Code/system_S32K144.o
 .group         0x00000000        0x8 ./Project_Settings/Startup_Code/system_S32K144.o
 .group         0x00000000        0x8 ./Project_Settings/Startup_Code/system_S32K144.o
 .group         0x00000000        0x8 ./Project_Settings/Startup_Code/system_S32K144.o
 .group         0x00000000        0x8 ./Project_Settings/Startup_Code/system_S32K144.o
 .group         0x00000000        0x8 ./Project_Settings/Startup_Code/system_S32K144.o
 .group         0x00000000        0x8 ./Project_Settings/Startup_Code/system_S32K144.o
 .group         0x00000000        0x8 ./Project_Settings/Startup_Code/system_S32K144.o
 .group         0x00000000        0x8 ./Project_Settings/Startup_Code/system_S32K144.o
 .group         0x00000000        0x8 ./Project_Settings/Startup_Code/system_S32K144.o
 .group         0x00000000        0x8 ./Project_Settings/Startup_Code/system_S32K144.o
 .group         0x00000000        0x8 ./Project_Settings/Startup_Code/system_S32K144.o
 .group         0x00000000        0x8 ./Project_Settings/Startup_Code/system_S32K144.o
 .group         0x00000000        0x8 ./Project_Settings/Startup_Code/system_S32K144.o
 .text          0x00000000        0x0 ./Project_Settings/Startup_Code/system_S32K144.o
 .data          0x00000000        0x0 ./Project_Settings/Startup_Code/system_S32K144.o
 .bss           0x00000000        0x0 ./Project_Settings/Startup_Code/system_S32K144.o
 .data.SystemCoreClock
                0x00000000        0x4 ./Project_Settings/Startup_Code/system_S32K144.o
 .text.SystemCoreClockUpdate
                0x00000000       0xe8 ./Project_Settings/Startup_Code/system_S32K144.o
 .text.SystemSoftwareReset
                0x00000000       0x40 ./Project_Settings/Startup_Code/system_S32K144.o
 .rodata.fircFreq.5020
                0x00000000        0x4 ./Project_Settings/Startup_Code/system_S32K144.o
 .debug_macro   0x00000000      0x874 ./Project_Settings/Startup_Code/system_S32K144.o
 .debug_macro   0x00000000       0x52 ./Project_Settings/Startup_Code/system_S32K144.o
 .debug_macro   0x00000000       0xa0 ./Project_Settings/Startup_Code/system_S32K144.o
 .debug_macro   0x00000000       0x16 ./Project_Settings/Startup_Code/system_S32K144.o
 .debug_macro   0x00000000       0x10 ./Project_Settings/Startup_Code/system_S32K144.o
 .debug_macro   0x00000000       0x73 ./Project_Settings/Startup_Code/system_S32K144.o
 .debug_macro   0x00000000       0x19 ./Project_Settings/Startup_Code/system_S32K144.o
 .debug_macro   0x00000000       0x64 ./Project_Settings/Startup_Code/system_S32K144.o
 .debug_macro   0x00000000      0x185 ./Project_Settings/Startup_Code/system_S32K144.o
 .debug_macro   0x00000000      0x140 ./Project_Settings/Startup_Code/system_S32K144.o
 .debug_macro   0x00000000       0x9d ./Project_Settings/Startup_Code/system_S32K144.o
 .debug_macro   0x00000000       0x10 ./Project_Settings/Startup_Code/system_S32K144.o
 .debug_macro   0x00000000      0x15b ./Project_Settings/Startup_Code/system_S32K144.o
 .debug_macro   0x00000000       0x28 ./Project_Settings/Startup_Code/system_S32K144.o
 .debug_macro   0x00000000       0x58 ./Project_Settings/Startup_Code/system_S32K144.o
 .debug_macro   0x00000000     0xed1d ./Project_Settings/Startup_Code/system_S32K144.o
 .debug_macro   0x00000000      0xba2 ./Project_Settings/Startup_Code/system_S32K144.o
 .debug_macro   0x00000000       0x22 ./Project_Settings/Startup_Code/system_S32K144.o
 .data          0x00000000        0x0 ./Project_Settings/Startup_Code/startup_S32K144.o
 .bss           0x00000000        0x0 ./Project_Settings/Startup_Code/startup_S32K144.o
 .group         0x00000000        0x8 ./Project_Settings/Startup_Code/startup.o
 .group         0x00000000        0x8 ./Project_Settings/Startup_Code/startup.o
 .group         0x00000000        0x8 ./Project_Settings/Startup_Code/startup.o
 .group         0x00000000        0x8 ./Project_Settings/Startup_Code/startup.o
 .group         0x00000000        0x8 ./Project_Settings/Startup_Code/startup.o
 .group         0x00000000        0x8 ./Project_Settings/Startup_Code/startup.o
 .group         0x00000000        0x8 ./Project_Settings/Startup_Code/startup.o
 .group         0x00000000        0x8 ./Project_Settings/Startup_Code/startup.o
 .group         0x00000000        0x8 ./Project_Settings/Startup_Code/startup.o
 .group         0x00000000        0x8 ./Project_Settings/Startup_Code/startup.o
 .group         0x00000000        0x8 ./Project_Settings/Startup_Code/startup.o
 .group         0x00000000        0x8 ./Project_Settings/Startup_Code/startup.o
 .group         0x00000000        0x8 ./Project_Settings/Startup_Code/startup.o
 .group         0x00000000        0x8 ./Project_Settings/Startup_Code/startup.o
 .group         0x00000000        0x8 ./Project_Settings/Startup_Code/startup.o
 .group         0x00000000        0x8 ./Project_Settings/Startup_Code/startup.o
 .group         0x00000000        0x8 ./Project_Settings/Startup_Code/startup.o
 .group         0x00000000        0x8 ./Project_Settings/Startup_Code/startup.o
 .text          0x00000000        0x0 ./Project_Settings/Startup_Code/startup.o
 .data          0x00000000        0x0 ./Project_Settings/Startup_Code/startup.o
 .bss           0x00000000        0x0 ./Project_Settings/Startup_Code/startup.o
 .rodata.s_vectors
                0x00000000        0x4 ./Project_Settings/Startup_Code/startup.o
 .debug_macro   0x00000000      0x874 ./Project_Settings/Startup_Code/startup.o
 .debug_macro   0x00000000       0x52 ./Project_Settings/Startup_Code/startup.o
 .debug_macro   0x00000000       0xa0 ./Project_Settings/Startup_Code/startup.o
 .debug_macro   0x00000000       0x16 ./Project_Settings/Startup_Code/startup.o
 .debug_macro   0x00000000       0x64 ./Project_Settings/Startup_Code/startup.o
 .debug_macro   0x00000000      0x185 ./Project_Settings/Startup_Code/startup.o
 .debug_macro   0x00000000      0x140 ./Project_Settings/Startup_Code/startup.o
 .debug_macro   0x00000000       0x9d ./Project_Settings/Startup_Code/startup.o
 .debug_macro   0x00000000       0x10 ./Project_Settings/Startup_Code/startup.o
 .debug_macro   0x00000000      0x15b ./Project_Settings/Startup_Code/startup.o
 .debug_macro   0x00000000       0x28 ./Project_Settings/Startup_Code/startup.o
 .debug_macro   0x00000000       0x58 ./Project_Settings/Startup_Code/startup.o
 .debug_macro   0x00000000       0x10 ./Project_Settings/Startup_Code/startup.o
 .debug_macro   0x00000000       0x73 ./Project_Settings/Startup_Code/startup.o
 .debug_macro   0x00000000     0xed32 ./Project_Settings/Startup_Code/startup.o
 .debug_macro   0x00000000      0xba2 ./Project_Settings/Startup_Code/startup.o
 .debug_macro   0x00000000       0x22 ./Project_Settings/Startup_Code/startup.o
 .text          0x00000000        0x0 C:/NXP/S32DS_ARM_v2018.R1/S32DS/arm_ewl2/lib/armv7e-m\libc99.a(exit.o)
 .data          0x00000000        0x0 C:/NXP/S32DS_ARM_v2018.R1/S32DS/arm_ewl2/lib/armv7e-m\libc99.a(exit.o)
 .bss           0x00000000        0x0 C:/NXP/S32DS_ARM_v2018.R1/S32DS/arm_ewl2/lib/armv7e-m\libc99.a(exit.o)
 .text._Exit    0x00000000        0x4 C:/NXP/S32DS_ARM_v2018.R1/S32DS/arm_ewl2/lib/armv7e-m\libc99.a(exit.o)
 .text          0x00000000        0x0 C:/NXP/S32DS_ARM_v2018.R1/S32DS/arm_ewl2/lib/armv7e-m\libc99.a(memset.o)
 .data          0x00000000        0x0 C:/NXP/S32DS_ARM_v2018.R1/S32DS/arm_ewl2/lib/armv7e-m\libc99.a(memset.o)
 .bss           0x00000000        0x0 C:/NXP/S32DS_ARM_v2018.R1/S32DS/arm_ewl2/lib/armv7e-m\libc99.a(memset.o)
 .text          0x00000000        0x0 C:/NXP/S32DS_ARM_v2018.R1/S32DS/arm_ewl2/lib/armv7e-m\libc99.a(__filll_mem.o)
 .data          0x00000000        0x0 C:/NXP/S32DS_ARM_v2018.R1/S32DS/arm_ewl2/lib/armv7e-m\libc99.a(__filll_mem.o)
 .bss           0x00000000        0x0 C:/NXP/S32DS_ARM_v2018.R1/S32DS/arm_ewl2/lib/armv7e-m\libc99.a(__filll_mem.o)
 .text          0x00000000        0x0 C:/NXP/S32DS_ARM_v2018.R1/S32DS/arm_ewl2/lib/armv7e-m\librt.a(gcc_ctor_dtor.o)
 .data          0x00000000        0x0 C:/NXP/S32DS_ARM_v2018.R1/S32DS/arm_ewl2/lib/armv7e-m\librt.a(gcc_ctor_dtor.o)
 .bss           0x00000000        0x0 C:/NXP/S32DS_ARM_v2018.R1/S32DS/arm_ewl2/lib/armv7e-m\librt.a(gcc_ctor_dtor.o)
 .bss.__dso_handle
                0x00000000        0x4 C:/NXP/S32DS_ARM_v2018.R1/S32DS/arm_ewl2/lib/armv7e-m\librt.a(gcc_ctor_dtor.o)
 .text          0x00000000        0x0 C:/NXP/S32DS_ARM_v2018.R1/S32DS/arm_ewl2/lib/armv7e-m\librt.a(__arm_eabi_init.o)
 .data          0x00000000        0x0 C:/NXP/S32DS_ARM_v2018.R1/S32DS/arm_ewl2/lib/armv7e-m\librt.a(__arm_eabi_init.o)
 .bss           0x00000000        0x0 C:/NXP/S32DS_ARM_v2018.R1/S32DS/arm_ewl2/lib/armv7e-m\librt.a(__arm_eabi_init.o)
 .text.__register_global_object
                0x00000000       0x14 C:/NXP/S32DS_ARM_v2018.R1/S32DS/arm_ewl2/lib/armv7e-m\librt.a(__arm_eabi_init.o)
 .text.__cxa_atexit
                0x00000000       0x38 C:/NXP/S32DS_ARM_v2018.R1/S32DS/arm_ewl2/lib/armv7e-m\librt.a(__arm_eabi_init.o)
 .text.__aeabi_atexit
                0x00000000        0xa C:/NXP/S32DS_ARM_v2018.R1/S32DS/arm_ewl2/lib/armv7e-m\librt.a(__arm_eabi_init.o)
 .text.__register_atexit
                0x00000000        0x8 C:/NXP/S32DS_ARM_v2018.R1/S32DS/arm_ewl2/lib/armv7e-m\librt.a(__arm_eabi_init.o)
 .bss.atexit_curr_func
                0x00000000        0x4 C:/NXP/S32DS_ARM_v2018.R1/S32DS/arm_ewl2/lib/armv7e-m\librt.a(__arm_eabi_init.o)
 .bss.atexit_funcs
                0x00000000      0x300 C:/NXP/S32DS_ARM_v2018.R1/S32DS/arm_ewl2/lib/armv7e-m\librt.a(__arm_eabi_init.o)
 .text          0x00000000        0x0 C:/NXP/S32DS_ARM_v2018.R1/S32DS/arm_ewl2/lib/armv7e-m\librt.a(ROMCopy.o)
 .data          0x00000000        0x0 C:/NXP/S32DS_ARM_v2018.R1/S32DS/arm_ewl2/lib/armv7e-m\librt.a(ROMCopy.o)
 .bss           0x00000000        0x0 C:/NXP/S32DS_ARM_v2018.R1/S32DS/arm_ewl2/lib/armv7e-m\librt.a(ROMCopy.o)
 .text.__flush_cache
                0x00000000        0x2 C:/NXP/S32DS_ARM_v2018.R1/S32DS/arm_ewl2/lib/armv7e-m\librt.a(ROMCopy.o)
 .text          0x00000000        0x0 C:/NXP/S32DS_ARM_v2018.R1/S32DS/arm_ewl2/lib/armv7e-m/__arm_end.o
 .data          0x00000000        0x0 C:/NXP/S32DS_ARM_v2018.R1/S32DS/arm_ewl2/lib/armv7e-m/__arm_end.o
 .bss           0x00000000        0x0 C:/NXP/S32DS_ARM_v2018.R1/S32DS/arm_ewl2/lib/armv7e-m/__arm_end.o
 .text._ExitProcess
                0x00000000        0x2 C:/NXP/S32DS_ARM_v2018.R1/S32DS/arm_ewl2/lib/armv7e-m/__arm_end.o
 .debug_info    0x00000000       0x4e C:/NXP/S32DS_ARM_v2018.R1/S32DS/arm_ewl2/lib/armv7e-m/__arm_end.o
 .debug_abbrev  0x00000000       0x4a C:/NXP/S32DS_ARM_v2018.R1/S32DS/arm_ewl2/lib/armv7e-m/__arm_end.o
 .debug_aranges
                0x00000000       0x20 C:/NXP/S32DS_ARM_v2018.R1/S32DS/arm_ewl2/lib/armv7e-m/__arm_end.o
 .debug_line    0x00000000       0x45 C:/NXP/S32DS_ARM_v2018.R1/S32DS/arm_ewl2/lib/armv7e-m/__arm_end.o
 .debug_str     0x00000000      0x1a7 C:/NXP/S32DS_ARM_v2018.R1/S32DS/arm_ewl2/lib/armv7e-m/__arm_end.o
 .comment       0x00000000       0x71 C:/NXP/S32DS_ARM_v2018.R1/S32DS/arm_ewl2/lib/armv7e-m/__arm_end.o
 .debug_frame   0x00000000       0x20 C:/NXP/S32DS_ARM_v2018.R1/S32DS/arm_ewl2/lib/armv7e-m/__arm_end.o
 .ARM.attributes
                0x00000000       0x33 C:/NXP/S32DS_ARM_v2018.R1/S32DS/arm_ewl2/lib/armv7e-m/__arm_end.o

Memory Configuration

Name             Origin             Length             Attributes
m_interrupts     0x00000000         0x00000400         xr
m_flash_config   0x00000400         0x00000010         xr
m_text           0x10000000         0x00002000         xr
m_data           0x1fff8000         0x00008000         rw
m_data_2         0x20000000         0x00007000         rw
*default*        0x00000000         0xffffffff

Linker script and memory map

LOAD C:/NXP/S32DS_ARM_v2018.R1/S32DS/arm_ewl2/lib/armv7e-m/__arm_start.o
LOAD ./src/main.o
LOAD ./src/drivers/uart.o
LOAD ./src/drivers/timeout.o
LOAD ./src/drivers/pit.o
LOAD ./src/drivers/pin_config.o
LOAD ./src/drivers/mem_man.o
LOAD ./src/drivers/fsl_flash_driver_c90tfs.o
LOAD ./src/drivers/comm.o
LOAD ./src/drivers/clock.o
LOAD ./Project_Settings/Startup_Code/system_S32K144.o
LOAD ./Project_Settings/Startup_Code/startup_S32K144.o
LOAD ./Project_Settings/Startup_Code/startup.o
START GROUP
LOAD C:/NXP/S32DS_ARM_v2018.R1/S32DS/arm_ewl2/lib/armv7e-m\libc99.a
LOAD C:/NXP/S32DS_ARM_v2018.R1/S32DS/arm_ewl2/lib/armv7e-m\libm.a
LOAD c:/nxp/s32ds_arm_v2018.r1/cross_tools/gcc-arm-none-eabi-4_9/bin/../lib/gcc/arm-none-eabi/4.9.3/armv7e-m\libgcc.a
LOAD C:/NXP/S32DS_ARM_v2018.R1/S32DS/arm_ewl2/lib/armv7e-m\librt.a
LOAD C:/NXP/S32DS_ARM_v2018.R1/S32DS/arm_ewl2/lib/armv7e-m\libnoio.a
END GROUP
LOAD C:/NXP/S32DS_ARM_v2018.R1/S32DS/arm_ewl2/lib/armv7e-m/__arm_end.o
                0x00000400                HEAP_SIZE = DEFINED (__heap_size__)?__heap_size__:0x400
                0x00000400                STACK_SIZE = DEFINED (__stack_size__)?__stack_size__:0x400
                0x00000400                M_VECTOR_RAM_SIZE = DEFINED (__flash_vector_table__)?0x0:0x400

.interrupts     0x00000000      0x400
                0x00000000                __VECTOR_TABLE = .
                0x00000000                __interrupts_start__ = .
                0x00000000                . = ALIGN (0x4)
 *(.isr_vector)
 .isr_vector    0x00000000      0x400 ./Project_Settings/Startup_Code/startup_S32K144.o
                0x00000000                __isr_vector
                0x00000400                __interrupts_end__ = .
                0x00000400                . = ALIGN (0x4)

.flash_config   0x00000400       0x10
                0x00000400                . = ALIGN (0x4)
 *(.FlashConfig)
 .FlashConfig   0x00000400       0x10 ./Project_Settings/Startup_Code/startup_S32K144.o
                0x00000410                . = ALIGN (0x4)

.text           0x10000000     0x1300
                0x10000000                . = ALIGN (0x4)
 *(.text)
 .text          0x10000000       0x60 ./Project_Settings/Startup_Code/startup_S32K144.o
                0x10000000                Reset_Handler
                0x1000005c                DebugMon_Handler
                0x1000005c                Reserved88_IRQHandler
                0x1000005c                CAN0_ORed_IRQHandler
                0x1000005c                HardFault_Handler
                0x1000005c                Reserved86_IRQHandler
                0x1000005c                Reserved103_IRQHandler
                0x1000005c                SysTick_Handler
                0x1000005c                FTM2_Ovf_Reload_IRQHandler
                0x1000005c                Reserved50_IRQHandler
                0x1000005c                FTFC_Fault_IRQHandler
                0x1000005c                FTM0_Ch6_Ch7_IRQHandler
                0x1000005c                Reserved114_IRQHandler
                0x1000005c                PendSV_Handler
                0x1000005c                NMI_Handler
                0x1000005c                Reserved89_IRQHandler
                0x1000005c                ERM_double_fault_IRQHandler
                0x1000005c                DMA2_IRQHandler
                0x1000005c                Reserved59_IRQHandler
                0x1000005c                LPIT0_Ch0_IRQHandler
                0x1000005c                Reserved99_IRQHandler
                0x1000005c                FTM3_Ch6_Ch7_IRQHandler
                0x1000005c                CAN2_ORed_0_15_MB_IRQHandler
                0x1000005c                LPIT0_Ch3_IRQHandler
                0x1000005c                Reserved92_IRQHandler
                0x1000005c                FTM0_Ch4_Ch5_IRQHandler
                0x1000005c                CAN1_Error_IRQHandler
                0x1000005c                FTM3_Ch0_Ch1_IRQHandler
                0x1000005c                SWI_IRQHandler
                0x1000005c                ADC0_IRQHandler
                0x1000005c                FTM2_Ch4_Ch5_IRQHandler
                0x1000005c                UsageFault_Handler
                0x1000005c                FTM0_Ovf_Reload_IRQHandler
                0x1000005c                DefaultISR
                0x1000005c                DMA9_IRQHandler
                0x1000005c                Reserved58_IRQHandler
                0x1000005c                CAN1_ORed_0_15_MB_IRQHandler
                0x1000005c                FTM1_Ch2_Ch3_IRQHandler
                0x1000005c                DMA14_IRQHandler
                0x1000005c                Reserved82_IRQHandler
                0x1000005c                CAN0_ORed_16_31_MB_IRQHandler
                0x1000005c                LPI2C0_Slave_IRQHandler
                0x1000005c                Reserved71_IRQHandler
                0x1000005c                PORTD_IRQHandler
                0x1000005c                Reserved69_IRQHandler
                0x1000005c                PORTB_IRQHandler
                0x1000005c                Reserved70_IRQHandler
                0x1000005c                ADC1_IRQHandler
                0x1000005c                FTM2_Ch2_Ch3_IRQHandler
                0x1000005c                Reserved53_IRQHandler
                0x1000005c                DMA5_IRQHandler
                0x1000005c                RTC_IRQHandler
                0x1000005c                PDB0_IRQHandler
                0x1000005c                Reserved54_IRQHandler
                0x1000005c                FTM2_Ch6_Ch7_IRQHandler
                0x1000005c                FTM3_Ch2_Ch3_IRQHandler
                0x1000005c                FTM2_Ch0_Ch1_IRQHandler
                0x1000005c                LPSPI1_IRQHandler
                0x1000005c                LPUART1_RxTx_IRQHandler
                0x1000005c                RTC_Seconds_IRQHandler
                0x1000005c                CAN2_ORed_IRQHandler
                0x1000005c                Reserved72_IRQHandler
                0x1000005c                Reserved110_IRQHandler
                0x1000005c                DMA11_IRQHandler
                0x1000005c                Reserved107_IRQHandler
                0x1000005c                Read_Collision_IRQHandler
                0x1000005c                CAN2_Error_IRQHandler
                0x1000005c                FTFC_IRQHandler
                0x1000005c                DMA7_IRQHandler
                0x1000005c                FTM1_Ch6_Ch7_IRQHandler
                0x1000005c                Reserved105_IRQHandler
                0x1000005c                LPIT0_Ch1_IRQHandler
                0x1000005c                FTM1_Ch4_Ch5_IRQHandler
                0x1000005c                FTM3_Ovf_Reload_IRQHandler
                0x1000005c                LPUART2_RxTx_IRQHandler
                0x1000005c                LPSPI0_IRQHandler
                0x1000005c                WDOG_EWM_IRQHandler
                0x1000005c                MemManage_Handler
                0x1000005c                Reserved90_IRQHandler
                0x1000005c                Reserved83_IRQHandler
                0x1000005c                FTM0_Fault_IRQHandler
                0x1000005c                Reserved48_IRQHandler
                0x1000005c                SVC_Handler
                0x1000005c                ERM_single_fault_IRQHandler
                0x1000005c                FTM2_Fault_IRQHandler
                0x1000005c                FTM0_Ch2_Ch3_IRQHandler
                0x1000005c                DMA13_IRQHandler
                0x1000005c                FTM0_Ch0_Ch1_IRQHandler
                0x1000005c                FTM3_Fault_IRQHandler
                0x1000005c                RCM_IRQHandler
                0x1000005c                DMA3_IRQHandler
                0x1000005c                Reserved100_IRQHandler
                0x1000005c                DMA0_IRQHandler
                0x1000005c                Reserved91_IRQHandler
                0x1000005c                CAN1_ORed_IRQHandler
                0x1000005c                DMA15_IRQHandler
                0x1000005c                SCG_IRQHandler
                0x1000005c                PDB1_IRQHandler
                0x1000005c                Reserved81_IRQHandler
                0x1000005c                Reserved46_IRQHandler
                0x1000005c                Reserved45_IRQHandler
                0x1000005c                CAN0_Error_IRQHandler
                0x1000005c                Reserved112_IRQHandler
                0x1000005c                LPI2C0_Master_IRQHandler
                0x1000005c                DMA4_IRQHandler
                0x1000005c                FTM1_Fault_IRQHandler
                0x1000005c                Reserved106_IRQHandler
                0x1000005c                DMA_Error_IRQHandler
                0x1000005c                LVD_LVW_IRQHandler
                0x1000005c                LPIT0_Ch2_IRQHandler
                0x1000005c                PORTA_IRQHandler
                0x1000005c                MCM_IRQHandler
                0x1000005c                LPSPI2_IRQHandler
                0x1000005c                DMA12_IRQHandler
                0x1000005c                FTM3_Ch4_Ch5_IRQHandler
                0x1000005c                CAN0_ORed_0_15_MB_IRQHandler
                0x1000005c                PORTE_IRQHandler
                0x1000005c                LPUART0_RxTx_IRQHandler
                0x1000005c                LPTMR0_IRQHandler
                0x1000005c                BusFault_Handler
                0x1000005c                Reserved87_IRQHandler
                0x1000005c                FTM1_Ovf_Reload_IRQHandler
                0x1000005c                DMA8_IRQHandler
                0x1000005c                Reserved93_IRQHandler
                0x1000005c                DMA10_IRQHandler
                0x1000005c                CAN0_Wake_Up_IRQHandler
                0x1000005c                CMP0_IRQHandler
                0x1000005c                Reserved52_IRQHandler
                0x1000005c                PORTC_IRQHandler
                0x1000005c                DMA6_IRQHandler
                0x1000005c                FTM1_Ch0_Ch1_IRQHandler
                0x1000005c                FLEXIO_IRQHandler
                0x1000005c                DMA1_IRQHandler
                0x1000005c                Reserved113_IRQHandler
 *(.text*)
 .text.__thumb_startup
                0x10000060       0x3c C:/NXP/S32DS_ARM_v2018.R1/S32DS/arm_ewl2/lib/armv7e-m/__arm_start.o
                0x10000060                __thumb_startup
 .text.main     0x1000009c       0x78 ./src/main.o
                0x1000009c                main
 .text.JumpToUserApplication
                0x10000114       0x34 ./src/main.o
 .text.UART_IsTxComplete
                0x10000148       0x20 ./src/drivers/uart.o
                0x10000148                UART_IsTxComplete
 .text.UART_IsRxBuffFull
                0x10000168       0x20 ./src/drivers/uart.o
                0x10000168                UART_IsRxBuffFull
 .text.UART_Init
                0x10000188       0xc4 ./src/drivers/uart.o
                0x10000188                UART_Init
 .text.UART_Reset
                0x1000024c       0x54 ./src/drivers/uart.o
                0x1000024c                UART_Reset
 .text.UART_GetChar
                0x100002a0       0x2c ./src/drivers/uart.o
                0x100002a0                UART_GetChar
 .text.UART_PutChar
                0x100002cc       0x2c ./src/drivers/uart.o
                0x100002cc                UART_PutChar
 .text.UART_WaitTxComplete
                0x100002f8       0x1c ./src/drivers/uart.o
                0x100002f8                UART_WaitTxComplete
 .text.init_timeout
                0x10000314        0xc ./src/drivers/timeout.o
                0x10000314                init_timeout
 .text.timeout  0x10000320       0x40 ./src/drivers/timeout.o
                0x10000320                timeout
 .text.disable_timeout
                0x10000360        0xc ./src/drivers/timeout.o
                0x10000360                disable_timeout
 .text.init_pit
                0x1000036c       0x3c ./src/drivers/pit.o
                0x1000036c                init_pit
 .text.disable_pit
                0x100003a8       0x3c ./src/drivers/pit.o
                0x100003a8                disable_pit
 .text.is_pit_triggered
                0x100003e4       0x38 ./src/drivers/pit.o
                0x100003e4                is_pit_triggered
 .text.UART_pin_settings
                0x1000041c       0x3c ./src/drivers/pin_config.o
                0x1000041c                UART_pin_settings
 .text.UART_pin_settings_reset
                0x10000458       0x3c ./src/drivers/pin_config.o
                0x10000458                UART_pin_settings_reset
 .text.mem_man_write
                0x10000494      0x16c ./src/drivers/mem_man.o
                0x10000494                mem_man_write
 .text.mem_man_disable
                0x10000600        0xc ./src/drivers/mem_man.o
                0x10000600                mem_man_disable
 .text.FlashGetDEPartitionCode
                0x1000060c      0x110 ./src/drivers/fsl_flash_driver_c90tfs.o
 .text.FlashInit
                0x1000071c       0x74 ./src/drivers/fsl_flash_driver_c90tfs.o
                0x1000071c                FlashInit
 .text.FlashEraseSector
                0x10000790       0xf0 ./src/drivers/fsl_flash_driver_c90tfs.o
                0x10000790                FlashEraseSector
 .text.FlashProgram
                0x10000880      0x104 ./src/drivers/fsl_flash_driver_c90tfs.o
                0x10000880                FlashProgram
 .text.init_comm
                0x10000984       0x20 ./src/drivers/comm.o
                0x10000984                init_comm
 .text.disable_comm
                0x100009a4       0x18 ./src/drivers/comm.o
                0x100009a4                disable_comm
 .text.comm_status_rx
                0x100009bc       0x38 ./src/drivers/comm.o
                0x100009bc                comm_status_rx
 .text.comm_download_app
                0x100009f4      0x1fc ./src/drivers/comm.o
                0x100009f4                comm_download_app
 .text.comm_get_phrase
                0x10000bf0       0x24 ./src/drivers/comm.o
                0x10000bf0                comm_get_phrase
 .text.comm_verify_phrase
                0x10000c14      0x174 ./src/drivers/comm.o
 .text.comm_send_acknowledge
                0x10000d88       0x24 ./src/drivers/comm.o
 .text.comm_signal_CRC
                0x10000dac       0x24 ./src/drivers/comm.o
 .text.comm_clear_bf
                0x10000dd0       0x20 ./src/drivers/comm.o
 .text.UART_get_phrase
                0x10000df0      0x178 ./src/drivers/comm.o
 .text.clock_initi
                0x10000f68       0x20 ./src/drivers/clock.o
                0x10000f68                clock_initi
 .text.reset_clock
                0x10000f88       0x1c ./src/drivers/clock.o
                0x10000f88                reset_clock
 .text.SystemInit
                0x10000fa4       0x30 ./Project_Settings/Startup_Code/system_S32K144.o
                0x10000fa4                SystemInit
 .text.init_data_bss
                0x10000fd4      0x128 ./Project_Settings/Startup_Code/startup.o
                0x10000fd4                init_data_bss
 .text.exit     0x100010fc       0x38 C:/NXP/S32DS_ARM_v2018.R1/S32DS/arm_ewl2/lib/armv7e-m\libc99.a(exit.o)
                0x100010fc                exit
 .text.memset   0x10001134        0xc C:/NXP/S32DS_ARM_v2018.R1/S32DS/arm_ewl2/lib/armv7e-m\libc99.a(memset.o)
                0x10001134                memset
 .text.__fill_mem
                0x10001140       0x7a C:/NXP/S32DS_ARM_v2018.R1/S32DS/arm_ewl2/lib/armv7e-m\libc99.a(__filll_mem.o)
                0x10001140                __fill_mem
 *fill*         0x100011ba        0x2 
 .text.__init_cpp
                0x100011bc       0x4c C:/NXP/S32DS_ARM_v2018.R1/S32DS/arm_ewl2/lib/armv7e-m\librt.a(gcc_ctor_dtor.o)
                0x100011bc                __init_cpp
 .text.__fini_cpp
                0x10001208       0x34 C:/NXP/S32DS_ARM_v2018.R1/S32DS/arm_ewl2/lib/armv7e-m\librt.a(gcc_ctor_dtor.o)
                0x10001208                __fini_cpp
 .text._ExitProcess
                0x1000123c        0x2 C:/NXP/S32DS_ARM_v2018.R1/S32DS/arm_ewl2/lib/armv7e-m\librt.a(gcc_ctor_dtor.o)
                0x1000123c                _ExitProcess
 *fill*         0x1000123e        0x2 
 .text.__destroy_global_chain
                0x10001240       0x18 C:/NXP/S32DS_ARM_v2018.R1/S32DS/arm_ewl2/lib/armv7e-m\librt.a(__arm_eabi_init.o)
                0x10001240                __destroy_global_chain
 .text.__init_registers
                0x10001258       0x20 C:/NXP/S32DS_ARM_v2018.R1/S32DS/arm_ewl2/lib/armv7e-m\librt.a(__arm_eabi_init.o)
                0x10001258                __init_registers
 .text.__init_hardware
                0x10001278        0x4 C:/NXP/S32DS_ARM_v2018.R1/S32DS/arm_ewl2/lib/armv7e-m\librt.a(__arm_eabi_init.o)
                0x10001278                __init_hardware
 .text.__init_user
                0x1000127c        0x4 C:/NXP/S32DS_ARM_v2018.R1/S32DS/arm_ewl2/lib/armv7e-m\librt.a(__arm_eabi_init.o)
                0x1000127c                __init_user
 .text.__copy_rom_section
                0x10001280       0x42 C:/NXP/S32DS_ARM_v2018.R1/S32DS/arm_ewl2/lib/armv7e-m\librt.a(ROMCopy.o)
                0x10001280                __copy_rom_section
 *fill*         0x100012c2        0x2 
 .text.__copy_rom_sections_to_ram
                0x100012c4       0x28 C:/NXP/S32DS_ARM_v2018.R1/S32DS/arm_ewl2/lib/armv7e-m\librt.a(ROMCopy.o)
                0x100012c4                __copy_rom_sections_to_ram
 *(.rodata)
 *(.rodata*)
 .rodata.Flash_InitConfig0
                0x100012ec       0x14 ./src/drivers/mem_man.o
                0x100012ec                Flash_InitConfig0
 *(.glue_7)
 .glue_7        0x00000000        0x0 linker stubs
 *(.glue_7t)
 .glue_7t       0x00000000        0x0 linker stubs
 *(.eh_frame)
 *(.init)
 *(.fini)
                0x10001300                . = ALIGN (0x4)

.vfp11_veneer   0x10001300        0x0
 .vfp11_veneer  0x00000000        0x0 linker stubs

.v4_bx          0x10001300        0x0
 .v4_bx         0x00000000        0x0 linker stubs

.iplt           0x10001300        0x0
 .iplt          0x00000000        0x0 C:/NXP/S32DS_ARM_v2018.R1/S32DS/arm_ewl2/lib/armv7e-m/__arm_start.o

.ARM.extab
 *(.ARM.extab* .gnu.linkonce.armextab.*)

.ARM            0x10001300        0x0
                0x10001300                __exidx_start = .
 *(.ARM.exidx*)
                0x10001300                __exidx_end = .

.ctors          0x10001300        0x0
                0x10001300                __CTOR_LIST__ = .
 *crtbegin.o(.ctors)
 *crtbegin?.o(.ctors)
 *(EXCLUDE_FILE(*crtend.o *crtend?.o) .ctors)
 *(SORT(.ctors.*))
 *(.ctors)
                0x10001300                __CTOR_END__ = .

.dtors          0x10001300        0x0
                0x10001300                __DTOR_LIST__ = .
 *crtbegin.o(.dtors)
 *crtbegin?.o(.dtors)
 *(EXCLUDE_FILE(*crtend.o *crtend?.o) .dtors)
 *(SORT(.dtors.*))
 *(.dtors)
                0x10001300                __DTOR_END__ = .

.preinit_array  0x10001300        0x0
                0x10001300                PROVIDE (__preinit_array_start, .)
 *(.preinit_array*)
                0x10001300                PROVIDE (__preinit_array_end, .)

.init_array     0x10001300        0x0
                0x10001300                PROVIDE (__init_array_start, .)
 *(SORT(.init_array.*))
 *(.init_array*)
                0x10001300                PROVIDE (__init_array_end, .)

.fini_array     0x10001300        0x0
                0x10001300                PROVIDE (__fini_array_start, .)
 *(SORT(.fini_array.*))
 *(.fini_array*)
                0x10001300                PROVIDE (__fini_array_end, .)
                0x10001300                __etext = .
                0x10001300                __DATA_ROM = .

.interrupts_ram
                0x1fff8000      0x400
                0x1fff8000                . = ALIGN (0x4)
                0x1fff8000                __VECTOR_RAM__ = .
                0x1fff8000                __RAM_START = .
                0x1fff8000                __interrupts_ram_start__ = .
 *(.m_interrupts_ram)
                0x1fff8400                . = (. + M_VECTOR_RAM_SIZE)
 *fill*         0x1fff8000      0x400 
                0x1fff8400                . = ALIGN (0x4)
                0x1fff8400                __interrupts_ram_end__ = .
                0x1fff8000                __VECTOR_RAM = DEFINED (__flash_vector_table__)?ORIGIN (m_interrupts):__VECTOR_RAM__
                0x00000400                __RAM_VECTOR_TABLE_SIZE = DEFINED (__flash_vector_table__)?0x0:(__interrupts_ram_end__ - __interrupts_ram_start__)

.data           0x1fff8400        0x0 load address 0x10001300
                0x1fff8400                . = ALIGN (0x4)
                0x1fff8400                __DATA_RAM = .
                0x1fff8400                __data_start__ = .
 *(.data)
 *(.data*)
 *(.jcr*)
                0x1fff8400                . = ALIGN (0x4)
                0x1fff8400                __data_end__ = .
                0x10001300                __DATA_END = (__DATA_ROM + (__data_end__ - __data_start__))
                0x10001300                __CODE_ROM = __DATA_END

.igot.plt       0x1fff8400        0x0
 .igot.plt      0x00000000        0x0 C:/NXP/S32DS_ARM_v2018.R1/S32DS/arm_ewl2/lib/armv7e-m/__arm_start.o

.code           0x1fff8400       0x54 load address 0x10001300
                0x1fff8400                . = ALIGN (0x4)
                0x1fff8400                __CODE_RAM = .
                0x1fff8400                __code_start__ = .
                0x1fff8400                __code_ram_start__ = .
 *(.code_ram)
 .code_ram      0x1fff8400       0x54 ./src/drivers/fsl_flash_driver_c90tfs.o
                0x1fff8400                FlashCommandSequence
                0x1fff8454                . = ALIGN (0x4)
                0x1fff8454                __code_end__ = .
                0x1fff8454                __code_ram_end__ = .
                0x10001354                __CODE_END = (__CODE_ROM + (__code_end__ - __code_start__))
                0x10001354                __CUSTOM_ROM = __CODE_END

.rel.dyn        0x1fff8454        0x0 load address 0x10001354
 .rel.iplt      0x00000000        0x0 C:/NXP/S32DS_ARM_v2018.R1/S32DS/arm_ewl2/lib/armv7e-m/__arm_start.o

.customSectionBlock
                0x20000000        0x0 load address 0x10001354
                0x20000000                __customSection_start__ = .
 *(.customSection)
                0x20000000                __customSection_end__ = .
                0x10001354                __CUSTOM_END = (__CUSTOM_ROM + (__customSection_end__ - __customSection_start__))

.bss            0x20000000      0x458
                0x20000000                . = ALIGN (0x4)
                0x20000000                __BSS_START = .
                0x20000000                __bss_start__ = .
 *(.bss)
 *(.bss*)
 .bss.argv      0x20000000        0x4 C:/NXP/S32DS_ARM_v2018.R1/S32DS/arm_ewl2/lib/armv7e-m/__arm_start.o
 .bss.boot_from_comm
                0x20000004        0x1 ./src/main.o
                0x20000004                boot_from_comm
 *fill*         0x20000005        0x3 
 .bss.timeout.4788
                0x20000008        0x4 ./src/drivers/timeout.o
 .bss.is_mem_init
                0x2000000c        0x1 ./src/drivers/mem_man.o
                0x2000000c                is_mem_init
 *fill*         0x2000000d        0x3 
 .bss.flash_last_erased_sec
                0x20000010        0x4 ./src/drivers/mem_man.o
                0x20000010                flash_last_erased_sec
 .bss.selected_comm
                0x20000014        0x1 ./src/drivers/comm.o
                0x20000014                selected_comm
 *fill*         0x20000015        0x3 
 .bss.start_address
                0x20000018        0x4 ./src/drivers/comm.o
                0x20000018                start_address
 .bss.__stdio_exit
                0x2000001c        0x4 C:/NXP/S32DS_ARM_v2018.R1/S32DS/arm_ewl2/lib/armv7e-m\libc99.a(exit.o)
                0x2000001c                __stdio_exit
 .bss.__console_exit
                0x20000020        0x4 C:/NXP/S32DS_ARM_v2018.R1/S32DS/arm_ewl2/lib/armv7e-m\libc99.a(exit.o)
                0x20000020                __console_exit
 .bss.__global_destructor_chain
                0x20000024        0x4 C:/NXP/S32DS_ARM_v2018.R1/S32DS/arm_ewl2/lib/armv7e-m\librt.a(__arm_eabi_init.o)
                0x20000024                __global_destructor_chain
 *(COMMON)
 COMMON         0x20000028      0x430 ./src/drivers/mem_man.o
                0x20000028                flashSSDConfig
                0x20000044                callback_in_ram
                0x20000244                flashUserConfig
                0x20000258                cmd_sequence_in_ram
                0x20000458                . = ALIGN (0x4)
                0x20000458                __bss_end__ = .
                0x20000458                __BSS_END = .

.heap           0x20000458      0x400
                0x20000458                . = ALIGN (0x8)
                0x20000458                __end__ = .
                0x20000458                __heap_start__ = .
                0x20000458                PROVIDE (end, .)
                0x20000458                PROVIDE (_end, .)
                0x20000458                PROVIDE (__end, .)
                0x20000458                __HeapBase = .
                0x20000858                . = (. + HEAP_SIZE)
 *fill*         0x20000458      0x400 
                0x20000858                __HeapLimit = .
                0x20000858                __heap_limit = .
                0x20000858                __heap_end__ = .
                0x20007000                __StackTop = (ORIGIN (m_data_2) + 0x7000)
                0x20006c00                __StackLimit = (__StackTop - STACK_SIZE)
                0x20007000                PROVIDE (__stack, __StackTop)
                0x20007000                __RAM_END = __StackTop

.stack          0x20006c00      0x400
                0x20006c00                . = ALIGN (0x8)
                0x20006c00                __stack_start__ = .
                0x20007000                . = (. + STACK_SIZE)
 *fill*         0x20006c00      0x400 
                0x20007000                __stack_end__ = .
                0x20000000                __START_BSS = __BSS_START
                0x20000458                __END_BSS = __BSS_END
                0x20007000                __SP_INIT = __StackTop

.ARM.attributes
                0x00000000       0x31
 *(.ARM.attributes)
 .ARM.attributes
                0x00000000       0x33 C:/NXP/S32DS_ARM_v2018.R1/S32DS/arm_ewl2/lib/armv7e-m/__arm_start.o
 .ARM.attributes
                0x00000033       0x33 ./src/main.o
 .ARM.attributes
                0x00000066       0x33 ./src/drivers/uart.o
 .ARM.attributes
                0x00000099       0x33 ./src/drivers/timeout.o
 .ARM.attributes
                0x000000cc       0x33 ./src/drivers/pit.o
 .ARM.attributes
                0x000000ff       0x33 ./src/drivers/pin_config.o
 .ARM.attributes
                0x00000132       0x33 ./src/drivers/mem_man.o
 .ARM.attributes
                0x00000165       0x33 ./src/drivers/fsl_flash_driver_c90tfs.o
 .ARM.attributes
                0x00000198       0x33 ./src/drivers/comm.o
 .ARM.attributes
                0x000001cb       0x33 ./src/drivers/clock.o
 .ARM.attributes
                0x000001fe       0x33 ./Project_Settings/Startup_Code/system_S32K144.o
 .ARM.attributes
                0x00000231       0x1b ./Project_Settings/Startup_Code/startup_S32K144.o
 .ARM.attributes
                0x0000024c       0x33 ./Project_Settings/Startup_Code/startup.o
 .ARM.attributes
                0x0000027f       0x33 C:/NXP/S32DS_ARM_v2018.R1/S32DS/arm_ewl2/lib/armv7e-m\libc99.a(exit.o)
 .ARM.attributes
                0x000002b2       0x33 C:/NXP/S32DS_ARM_v2018.R1/S32DS/arm_ewl2/lib/armv7e-m\libc99.a(memset.o)
 .ARM.attributes
                0x000002e5       0x33 C:/NXP/S32DS_ARM_v2018.R1/S32DS/arm_ewl2/lib/armv7e-m\libc99.a(__filll_mem.o)
 .ARM.attributes
                0x00000318       0x33 C:/NXP/S32DS_ARM_v2018.R1/S32DS/arm_ewl2/lib/armv7e-m\librt.a(gcc_ctor_dtor.o)
 .ARM.attributes
                0x0000034b       0x33 C:/NXP/S32DS_ARM_v2018.R1/S32DS/arm_ewl2/lib/armv7e-m\librt.a(__arm_eabi_init.o)
 .ARM.attributes
                0x0000037e       0x33 C:/NXP/S32DS_ARM_v2018.R1/S32DS/arm_ewl2/lib/armv7e-m\librt.a(ROMCopy.o)
                0x00000001                ASSERT ((__StackLimit >= __HeapLimit), region m_data_2 overflowed with stack and heap)
OUTPUT(Bootloader_b11.elf elf32-littlearm)

.debug_info     0x00000000     0x3b69
 .debug_info    0x00000000      0x144 C:/NXP/S32DS_ARM_v2018.R1/S32DS/arm_ewl2/lib/armv7e-m/__arm_start.o
 .debug_info    0x00000144      0x2f7 ./src/main.o
 .debug_info    0x0000043b      0x413 ./src/drivers/uart.o
 .debug_info    0x0000084e       0xef ./src/drivers/timeout.o
 .debug_info    0x0000093d      0x206 ./src/drivers/pit.o
 .debug_info    0x00000b43      0x1c7 ./src/drivers/pin_config.o
 .debug_info    0x00000d0a      0x422 ./src/drivers/mem_man.o
 .debug_info    0x0000112c      0xff2 ./src/drivers/fsl_flash_driver_c90tfs.o
 .debug_info    0x0000211e      0x48b ./src/drivers/comm.o
 .debug_info    0x000025a9      0x25f ./src/drivers/clock.o
 .debug_info    0x00002808      0x500 ./Project_Settings/Startup_Code/system_S32K144.o
 .debug_info    0x00002d08       0x9c ./Project_Settings/Startup_Code/startup_S32K144.o
 .debug_info    0x00002da4      0x486 ./Project_Settings/Startup_Code/startup.o
 .debug_info    0x0000322a      0x111 C:/NXP/S32DS_ARM_v2018.R1/S32DS/arm_ewl2/lib/armv7e-m\libc99.a(exit.o)
 .debug_info    0x0000333b       0xec C:/NXP/S32DS_ARM_v2018.R1/S32DS/arm_ewl2/lib/armv7e-m\libc99.a(memset.o)
 .debug_info    0x00003427      0x137 C:/NXP/S32DS_ARM_v2018.R1/S32DS/arm_ewl2/lib/armv7e-m\libc99.a(__filll_mem.o)
 .debug_info    0x0000355e      0x14a C:/NXP/S32DS_ARM_v2018.R1/S32DS/arm_ewl2/lib/armv7e-m\librt.a(gcc_ctor_dtor.o)
 .debug_info    0x000036a8      0x2b3 C:/NXP/S32DS_ARM_v2018.R1/S32DS/arm_ewl2/lib/armv7e-m\librt.a(__arm_eabi_init.o)
 .debug_info    0x0000395b      0x20e C:/NXP/S32DS_ARM_v2018.R1/S32DS/arm_ewl2/lib/armv7e-m\librt.a(ROMCopy.o)

.debug_abbrev   0x00000000     0x1306
 .debug_abbrev  0x00000000       0xc0 C:/NXP/S32DS_ARM_v2018.R1/S32DS/arm_ewl2/lib/armv7e-m/__arm_start.o
 .debug_abbrev  0x000000c0      0x126 ./src/main.o
 .debug_abbrev  0x000001e6      0x175 ./src/drivers/uart.o
 .debug_abbrev  0x0000035b       0x7d ./src/drivers/timeout.o
 .debug_abbrev  0x000003d8       0xe0 ./src/drivers/pit.o
 .debug_abbrev  0x000004b8       0xb0 ./src/drivers/pin_config.o
 .debug_abbrev  0x00000568      0x188 ./src/drivers/mem_man.o
 .debug_abbrev  0x000006f0      0x201 ./src/drivers/fsl_flash_driver_c90tfs.o
 .debug_abbrev  0x000008f1      0x21b ./src/drivers/comm.o
 .debug_abbrev  0x00000b0c       0xc2 ./src/drivers/clock.o
 .debug_abbrev  0x00000bce      0x118 ./Project_Settings/Startup_Code/system_S32K144.o
 .debug_abbrev  0x00000ce6       0x14 ./Project_Settings/Startup_Code/startup_S32K144.o
 .debug_abbrev  0x00000cfa      0x101 ./Project_Settings/Startup_Code/startup.o
 .debug_abbrev  0x00000dfb       0x91 C:/NXP/S32DS_ARM_v2018.R1/S32DS/arm_ewl2/lib/armv7e-m\libc99.a(exit.o)
 .debug_abbrev  0x00000e8c       0x62 C:/NXP/S32DS_ARM_v2018.R1/S32DS/arm_ewl2/lib/armv7e-m\libc99.a(memset.o)
 .debug_abbrev  0x00000eee       0x78 C:/NXP/S32DS_ARM_v2018.R1/S32DS/arm_ewl2/lib/armv7e-m\libc99.a(__filll_mem.o)
 .debug_abbrev  0x00000f66       0xae C:/NXP/S32DS_ARM_v2018.R1/S32DS/arm_ewl2/lib/armv7e-m\librt.a(gcc_ctor_dtor.o)
 .debug_abbrev  0x00001014      0x1d3 C:/NXP/S32DS_ARM_v2018.R1/S32DS/arm_ewl2/lib/armv7e-m\librt.a(__arm_eabi_init.o)
 .debug_abbrev  0x000011e7      0x11f C:/NXP/S32DS_ARM_v2018.R1/S32DS/arm_ewl2/lib/armv7e-m\librt.a(ROMCopy.o)

.debug_aranges  0x00000000      0x488
 .debug_aranges
                0x00000000       0x28 C:/NXP/S32DS_ARM_v2018.R1/S32DS/arm_ewl2/lib/armv7e-m/__arm_start.o
 .debug_aranges
                0x00000028       0x28 ./src/main.o
 .debug_aranges
                0x00000050       0x78 ./src/drivers/uart.o
 .debug_aranges
                0x000000c8       0x30 ./src/drivers/timeout.o
 .debug_aranges
                0x000000f8       0x30 ./src/drivers/pit.o
 .debug_aranges
                0x00000128       0x28 ./src/drivers/pin_config.o
 .debug_aranges
                0x00000150       0x28 ./src/drivers/mem_man.o
 .debug_aranges
                0x00000178       0xf0 ./src/drivers/fsl_flash_driver_c90tfs.o
 .debug_aranges
                0x00000268       0x68 ./src/drivers/comm.o
 .debug_aranges
                0x000002d0       0x28 ./src/drivers/clock.o
 .debug_aranges
                0x000002f8       0x30 ./Project_Settings/Startup_Code/system_S32K144.o
 .debug_aranges
                0x00000328       0x20 ./Project_Settings/Startup_Code/startup_S32K144.o
 .debug_aranges
                0x00000348       0x20 ./Project_Settings/Startup_Code/startup.o
 .debug_aranges
                0x00000368       0x28 C:/NXP/S32DS_ARM_v2018.R1/S32DS/arm_ewl2/lib/armv7e-m\libc99.a(exit.o)
 .debug_aranges
                0x00000390       0x20 C:/NXP/S32DS_ARM_v2018.R1/S32DS/arm_ewl2/lib/armv7e-m\libc99.a(memset.o)
 .debug_aranges
                0x000003b0       0x20 C:/NXP/S32DS_ARM_v2018.R1/S32DS/arm_ewl2/lib/armv7e-m\libc99.a(__filll_mem.o)
 .debug_aranges
                0x000003d0       0x30 C:/NXP/S32DS_ARM_v2018.R1/S32DS/arm_ewl2/lib/armv7e-m\librt.a(gcc_ctor_dtor.o)
 .debug_aranges
                0x00000400       0x58 C:/NXP/S32DS_ARM_v2018.R1/S32DS/arm_ewl2/lib/armv7e-m\librt.a(__arm_eabi_init.o)
 .debug_aranges
                0x00000458       0x30 C:/NXP/S32DS_ARM_v2018.R1/S32DS/arm_ewl2/lib/armv7e-m\librt.a(ROMCopy.o)

.debug_line     0x00000000     0x2941
 .debug_line    0x00000000       0x68 C:/NXP/S32DS_ARM_v2018.R1/S32DS/arm_ewl2/lib/armv7e-m/__arm_start.o
 .debug_line    0x00000068      0x358 ./src/main.o
 .debug_line    0x000003c0      0x348 ./src/drivers/uart.o
 .debug_line    0x00000708      0x25f ./src/drivers/timeout.o
 .debug_line    0x00000967      0x251 ./src/drivers/pit.o
 .debug_line    0x00000bb8      0x23d ./src/drivers/pin_config.o
 .debug_line    0x00000df5      0x30f ./src/drivers/mem_man.o
 .debug_line    0x00001104      0x79d ./src/drivers/fsl_flash_driver_c90tfs.o
 .debug_line    0x000018a1      0x4c0 ./src/drivers/comm.o
 .debug_line    0x00001d61      0x23b ./src/drivers/clock.o
 .debug_line    0x00001f9c      0x297 ./Project_Settings/Startup_Code/system_S32K144.o
 .debug_line    0x00002233       0x94 ./Project_Settings/Startup_Code/startup_S32K144.o
 .debug_line    0x000022c7      0x27c ./Project_Settings/Startup_Code/startup.o
 .debug_line    0x00002543       0xa4 C:/NXP/S32DS_ARM_v2018.R1/S32DS/arm_ewl2/lib/armv7e-m\libc99.a(exit.o)
 .debug_line    0x000025e7       0x8f C:/NXP/S32DS_ARM_v2018.R1/S32DS/arm_ewl2/lib/armv7e-m\libc99.a(memset.o)
 .debug_line    0x00002676       0xb2 C:/NXP/S32DS_ARM_v2018.R1/S32DS/arm_ewl2/lib/armv7e-m\libc99.a(__filll_mem.o)
 .debug_line    0x00002728       0x74 C:/NXP/S32DS_ARM_v2018.R1/S32DS/arm_ewl2/lib/armv7e-m\librt.a(gcc_ctor_dtor.o)
 .debug_line    0x0000279c      0x107 C:/NXP/S32DS_ARM_v2018.R1/S32DS/arm_ewl2/lib/armv7e-m\librt.a(__arm_eabi_init.o)
 .debug_line    0x000028a3       0x9e C:/NXP/S32DS_ARM_v2018.R1/S32DS/arm_ewl2/lib/armv7e-m\librt.a(ROMCopy.o)

.debug_str      0x00000000    0x6c8b3
 .debug_str     0x00000000      0x1e7 C:/NXP/S32DS_ARM_v2018.R1/S32DS/arm_ewl2/lib/armv7e-m/__arm_start.o
                                0x270 (size before relaxing)
 .debug_str     0x000001e7    0x6b1d1 ./src/main.o
                              0x6b2e3 (size before relaxing)
 .debug_str     0x0006b3b8      0x183 ./src/drivers/uart.o
                              0x63920 (size before relaxing)
 .debug_str     0x0006b53b       0x3f ./src/drivers/timeout.o
                              0x638da (size before relaxing)
 .debug_str     0x0006b57a       0x68 ./src/drivers/pit.o
                              0x638f2 (size before relaxing)
 .debug_str     0x0006b5e2       0x7c ./src/drivers/pin_config.o
                              0x63838 (size before relaxing)
 .debug_str     0x0006b65e      0x2c8 ./src/drivers/mem_man.o
                              0x6b2af (size before relaxing)
 .debug_str     0x0006b926      0x4f4 ./src/drivers/fsl_flash_driver_c90tfs.o
                              0x6b5da (size before relaxing)
 .debug_str     0x0006be1a      0x124 ./src/drivers/comm.o
                              0x6b289 (size before relaxing)
 .debug_str     0x0006bf3e       0xb2 ./src/drivers/clock.o
                              0x63947 (size before relaxing)
 .debug_str     0x0006bff0       0xc8 ./Project_Settings/Startup_Code/system_S32K144.o
                              0x693af (size before relaxing)
 .debug_str     0x0006c0b8      0x370 ./Project_Settings/Startup_Code/startup.o
                              0x6953e (size before relaxing)
 .debug_str     0x0006c428      0x197 C:/NXP/S32DS_ARM_v2018.R1/S32DS/arm_ewl2/lib/armv7e-m\libc99.a(exit.o)
                                0x23c (size before relaxing)
 .debug_str     0x0006c5bf       0x1c C:/NXP/S32DS_ARM_v2018.R1/S32DS/arm_ewl2/lib/armv7e-m\libc99.a(memset.o)
                                0x21f (size before relaxing)
 .debug_str     0x0006c5db       0x2d C:/NXP/S32DS_ARM_v2018.R1/S32DS/arm_ewl2/lib/armv7e-m\libc99.a(__filll_mem.o)
                                0x231 (size before relaxing)
 .debug_str     0x0006c608      0x113 C:/NXP/S32DS_ARM_v2018.R1/S32DS/arm_ewl2/lib/armv7e-m\librt.a(gcc_ctor_dtor.o)
                                0x28e (size before relaxing)
 .debug_str     0x0006c71b      0x103 C:/NXP/S32DS_ARM_v2018.R1/S32DS/arm_ewl2/lib/armv7e-m\librt.a(__arm_eabi_init.o)
                                0x2b5 (size before relaxing)
 .debug_str     0x0006c81e       0x95 C:/NXP/S32DS_ARM_v2018.R1/S32DS/arm_ewl2/lib/armv7e-m\librt.a(ROMCopy.o)
                                0x233 (size before relaxing)

.comment        0x00000000       0x70
 .comment       0x00000000       0x70 C:/NXP/S32DS_ARM_v2018.R1/S32DS/arm_ewl2/lib/armv7e-m/__arm_start.o
                                 0x71 (size before relaxing)
 .comment       0x00000000       0x71 ./src/main.o
 .comment       0x00000000       0x71 ./src/drivers/uart.o
 .comment       0x00000000       0x71 ./src/drivers/timeout.o
 .comment       0x00000000       0x71 ./src/drivers/pit.o
 .comment       0x00000000       0x71 ./src/drivers/pin_config.o
 .comment       0x00000000       0x71 ./src/drivers/mem_man.o
 .comment       0x00000000       0x71 ./src/drivers/fsl_flash_driver_c90tfs.o
 .comment       0x00000000       0x71 ./src/drivers/comm.o
 .comment       0x00000000       0x71 ./src/drivers/clock.o
 .comment       0x00000000       0x71 ./Project_Settings/Startup_Code/system_S32K144.o
 .comment       0x00000000       0x71 ./Project_Settings/Startup_Code/startup.o
 .comment       0x00000000       0x71 C:/NXP/S32DS_ARM_v2018.R1/S32DS/arm_ewl2/lib/armv7e-m\libc99.a(exit.o)
 .comment       0x00000000       0x71 C:/NXP/S32DS_ARM_v2018.R1/S32DS/arm_ewl2/lib/armv7e-m\libc99.a(memset.o)
 .comment       0x00000000       0x71 C:/NXP/S32DS_ARM_v2018.R1/S32DS/arm_ewl2/lib/armv7e-m\libc99.a(__filll_mem.o)
 .comment       0x00000000       0x71 C:/NXP/S32DS_ARM_v2018.R1/S32DS/arm_ewl2/lib/armv7e-m\librt.a(gcc_ctor_dtor.o)
 .comment       0x00000000       0x71 C:/NXP/S32DS_ARM_v2018.R1/S32DS/arm_ewl2/lib/armv7e-m\librt.a(__arm_eabi_init.o)
 .comment       0x00000000       0x71 C:/NXP/S32DS_ARM_v2018.R1/S32DS/arm_ewl2/lib/armv7e-m\librt.a(ROMCopy.o)

.debug_frame    0x00000000      0xc30
 .debug_frame   0x00000000       0x30 C:/NXP/S32DS_ARM_v2018.R1/S32DS/arm_ewl2/lib/armv7e-m/__arm_start.o
 .debug_frame   0x00000030       0x58 ./src/main.o
 .debug_frame   0x00000088      0x1e4 ./src/drivers/uart.o
 .debug_frame   0x0000026c       0x6c ./src/drivers/timeout.o
 .debug_frame   0x000002d8       0x78 ./src/drivers/pit.o
 .debug_frame   0x00000350       0x50 ./src/drivers/pin_config.o
 .debug_frame   0x000003a0       0x58 ./src/drivers/mem_man.o
 .debug_frame   0x000003f8      0x404 ./src/drivers/fsl_flash_driver_c90tfs.o
 .debug_frame   0x000007fc      0x15c ./src/drivers/comm.o
 .debug_frame   0x00000958       0x50 ./src/drivers/clock.o
 .debug_frame   0x000009a8       0x80 ./Project_Settings/Startup_Code/system_S32K144.o
 .debug_frame   0x00000a28       0x38 ./Project_Settings/Startup_Code/startup.o
 .debug_frame   0x00000a60       0x3c C:/NXP/S32DS_ARM_v2018.R1/S32DS/arm_ewl2/lib/armv7e-m\libc99.a(exit.o)
 .debug_frame   0x00000a9c       0x28 C:/NXP/S32DS_ARM_v2018.R1/S32DS/arm_ewl2/lib/armv7e-m\libc99.a(memset.o)
 .debug_frame   0x00000ac4       0x28 C:/NXP/S32DS_ARM_v2018.R1/S32DS/arm_ewl2/lib/armv7e-m\libc99.a(__filll_mem.o)
 .debug_frame   0x00000aec       0x50 C:/NXP/S32DS_ARM_v2018.R1/S32DS/arm_ewl2/lib/armv7e-m\librt.a(gcc_ctor_dtor.o)
 .debug_frame   0x00000b3c       0xac C:/NXP/S32DS_ARM_v2018.R1/S32DS/arm_ewl2/lib/armv7e-m\librt.a(__arm_eabi_init.o)
 .debug_frame   0x00000be8       0x48 C:/NXP/S32DS_ARM_v2018.R1/S32DS/arm_ewl2/lib/armv7e-m\librt.a(ROMCopy.o)

.debug_ranges   0x00000000      0x270
 .debug_ranges  0x00000000       0x18 ./src/main.o
 .debug_ranges  0x00000018       0x68 ./src/drivers/uart.o
 .debug_ranges  0x00000080       0x20 ./src/drivers/timeout.o
 .debug_ranges  0x000000a0       0x20 ./src/drivers/pit.o
 .debug_ranges  0x000000c0       0x18 ./src/drivers/pin_config.o
 .debug_ranges  0x000000d8       0x18 ./src/drivers/mem_man.o
 .debug_ranges  0x000000f0       0xe0 ./src/drivers/fsl_flash_driver_c90tfs.o
 .debug_ranges  0x000001d0       0x58 ./src/drivers/comm.o
 .debug_ranges  0x00000228       0x18 ./src/drivers/clock.o
 .debug_ranges  0x00000240       0x20 ./Project_Settings/Startup_Code/system_S32K144.o
 .debug_ranges  0x00000260       0x10 ./Project_Settings/Startup_Code/startup.o

.debug_macro    0x00000000    0x20918
 .debug_macro   0x00000000      0x1ad ./src/main.o
 .debug_macro   0x000001ad      0x874 ./src/main.o
 .debug_macro   0x00000a21       0x52 ./src/main.o
 .debug_macro   0x00000a73       0xa0 ./src/main.o
 .debug_macro   0x00000b13       0x16 ./src/main.o
 .debug_macro   0x00000b29       0x64 ./src/main.o
 .debug_macro   0x00000b8d      0x185 ./src/main.o
 .debug_macro   0x00000d12      0x140 ./src/main.o
 .debug_macro   0x00000e52       0x9d ./src/main.o
 .debug_macro   0x00000eef       0x10 ./src/main.o
 .debug_macro   0x00000eff      0x15b ./src/main.o
 .debug_macro   0x0000105a       0x28 ./src/main.o
 .debug_macro   0x00001082       0x58 ./src/main.o
 .debug_macro   0x000010da       0x22 ./src/main.o
 .debug_macro   0x000010fc     0xed32 ./src/main.o
 .debug_macro   0x0000fe2e       0x1c ./src/main.o
 .debug_macro   0x0000fe4a       0x10 ./src/main.o
 .debug_macro   0x0000fe5a       0x16 ./src/main.o
 .debug_macro   0x0000fe70       0x22 ./src/main.o
 .debug_macro   0x0000fe92       0x16 ./src/main.o
 .debug_macro   0x0000fea8       0x16 ./src/main.o
 .debug_macro   0x0000febe       0x16 ./src/main.o
 .debug_macro   0x0000fed4       0x10 ./src/main.o
 .debug_macro   0x0000fee4       0x73 ./src/main.o
 .debug_macro   0x0000ff57      0xba2 ./src/main.o
 .debug_macro   0x00010af9       0x10 ./src/main.o
 .debug_macro   0x00010b09      0x50c ./src/main.o
 .debug_macro   0x00011015       0x10 ./src/main.o
 .debug_macro   0x00011025       0x16 ./src/main.o
 .debug_macro   0x0001103b       0xb6 ./src/drivers/uart.o
 .debug_macro   0x000110f1       0x19 ./src/drivers/uart.o
 .debug_macro   0x0001110a     0xed1d ./src/drivers/uart.o
 .debug_macro   0x0001fe27       0xce ./src/drivers/timeout.o
 .debug_macro   0x0001fef5       0xc9 ./src/drivers/pit.o
 .debug_macro   0x0001ffbe       0xb0 ./src/drivers/pin_config.o
 .debug_macro   0x0002006e      0x150 ./src/drivers/mem_man.o
 .debug_macro   0x000201be       0x1c ./src/drivers/mem_man.o
 .debug_macro   0x000201da      0x1af ./src/drivers/mem_man.o
 .debug_macro   0x00020389      0x121 ./src/drivers/fsl_flash_driver_c90tfs.o
 .debug_macro   0x000204aa      0x175 ./src/drivers/comm.o
 .debug_macro   0x0002061f       0xbf ./src/drivers/clock.o
 .debug_macro   0x000206de       0xe9 ./Project_Settings/Startup_Code/system_S32K144.o
 .debug_macro   0x000207c7       0x28 ./Project_Settings/Startup_Code/system_S32K144.o
 .debug_macro   0x000207ef       0xe9 ./Project_Settings/Startup_Code/startup.o
 .debug_macro   0x000208d8       0x40 ./Project_Settings/Startup_Code/startup.o

.debug_loc      0x00000000      0x4c0
 .debug_loc     0x00000000       0x5d C:/NXP/S32DS_ARM_v2018.R1/S32DS/arm_ewl2/lib/armv7e-m\libc99.a(exit.o)
 .debug_loc     0x0000005d       0x64 C:/NXP/S32DS_ARM_v2018.R1/S32DS/arm_ewl2/lib/armv7e-m\libc99.a(memset.o)
 .debug_loc     0x000000c1      0x16b C:/NXP/S32DS_ARM_v2018.R1/S32DS/arm_ewl2/lib/armv7e-m\libc99.a(__filll_mem.o)
 .debug_loc     0x0000022c       0x9d C:/NXP/S32DS_ARM_v2018.R1/S32DS/arm_ewl2/lib/armv7e-m\librt.a(gcc_ctor_dtor.o)
 .debug_loc     0x000002c9      0x144 C:/NXP/S32DS_ARM_v2018.R1/S32DS/arm_ewl2/lib/armv7e-m\librt.a(__arm_eabi_init.o)
 .debug_loc     0x0000040d       0xb3 C:/NXP/S32DS_ARM_v2018.R1/S32DS/arm_ewl2/lib/armv7e-m\librt.a(ROMCopy.o)
