Archive member included to satisfy reference by file (symbol)

D:/NXP/S32DS_ARM_v2018.R1/S32DS/arm32_ewl2/lib/thumb/v7e-m\libc99.a(exit.o)
                              D:/NXP/S32DS_ARM_v2018.R1/S32DS/arm32_ewl2/lib/thumb/v7e-m/__arm_start.o (exit)
D:/NXP/S32DS_ARM_v2018.R1/S32DS/arm32_ewl2/lib/thumb/v7e-m\libc99.a(memset.o)
                              D:/NXP/S32DS_ARM_v2018.R1/S32DS/arm32_ewl2/lib/thumb/v7e-m/__arm_start.o (memset)
D:/NXP/S32DS_ARM_v2018.R1/S32DS/arm32_ewl2/lib/thumb/v7e-m\libc99.a(__filll_mem.o)
                              D:/NXP/S32DS_ARM_v2018.R1/S32DS/arm32_ewl2/lib/thumb/v7e-m\libc99.a(memset.o) (__fill_mem)
D:/NXP/S32DS_ARM_v2018.R1/S32DS/arm32_ewl2/lib/thumb/v7e-m\librt.a(gcc_ctor_dtor.o)
                              D:/NXP/S32DS_ARM_v2018.R1/S32DS/arm32_ewl2/lib/thumb/v7e-m/__arm_start.o (__init_cpp)
D:/NXP/S32DS_ARM_v2018.R1/S32DS/arm32_ewl2/lib/thumb/v7e-m\librt.a(__arm_eabi_init.o)
                              D:/NXP/S32DS_ARM_v2018.R1/S32DS/arm32_ewl2/lib/thumb/v7e-m\libc99.a(exit.o) (__destroy_global_chain)
D:/NXP/S32DS_ARM_v2018.R1/S32DS/arm32_ewl2/lib/thumb/v7e-m\librt.a(ROMCopy.o)
                              D:/NXP/S32DS_ARM_v2018.R1/S32DS/arm32_ewl2/lib/thumb/v7e-m/__arm_start.o (__copy_rom_sections_to_ram)

Allocating common symbols
Common symbol       size              file

u32TickCount        0x4               ./Sources/main.o
g_xtal0ClkFreq      0x4               ./SDK/platform/drivers/src/clock/S32K1xx/clock_S32K1xx.o
recvBuff2           0x4c              ./Sources/main.o
canCom1_State       0x114             ./Generated_Code/canCom1.o
recvBuff1           0x4c              ./Sources/main.o
g_RtcClkInFreq      0x4               ./SDK/platform/drivers/src/clock/S32K1xx/clock_S32K1xx.o
gPowerManagerState  0x10              ./SDK/platform/drivers/src/power/S32K1xx/power_manager_S32K1xx.o
g_TClkFreq          0xc               ./SDK/platform/drivers/src/clock/S32K1xx/clock_S32K1xx.o
dmaController1_State
                    0x40              ./Generated_Code/dmaController1.o
dmaController1Chn0_State
                    0x10              ./Generated_Code/dmaController1.o

Discarded input sections

 .text          0x00000000        0x0 D:/NXP/S32DS_ARM_v2018.R1/S32DS/arm32_ewl2/lib/thumb/v7e-m/__arm_start.o
 .data          0x00000000        0x0 D:/NXP/S32DS_ARM_v2018.R1/S32DS/arm32_ewl2/lib/thumb/v7e-m/__arm_start.o
 .bss           0x00000000        0x0 D:/NXP/S32DS_ARM_v2018.R1/S32DS/arm32_ewl2/lib/thumb/v7e-m/__arm_start.o
 .text.__thumb_startup
                0x00000000       0x3c D:/NXP/S32DS_ARM_v2018.R1/S32DS/arm32_ewl2/lib/thumb/v7e-m/__arm_start.o
 .text.__iar_program_start
                0x00000000        0x4 D:/NXP/S32DS_ARM_v2018.R1/S32DS/arm32_ewl2/lib/thumb/v7e-m/__arm_start.o
 .bss.argv      0x00000000        0x4 D:/NXP/S32DS_ARM_v2018.R1/S32DS/arm32_ewl2/lib/thumb/v7e-m/__arm_start.o
 .debug_info    0x00000000      0x126 D:/NXP/S32DS_ARM_v2018.R1/S32DS/arm32_ewl2/lib/thumb/v7e-m/__arm_start.o
 .debug_abbrev  0x00000000       0xbe D:/NXP/S32DS_ARM_v2018.R1/S32DS/arm32_ewl2/lib/thumb/v7e-m/__arm_start.o
 .debug_aranges
                0x00000000       0x28 D:/NXP/S32DS_ARM_v2018.R1/S32DS/arm32_ewl2/lib/thumb/v7e-m/__arm_start.o
 .debug_line    0x00000000       0x67 D:/NXP/S32DS_ARM_v2018.R1/S32DS/arm32_ewl2/lib/thumb/v7e-m/__arm_start.o
 .debug_str     0x00000000      0x246 D:/NXP/S32DS_ARM_v2018.R1/S32DS/arm32_ewl2/lib/thumb/v7e-m/__arm_start.o
 .comment       0x00000000       0xa2 D:/NXP/S32DS_ARM_v2018.R1/S32DS/arm32_ewl2/lib/thumb/v7e-m/__arm_start.o
 .debug_frame   0x00000000       0x30 D:/NXP/S32DS_ARM_v2018.R1/S32DS/arm32_ewl2/lib/thumb/v7e-m/__arm_start.o
 .ARM.attributes
                0x00000000       0x33 D:/NXP/S32DS_ARM_v2018.R1/S32DS/arm32_ewl2/lib/thumb/v7e-m/__arm_start.o
 .group         0x00000000        0x8 ./Sources/main.o
 .group         0x00000000        0x8 ./Sources/main.o
 .group         0x00000000        0x8 ./Sources/main.o
 .group         0x00000000        0x8 ./Sources/main.o
 .group         0x00000000        0x8 ./Sources/main.o
 .group         0x00000000        0x8 ./Sources/main.o
 .group         0x00000000        0x8 ./Sources/main.o
 .group         0x00000000        0x8 ./Sources/main.o
 .group         0x00000000        0x8 ./Sources/main.o
 .group         0x00000000        0x8 ./Sources/main.o
 .group         0x00000000        0x8 ./Sources/main.o
 .group         0x00000000        0x8 ./Sources/main.o
 .group         0x00000000        0x8 ./Sources/main.o
 .group         0x00000000        0x8 ./Sources/main.o
 .group         0x00000000        0x8 ./Sources/main.o
 .group         0x00000000        0x8 ./Sources/main.o
 .group         0x00000000        0x8 ./Sources/main.o
 .group         0x00000000        0x8 ./Sources/main.o
 .group         0x00000000        0x8 ./Sources/main.o
 .group         0x00000000        0x8 ./Sources/main.o
 .group         0x00000000        0x8 ./Sources/main.o
[...]
Memory Configuration

Name             Origin             Length             Attributes
m_interrupts     0x00000000         0x00000400         xr
m_flash_config   0x00000400         0x00000010         xr
m_text           0x00000410         0x0007fbf0         xr
m_data           0x1fff8000         0x00008000         rw
m_data_2         0x20000000         0x00007000         rw
*default*        0x00000000         0xffffffff

Linker script and memory map

LOAD D:/NXP/S32DS_ARM_v2018.R1/S32DS/arm32_ewl2/lib/thumb/v7e-m/__arm_start.o
LOAD ./Sources/main.o
LOAD ./SDK/rtos/osif/osif_baremetal.o
LOAD ./SDK/platform/drivers/src/power/power_manager.o
LOAD ./SDK/platform/drivers/src/power/S32K1xx/power_smc_hw_access.o
LOAD ./SDK/platform/drivers/src/power/S32K1xx/power_manager_S32K1xx.o
LOAD ./SDK/platform/drivers/src/pins/pins_port_hw_access.o
LOAD ./SDK/platform/drivers/src/pins/pins_driver.o
LOAD ./SDK/platform/drivers/src/interrupt/interrupt_manager.o
LOAD ./SDK/platform/drivers/src/flexcan/flexcan_irq.o
LOAD ./SDK/platform/drivers/src/flexcan/flexcan_hw_access.o
LOAD ./SDK/platform/drivers/src/flexcan/flexcan_driver.o
LOAD ./SDK/platform/drivers/src/edma/edma_irq.o
LOAD ./SDK/platform/drivers/src/edma/edma_hw_access.o
LOAD ./SDK/platform/drivers/src/edma/edma_driver.o
LOAD ./SDK/platform/drivers/src/clock/S32K1xx/clock_S32K1xx.o
LOAD ./SDK/platform/devices/startup.o
LOAD ./SDK/platform/devices/S32K144/startup/system_S32K144.o
LOAD ./Project_Settings/Startup_Code/startup_S32K144.o
LOAD ./Generated_Code/pwrMan1.o
LOAD ./Generated_Code/pin_mux.o
LOAD ./Generated_Code/dmaController1.o
LOAD ./Generated_Code/clockMan1.o
LOAD ./Generated_Code/canCom1.o
LOAD ./Generated_Code/Cpu.o
START GROUP
LOAD D:/NXP/S32DS_ARM_v2018.R1/S32DS/arm32_ewl2/lib/thumb/v7e-m\libc99.a
LOAD D:/NXP/S32DS_ARM_v2018.R1/S32DS/arm32_ewl2/lib/thumb/v7e-m\libm.a
LOAD d:/nxp/s32ds_arm_v2018.r1/cross_tools/gcc-6.3-arm32-eabi/bin/../lib/gcc/arm-none-eabi/6.3.1/thumb/v7e-m\libgcc.a
LOAD D:/NXP/S32DS_ARM_v2018.R1/S32DS/arm32_ewl2/lib/thumb/v7e-m\librt.a
LOAD D:/NXP/S32DS_ARM_v2018.R1/S32DS/arm32_ewl2/lib/thumb/v7e-m\libnoio.a
END GROUP
LOAD D:/NXP/S32DS_ARM_v2018.R1/S32DS/arm32_ewl2/lib/thumb/v7e-m/__arm_end.o
                0x00000400                HEAP_SIZE = DEFINED (__heap_size__)?__heap_size__:0x400
                0x00000400                STACK_SIZE = DEFINED (__stack_size__)?__stack_size__:0x400
                0x00000400                M_VECTOR_RAM_SIZE = DEFINED (__flash_vector_table__)?0x0:0x400

.interrupts     0x00000000      0x400
                0x00000000                __VECTOR_TABLE = .
                0x00000000                __interrupts_start__ = .
                0x00000000                . = ALIGN (0x4)
 *(.isr_vector)
 .isr_vector    0x00000000      0x400 ./Project_Settings/Startup_Code/startup_S32K144.o
                0x00000000                __isr_vector
                0x00000400                __interrupts_end__ = .
                0x00000400                . = ALIGN (0x4)

.flash_config   0x00000400       0x10
                0x00000400                . = ALIGN (0x4)
 *(.FlashConfig)
 .FlashConfig   0x00000400       0x10 ./Project_Settings/Startup_Code/startup_S32K144.o
                0x00000410                . = ALIGN (0x4)

.text           0x00000410     0x7044
                0x00000410                . = ALIGN (0x4)
 *(.text)
 .text          0x00000410       0x6c ./Project_Settings/Startup_Code/startup_S32K144.o
                0x00000410                Reset_Handler
                0x00000478                DebugMon_Handler
                0x00000478                Reserved88_IRQHandler
                0x00000478                HardFault_Handler
                0x00000478                Reserved86_IRQHandler
                0x00000478                Reserved103_IRQHandler
                0x00000478                FTM2_Ovf_Reload_IRQHandler
                0x00000478                Reserved50_IRQHandler
                0x00000478                FTFC_Fault_IRQHandler
                0x00000478                FTM0_Ch6_Ch7_IRQHandler
                0x00000478                Reserved114_IRQHandler
                0x00000478                PendSV_Handler
                0x00000478                NMI_Handler
                0x00000478                Reserved89_IRQHandler
                0x00000478                ERM_double_fault_IRQHandler
                0x00000478                Reserved59_IRQHandler
                0x00000478                LPIT0_Ch0_IRQHandler
                0x00000478                Reserved99_IRQHandler
                0x00000478                FTM3_Ch6_Ch7_IRQHandler
                0x00000478                LPIT0_Ch3_IRQHandler
                0x00000478                Reserved92_IRQHandler
                0x00000478                FTM0_Ch4_Ch5_IRQHandler
                0x00000478                FTM3_Ch0_Ch1_IRQHandler
                0x00000478                SWI_IRQHandler
                0x00000478                ADC0_IRQHandler
                0x00000478                FTM2_Ch4_Ch5_IRQHandler
                0x00000478                UsageFault_Handler
                0x00000478                FTM0_Ovf_Reload_IRQHandler
                0x00000478                DefaultISR
                0x00000478                Reserved58_IRQHandler
                0x00000478                FTM1_Ch2_Ch3_IRQHandler
                0x00000478                Reserved82_IRQHandler
                0x00000478                LPI2C0_Slave_IRQHandler
                0x00000478                Reserved71_IRQHandler
                0x00000478                PORTD_IRQHandler
                0x00000478                Reserved69_IRQHandler
                0x00000478                PORTB_IRQHandler
                0x00000478                Reserved70_IRQHandler
                0x00000478                ADC1_IRQHandler
                0x00000478                FTM2_Ch2_Ch3_IRQHandler
                0x00000478                Reserved53_IRQHandler
                0x00000478                RTC_IRQHandler
                0x00000478                PDB0_IRQHandler
                0x00000478                Reserved54_IRQHandler
                0x00000478                FTM2_Ch6_Ch7_IRQHandler
                0x00000478                FTM3_Ch2_Ch3_IRQHandler
                0x00000478                FTM2_Ch0_Ch1_IRQHandler
                0x00000478                LPSPI1_IRQHandler
                0x00000478                LPUART1_RxTx_IRQHandler
                0x00000478                RTC_Seconds_IRQHandler
                0x00000478                Reserved72_IRQHandler
                0x00000478                Reserved110_IRQHandler
                0x00000478                Reserved107_IRQHandler
                0x00000478                Read_Collision_IRQHandler
                0x00000478                FTFC_IRQHandler
                0x00000478                FTM1_Ch6_Ch7_IRQHandler
                0x00000478                Reserved105_IRQHandler
                0x00000478                LPIT0_Ch1_IRQHandler
                0x00000478                FTM1_Ch4_Ch5_IRQHandler
                0x00000478                FTM3_Ovf_Reload_IRQHandler
                0x00000478                LPUART2_RxTx_IRQHandler
                0x00000478                LPSPI0_IRQHandler
                0x00000478                WDOG_EWM_IRQHandler
                0x00000478                MemManage_Handler
                0x00000478                Reserved90_IRQHandler
                0x00000478                Reserved83_IRQHandler
                0x00000478                FTM0_Fault_IRQHandler
                0x00000478                Reserved48_IRQHandler
                0x00000478                SVC_Handler
                0x00000478                ERM_single_fault_IRQHandler
                0x00000478                FTM2_Fault_IRQHandler
                0x00000478                FTM0_Ch2_Ch3_IRQHandler
                0x00000478                FTM0_Ch0_Ch1_IRQHandler
                0x00000478                FTM3_Fault_IRQHandler
                0x00000478                RCM_IRQHandler
                0x00000478                Reserved100_IRQHandler
                0x00000478                Reserved91_IRQHandler
                0x00000478                SCG_IRQHandler
                0x00000478                PDB1_IRQHandler
                0x00000478                Reserved81_IRQHandler
                0x00000478                Reserved46_IRQHandler
                0x00000478                Reserved45_IRQHandler
                0x00000478                Reserved112_IRQHandler
                0x00000478                LPI2C0_Master_IRQHandler
                0x00000478                FTM1_Fault_IRQHandler
                0x00000478                Reserved106_IRQHandler
                0x00000478                LVD_LVW_IRQHandler
                0x00000478                LPIT0_Ch2_IRQHandler
                0x00000478                PORTA_IRQHandler
                0x00000478                MCM_IRQHandler
                0x00000478                LPSPI2_IRQHandler
                0x00000478                FTM3_Ch4_Ch5_IRQHandler
                0x00000478                PORTE_IRQHandler
                0x00000478                LPUART0_RxTx_IRQHandler
                0x00000478                LPTMR0_IRQHandler
                0x00000478                BusFault_Handler
                0x00000478                Reserved87_IRQHandler
                0x00000478                FTM1_Ovf_Reload_IRQHandler
                0x00000478                Reserved93_IRQHandler
                0x00000478                CMP0_IRQHandler
                0x00000478                Reserved52_IRQHandler
                0x00000478                PORTC_IRQHandler
                0x00000478                FTM1_Ch0_Ch1_IRQHandler
                0x00000478                FLEXIO_IRQHandler
                0x00000478                Reserved113_IRQHandler
 *(.text*)
 .text.buttonISR
                0x0000047c       0x90 ./Sources/main.o
                0x0000047c                buttonISR
 .text.SendCANData
                0x0000050c       0x4a ./Sources/main.o
                0x0000050c                SendCANData
 *fill*         0x00000556        0x2 
 .text.BoardInit
                0x00000558       0x4c ./Sources/main.o
                0x00000558                BoardInit
 .text.GPIOInit
                0x000005a4       0x5c ./Sources/main.o
                0x000005a4                GPIOInit
 .text.flexcan0_Callback
                0x00000600       0x70 ./Sources/main.o
                0x00000600                flexcan0_Callback
 .text.SysTick_Init
                0x00000670       0x2c ./Sources/main.o
                0x00000670                SysTick_Init
 .text.main     0x0000069c      0x15c ./Sources/main.o
                0x0000069c                main
 .text.SysTick_Handler
                0x000007f8       0x1c ./Sources/main.o
                0x000007f8                SysTick_Handler
 .text.osif_DisableIrqGlobal
                0x00000814        0xc ./SDK/rtos/osif/osif_baremetal.o
 .text.osif_EnableIrqGlobal
                0x00000820        0xc ./SDK/rtos/osif/osif_baremetal.o
 .text.OSIF_SemaPost
                0x0000082c       0x3c ./SDK/rtos/osif/osif_baremetal.o
                0x0000082c                OSIF_SemaPost
 .text.OSIF_SemaCreate
                0x00000868       0x24 ./SDK/rtos/osif/osif_baremetal.o
                0x00000868                OSIF_SemaCreate
 .text.OSIF_SemaDestroy
                0x0000088c       0x14 ./SDK/rtos/osif/osif_baremetal.o
                0x0000088c                OSIF_SemaDestroy
 .text.POWER_SYS_Init
                0x000008a0       0x64 ./SDK/platform/drivers/src/power/power_manager.o
                0x000008a0                POWER_SYS_Init
 .text.POWER_SYS_CallbacksManagement
                0x00000904       0xe0 ./SDK/platform/drivers/src/power/power_manager.o
 .text.POWER_SYS_SetMode
                0x000009e4       0xc0 ./SDK/platform/drivers/src/power/power_manager.o
                0x000009e4                POWER_SYS_SetMode
 .text.SMC_SetRunModeControl
                0x00000aa4       0x38 ./SDK/platform/drivers/src/power/S32K1xx/power_smc_hw_access.o
 .text.SMC_SetStopModeControl
                0x00000adc       0x36 ./SDK/platform/drivers/src/power/S32K1xx/power_smc_hw_access.o
 .text.SMC_SetStopOption
                0x00000b12       0x36 ./SDK/platform/drivers/src/power/S32K1xx/power_smc_hw_access.o
 .text.SMC_GetPowerModeStatus
                0x00000b48       0x62 ./SDK/platform/drivers/src/power/S32K1xx/power_smc_hw_access.o
 *fill*         0x00000baa        0x2 
 .text.SMC_SetPowerMode
                0x00000bac      0x118 ./SDK/platform/drivers/src/power/S32K1xx/power_smc_hw_access.o
                0x00000bac                SMC_SetPowerMode
 .text.SMC_SetProtectionMode
                0x00000cc4       0x3e ./SDK/platform/drivers/src/power/S32K1xx/power_smc_hw_access.o
                0x00000cc4                SMC_SetProtectionMode
 .text.SMC_WaitForStatChange
                0x00000d02       0x66 ./SDK/platform/drivers/src/power/S32K1xx/power_smc_hw_access.o
 .text.SMC_GetPowerModeStatus
                0x00000d68       0x62 ./SDK/platform/drivers/src/power/S32K1xx/power_manager_S32K1xx.o
 *fill*         0x00000dca        0x2 
 .text.SCG_SetEnableSPLL
                0x00000dcc       0x40 ./SDK/platform/drivers/src/power/S32K1xx/power_manager_S32K1xx.o
 .text.SCG_GetEnableSPLL
                0x00000e0c       0x30 ./SDK/platform/drivers/src/power/S32K1xx/power_manager_S32K1xx.o
 .text.SCG_GetHsrunSelectSPLL
                0x00000e3c       0x30 ./SDK/platform/drivers/src/power/S32K1xx/power_manager_S32K1xx.o
 .text.SCG_SetEnableFIRC
                0x00000e6c       0x40 ./SDK/platform/drivers/src/power/S32K1xx/power_manager_S32K1xx.o
 .text.SCG_GetEnableFIRC
                0x00000eac       0x30 ./SDK/platform/drivers/src/power/S32K1xx/power_manager_S32K1xx.o
 .text.SCG_SetEnableSOSC
                0x00000edc       0x40 ./SDK/platform/drivers/src/power/S32K1xx/power_manager_S32K1xx.o
 .text.SCG_GetEnableSOSC
                0x00000f1c       0x30 ./SDK/platform/drivers/src/power/S32K1xx/power_manager_S32K1xx.o
 .text.POWER_SYS_DoInit
                0x00000f4c       0x74 ./SDK/platform/drivers/src/power/S32K1xx/power_manager_S32K1xx.o
                0x00000f4c                POWER_SYS_DoInit
 .text.POWER_SYS_DoSetMode
                0x00000fc0       0x30 ./SDK/platform/drivers/src/power/S32K1xx/power_manager_S32K1xx.o
                0x00000fc0                POWER_SYS_DoSetMode
 .text.POWER_SYS_GetCurrentMode
                0x00000ff0       0x44 ./SDK/platform/drivers/src/power/S32K1xx/power_manager_S32K1xx.o
                0x00000ff0                POWER_SYS_GetCurrentMode
 .text.POWER_SYS_SwitchToRunningPowerMode
                0x00001034      0x140 ./SDK/platform/drivers/src/power/S32K1xx/power_manager_S32K1xx.o
 .text.POWER_SYS_SwitchToSleepingPowerMode
                0x00001174      0x134 ./SDK/platform/drivers/src/power/S32K1xx/power_manager_S32K1xx.o
 .text.POWER_DRV_SwitchVlprClk
                0x000012a8       0x42 ./SDK/platform/drivers/src/power/S32K1xx/power_manager_S32K1xx.o
 .text.POWER_DRV_UpdateInitClk
                0x000012ea       0x22 ./SDK/platform/drivers/src/power/S32K1xx/power_manager_S32K1xx.o
 .text.POWER_DRV_EnableVlpClockSrc
                0x0000130c       0x34 ./SDK/platform/drivers/src/power/S32K1xx/power_manager_S32K1xx.o
 .text.POWER_DRV_DisableVlpClockSrc
                0x00001340       0x1a ./SDK/platform/drivers/src/power/S32K1xx/power_manager_S32K1xx.o
 *fill*         0x0000135a        0x2 
 .text.POWER_DRV_GetEnableClockSrc
                0x0000135c       0x38 ./SDK/platform/drivers/src/power/S32K1xx/power_manager_S32K1xx.o
 .text.POWER_SYS_EnterHsrunMode
                0x00001394       0xd0 ./SDK/platform/drivers/src/power/S32K1xx/power_manager_S32K1xx.o
 .text.PINS_GPIO_WritePin
                0x00001464       0x42 ./SDK/platform/drivers/src/pins/pins_port_hw_access.o
 *fill*         0x000014a6        0x2 
 .text.PINS_GetAdcInterleaveVal
                0x000014a8       0xe4 ./SDK/platform/drivers/src/pins/pins_port_hw_access.o
 .text.PINS_Init
                0x0000158c      0x1ec ./SDK/platform/drivers/src/pins/pins_port_hw_access.o
                0x0000158c                PINS_Init
 .text.PINS_GPIO_SetPinsDirection
                0x00001778       0x1a ./SDK/platform/drivers/src/pins/pins_driver.o
 .text.PINS_GPIO_ClearPins
                0x00001792       0x1a ./SDK/platform/drivers/src/pins/pins_driver.o
 .text.PINS_SetPinIntSel
                0x000017ac       0x42 ./SDK/platform/drivers/src/pins/pins_driver.o
 .text.PINS_ClearPinIntFlagCmd
                0x000017ee       0x38 ./SDK/platform/drivers/src/pins/pins_driver.o
 .text.PINS_GetPortIntFlag
                0x00001826       0x1c ./SDK/platform/drivers/src/pins/pins_driver.o
 .text.PINS_ClearPortIntFlagCmd
                0x00001842       0x1c ./SDK/platform/drivers/src/pins/pins_driver.o
 .text.PINS_DRV_Init
                0x0000185e       0x3e ./SDK/platform/drivers/src/pins/pins_driver.o
                0x0000185e                PINS_DRV_Init
 .text.PINS_DRV_SetPinIntSel
                0x0000189c       0x22 ./SDK/platform/drivers/src/pins/pins_driver.o
                0x0000189c                PINS_DRV_SetPinIntSel
 .text.PINS_DRV_ClearPinIntFlagCmd
                0x000018be       0x1a ./SDK/platform/drivers/src/pins/pins_driver.o
                0x000018be                PINS_DRV_ClearPinIntFlagCmd
 .text.PINS_DRV_GetPortIntFlag
                0x000018d8       0x18 ./SDK/platform/drivers/src/pins/pins_driver.o
                0x000018d8                PINS_DRV_GetPortIntFlag
 .text.PINS_DRV_ClearPortIntFlagCmd
                0x000018f0       0x16 ./SDK/platform/drivers/src/pins/pins_driver.o
                0x000018f0                PINS_DRV_ClearPortIntFlagCmd
 .text.PINS_DRV_SetPinsDirection
                0x00001906       0x1a ./SDK/platform/drivers/src/pins/pins_driver.o
                0x00001906                PINS_DRV_SetPinsDirection
 .text.PINS_DRV_ClearPins
                0x00001920       0x1a ./SDK/platform/drivers/src/pins/pins_driver.o
                0x00001920                PINS_DRV_ClearPins
 *fill*         0x0000193a        0x2 
 .text.INT_SYS_InstallHandler
                0x0000193c       0x4c ./SDK/platform/drivers/src/interrupt/interrupt_manager.o
                0x0000193c                INT_SYS_InstallHandler
 .text.INT_SYS_EnableIRQ
                0x00001988       0x30 ./SDK/platform/drivers/src/interrupt/interrupt_manager.o
                0x00001988                INT_SYS_EnableIRQ
 .text.INT_SYS_EnableIRQGlobal
                0x000019b8       0x2c ./SDK/platform/drivers/src/interrupt/interrupt_manager.o
                0x000019b8                INT_SYS_EnableIRQGlobal
 .text.INT_SYS_DisableIRQGlobal
                0x000019e4       0x1c ./SDK/platform/drivers/src/interrupt/interrupt_manager.o
                0x000019e4                INT_SYS_DisableIRQGlobal
 .text.CAN0_ORed_IRQHandler
                0x00001a00        0xe ./SDK/platform/drivers/src/flexcan/flexcan_irq.o
                0x00001a00                CAN0_ORed_IRQHandler
 .text.CAN0_Error_IRQHandler
                0x00001a0e        0xe ./SDK/platform/drivers/src/flexcan/flexcan_irq.o
                0x00001a0e                CAN0_Error_IRQHandler
 .text.CAN0_Wake_Up_IRQHandler
                0x00001a1c        0xe ./SDK/platform/drivers/src/flexcan/flexcan_irq.o
                0x00001a1c                CAN0_Wake_Up_IRQHandler
 .text.CAN0_ORed_0_15_MB_IRQHandler
                0x00001a2a        0xe ./SDK/platform/drivers/src/flexcan/flexcan_irq.o
                0x00001a2a                CAN0_ORed_0_15_MB_IRQHandler
 .text.CAN0_ORed_16_31_MB_IRQHandler
                0x00001a38        0xe ./SDK/platform/drivers/src/flexcan/flexcan_irq.o
                0x00001a38                CAN0_ORed_16_31_MB_IRQHandler
 .text.CAN1_ORed_IRQHandler
                0x00001a46        0xe ./SDK/platform/drivers/src/flexcan/flexcan_irq.o
                0x00001a46                CAN1_ORed_IRQHandler
 .text.CAN1_Error_IRQHandler
                0x00001a54        0xe ./SDK/platform/drivers/src/flexcan/flexcan_irq.o
                0x00001a54                CAN1_Error_IRQHandler
 .text.CAN1_ORed_0_15_MB_IRQHandler
                0x00001a62        0xe ./SDK/platform/drivers/src/flexcan/flexcan_irq.o
                0x00001a62                CAN1_ORed_0_15_MB_IRQHandler
 .text.CAN2_ORed_IRQHandler
                0x00001a70        0xe ./SDK/platform/drivers/src/flexcan/flexcan_irq.o
                0x00001a70                CAN2_ORed_IRQHandler
 .text.CAN2_Error_IRQHandler
                0x00001a7e        0xe ./SDK/platform/drivers/src/flexcan/flexcan_irq.o
                0x00001a7e                CAN2_Error_IRQHandler
 .text.CAN2_ORed_0_15_MB_IRQHandler
                0x00001a8c        0xe ./SDK/platform/drivers/src/flexcan/flexcan_irq.o
                0x00001a8c                CAN2_ORed_0_15_MB_IRQHandler
 .text.RxFifoOcuppiedLastMsgBuff
                0x00001a9a       0x1c ./SDK/platform/drivers/src/flexcan/flexcan_hw_access.o
 .text.FLEXCAN_IsFDEnabled
                0x00001ab6       0x24 ./SDK/platform/drivers/src/flexcan/flexcan_hw_access.o
 .text.FLEXCAN_IsRxFifoEnabled
                0x00001ada       0x24 ./SDK/platform/drivers/src/flexcan/flexcan_hw_access.o
 .text.FLEXCAN_SetSelfReception
                0x00001afe       0x32 ./SDK/platform/drivers/src/flexcan/flexcan_hw_access.o
 .text.FLEXCAN_GetRxFifoMask
                0x00001b30       0xd4 ./SDK/platform/drivers/src/flexcan/flexcan_hw_access.o
                0x00001b30                FLEXCAN_GetRxFifoMask
 .text.FLEXCAN_ComputeDLCValue
                0x00001c04       0x30 ./SDK/platform/drivers/src/flexcan/flexcan_hw_access.o
 .text.FLEXCAN_ComputePayloadSize
                0x00001c34       0x7c ./SDK/platform/drivers/src/flexcan/flexcan_hw_access.o
 .text.FLEXCAN_GetMaxMbNum
                0x00001cb0       0x4c ./SDK/platform/drivers/src/flexcan/flexcan_hw_access.o
                0x00001cb0                FLEXCAN_GetMaxMbNum
 .text.FLEXCAN_ClearRAM
                0x00001cfc       0x72 ./SDK/platform/drivers/src/flexcan/flexcan_hw_access.o
 .text.FLEXCAN_GetMsgBuffRegion
                0x00001d6e       0x6c ./SDK/platform/drivers/src/flexcan/flexcan_hw_access.o
                0x00001d6e                FLEXCAN_GetMsgBuffRegion
 .text.FLEXCAN_Enable
                0x00001dda       0x52 ./SDK/platform/drivers/src/flexcan/flexcan_hw_access.o
                0x00001dda                FLEXCAN_Enable
 .text.FLEXCAN_Disable
                0x00001e2c       0x34 ./SDK/platform/drivers/src/flexcan/flexcan_hw_access.o
                0x00001e2c                FLEXCAN_Disable
 .text.FLEXCAN_Init
                0x00001e60       0x6c ./SDK/platform/drivers/src/flexcan/flexcan_hw_access.o
                0x00001e60                FLEXCAN_Init
 .text.FLEXCAN_SetTxMsgBuff
                0x00001ecc      0x24c ./SDK/platform/drivers/src/flexcan/flexcan_hw_access.o
                0x00001ecc                FLEXCAN_SetTxMsgBuff
 .text.FLEXCAN_SetRxMsgBuff
                0x00002118      0x124 ./SDK/platform/drivers/src/flexcan/flexcan_hw_access.o
                0x00002118                FLEXCAN_SetRxMsgBuff
 .text.FLEXCAN_GetMsgBuff
                0x0000223c      0x13a ./SDK/platform/drivers/src/flexcan/flexcan_hw_access.o
                0x0000223c                FLEXCAN_GetMsgBuff
 .text.FLEXCAN_LockRxMsgBuff
                0x00002376       0x20 ./SDK/platform/drivers/src/flexcan/flexcan_hw_access.o
                0x00002376                FLEXCAN_LockRxMsgBuff
 .text.FLEXCAN_EnableRxFifo
                0x00002396       0x86 ./SDK/platform/drivers/src/flexcan/flexcan_hw_access.o
                0x00002396                FLEXCAN_EnableRxFifo
 .text.FLEXCAN_SetMaxMsgBuffNum
                0x0000241c       0xf0 ./SDK/platform/drivers/src/flexcan/flexcan_hw_access.o
                0x0000241c                FLEXCAN_SetMaxMsgBuffNum
 .text.FLEXCAN_SetRxFifoFilter
                0x0000250c      0x408 ./SDK/platform/drivers/src/flexcan/flexcan_hw_access.o
                0x0000250c                FLEXCAN_SetRxFifoFilter
 .text.FLEXCAN_SetMsgBuffIntCmd
                0x00002914       0x6e ./SDK/platform/drivers/src/flexcan/flexcan_hw_access.o
                0x00002914                FLEXCAN_SetMsgBuffIntCmd
 .text.FLEXCAN_ExitFreezeMode
                0x00002982       0x38 ./SDK/platform/drivers/src/flexcan/flexcan_hw_access.o
                0x00002982                FLEXCAN_ExitFreezeMode
 .text.FLEXCAN_EnterFreezeMode
                0x000029ba       0x7c ./SDK/platform/drivers/src/flexcan/flexcan_hw_access.o
                0x000029ba                FLEXCAN_EnterFreezeMode
 *fill*         0x00002a36        0x2 
 .text.FLEXCAN_ClearErrIntStatusFlag
                0x00002a38       0x2c ./SDK/platform/drivers/src/flexcan/flexcan_hw_access.o
                0x00002a38                FLEXCAN_ClearErrIntStatusFlag
 .text.FLEXCAN_ReadRxFifo
                0x00002a64       0xa6 ./SDK/platform/drivers/src/flexcan/flexcan_hw_access.o
                0x00002a64                FLEXCAN_ReadRxFifo
 *fill*         0x00002b0a        0x2 
 .text.FLEXCAN_SetOperationMode
                0x00002b0c       0xa4 ./SDK/platform/drivers/src/flexcan/flexcan_hw_access.o
                0x00002b0c                FLEXCAN_SetOperationMode
 .text.FLEXCAN_SetPayloadSize
                0x00002bb0       0x42 ./SDK/platform/drivers/src/flexcan/flexcan_hw_access.o
                0x00002bb0                FLEXCAN_SetPayloadSize
 .text.FLEXCAN_GetPayloadSize
                0x00002bf2       0x42 ./SDK/platform/drivers/src/flexcan/flexcan_hw_access.o
                0x00002bf2                FLEXCAN_GetPayloadSize
 .text.RxFifoOcuppiedLastMsgBuff
                0x00002c34       0x1c ./SDK/platform/drivers/src/flexcan/flexcan_driver.o
 .text.FLEXCAN_IsEnabled
                0x00002c50       0x1c ./SDK/platform/drivers/src/flexcan/flexcan_driver.o
 .text.FLEXCAN_SelectClock
                0x00002c6c       0x2c ./SDK/platform/drivers/src/flexcan/flexcan_driver.o
 .text.FLEXCAN_SetTimeSegments
                0x00002c98       0x60 ./SDK/platform/drivers/src/flexcan/flexcan_driver.o
 .text.FLEXCAN_SetRxIndividualMask
                0x00002cf8       0x24 ./SDK/platform/drivers/src/flexcan/flexcan_driver.o
 .text.FLEXCAN_SetRxFifoGlobalMask
                0x00002d1c       0x1a ./SDK/platform/drivers/src/flexcan/flexcan_driver.o
 *fill*         0x00002d36        0x2 
 .text.FLEXCAN_SetExtendedTimeSegments
                0x00002d38       0x64 ./SDK/platform/drivers/src/flexcan/flexcan_driver.o
 .text.FLEXCAN_SetFDTimeSegments
                0x00002d9c       0x70 ./SDK/platform/drivers/src/flexcan/flexcan_driver.o
 .text.FLEXCAN_SetFDEnabled
                0x00002e0c       0x4e ./SDK/platform/drivers/src/flexcan/flexcan_driver.o
 .text.FLEXCAN_IsFDEnabled
                0x00002e5a       0x24 ./SDK/platform/drivers/src/flexcan/flexcan_driver.o
 .text.FLEXCAN_UnlockRxMsgBuff
                0x00002e7e       0x16 ./SDK/platform/drivers/src/flexcan/flexcan_driver.o
 .text.FLEXCAN_IsRxFifoEnabled
                0x00002e94       0x24 ./SDK/platform/drivers/src/flexcan/flexcan_driver.o
 .text.FLEXCAN_GetRxFifoIdFormat
                0x00002eb8       0x58 ./SDK/platform/drivers/src/flexcan/flexcan_driver.o
 .text.FLEXCAN_GetMaxMsgBuffNum
                0x00002f10       0x1a ./SDK/platform/drivers/src/flexcan/flexcan_driver.o
 .text.FLEXCAN_GetMsgBuffIntStatusFlag
                0x00002f2a       0x40 ./SDK/platform/drivers/src/flexcan/flexcan_driver.o
 .text.FLEXCAN_ClearFIFO
                0x00002f6a       0x18 ./SDK/platform/drivers/src/flexcan/flexcan_driver.o
 .text.FLEXCAN_ClearMsgBuffIntStatusFlag
                0x00002f82       0x2e ./SDK/platform/drivers/src/flexcan/flexcan_driver.o
 .text.FLEXCAN_GetErrorCounters
                0x00002fb0       0x16 ./SDK/platform/drivers/src/flexcan/flexcan_driver.o
 .text.FLEXCAN_SetRxMaskType
                0x00002fc6       0x36 ./SDK/platform/drivers/src/flexcan/flexcan_driver.o
 .text.FLEXCAN_GetNoOfIndividualMBsRxFIFO
                0x00002ffc       0x36 ./SDK/platform/drivers/src/flexcan/flexcan_driver.o
 *fill*         0x00003032        0x2 
 .text.FLEXCAN_SetRxIndividualStdMask
                0x00003034       0x30 ./SDK/platform/drivers/src/flexcan/flexcan_driver.o
 .text.FLEXCAN_SetRxIndividualExtMask
                0x00003064       0x28 ./SDK/platform/drivers/src/flexcan/flexcan_driver.o
 .text.FLEXCAN_SetStuffBitCount
                0x0000308c       0x32 ./SDK/platform/drivers/src/flexcan/flexcan_driver.o
 .text.FLEXCAN_SetSelfReception
                0x000030be       0x32 ./SDK/platform/drivers/src/flexcan/flexcan_driver.o
 .text.FLEXCAN_SetRxFifoDMA
                0x000030f0       0x32 ./SDK/platform/drivers/src/flexcan/flexcan_driver.o
 .text.FLEXCAN_IsPNEnabled
                0x00003122       0x24 ./SDK/platform/drivers/src/flexcan/flexcan_driver.o
 .text.FLEXCAN_GetWTOF
                0x00003146       0x22 ./SDK/platform/drivers/src/flexcan/flexcan_driver.o
 .text.FLEXCAN_ClearWTOF
                0x00003168       0x22 ./SDK/platform/drivers/src/flexcan/flexcan_driver.o
 .text.FLEXCAN_GetWUMF
                0x0000318a       0x22 ./SDK/platform/drivers/src/flexcan/flexcan_driver.o
 .text.FLEXCAN_ClearWUMF
                0x000031ac       0x22 ./SDK/platform/drivers/src/flexcan/flexcan_driver.o
 *fill*         0x000031ce        0x2 
 .text.FLEXCAN_DRV_SetRxMaskType
                0x000031d0       0x3c ./SDK/platform/drivers/src/flexcan/flexcan_driver.o
                0x000031d0                FLEXCAN_DRV_SetRxMaskType
 .text.FLEXCAN_DRV_SetRxFifoGlobalMask
                0x0000320c       0xb0 ./SDK/platform/drivers/src/flexcan/flexcan_driver.o
                0x0000320c                FLEXCAN_DRV_SetRxFifoGlobalMask
 .text.FLEXCAN_DRV_SetRxIndividualMask
                0x000032bc      0x144 ./SDK/platform/drivers/src/flexcan/flexcan_driver.o
                0x000032bc                FLEXCAN_DRV_SetRxIndividualMask
 .text.FLEXCAN_EnableIRQs
                0x00003400       0x98 ./SDK/platform/drivers/src/flexcan/flexcan_driver.o
 .text.FLEXCAN_DRV_Init
                0x00003498      0x260 ./SDK/platform/drivers/src/flexcan/flexcan_driver.o
                0x00003498                FLEXCAN_DRV_Init
 .text.FLEXCAN_DRV_ConfigTxMb
                0x000036f8       0x64 ./SDK/platform/drivers/src/flexcan/flexcan_driver.o
                0x000036f8                FLEXCAN_DRV_ConfigTxMb
 .text.FLEXCAN_DRV_Send
                0x0000375c       0x58 ./SDK/platform/drivers/src/flexcan/flexcan_driver.o
                0x0000375c                FLEXCAN_DRV_Send
 .text.FLEXCAN_DRV_ConfigRxMb
                0x000037b4       0x8c ./SDK/platform/drivers/src/flexcan/flexcan_driver.o
                0x000037b4                FLEXCAN_DRV_ConfigRxMb
 .text.FLEXCAN_DRV_ConfigRxFifo
                0x00003840       0x40 ./SDK/platform/drivers/src/flexcan/flexcan_driver.o
                0x00003840                FLEXCAN_DRV_ConfigRxFifo
 .text.FLEXCAN_DRV_Receive
                0x00003880       0x2a ./SDK/platform/drivers/src/flexcan/flexcan_driver.o
                0x00003880                FLEXCAN_DRV_Receive
 .text.FLEXCAN_DRV_RxFifo
                0x000038aa       0x26 ./SDK/platform/drivers/src/flexcan/flexcan_driver.o
                0x000038aa                FLEXCAN_DRV_RxFifo
 .text.FLEXCAN_IRQHandlerRxFIFO
                0x000038d0       0xcc ./SDK/platform/drivers/src/flexcan/flexcan_driver.o
 .text.FLEXCAN_IRQHandlerRxMB
                0x0000399c       0x8c ./SDK/platform/drivers/src/flexcan/flexcan_driver.o
 .text.FLEXCAN_IRQHandler
                0x00003a28      0x174 ./SDK/platform/drivers/src/flexcan/flexcan_driver.o
                0x00003a28                FLEXCAN_IRQHandler
 .text.FLEXCAN_Error_IRQHandler
                0x00003b9c       0x4c ./SDK/platform/drivers/src/flexcan/flexcan_driver.o
                0x00003b9c                FLEXCAN_Error_IRQHandler
 .text.FLEXCAN_WakeUpHandler
                0x00003be8       0x94 ./SDK/platform/drivers/src/flexcan/flexcan_driver.o
                0x00003be8                FLEXCAN_WakeUpHandler
 .text.FLEXCAN_DRV_GetTransferStatus
                0x00003c7c       0x5c ./SDK/platform/drivers/src/flexcan/flexcan_driver.o
                0x00003c7c                FLEXCAN_DRV_GetTransferStatus
 .text.FLEXCAN_StartSendData
                0x00003cd8       0xf4 ./SDK/platform/drivers/src/flexcan/flexcan_driver.o
 .text.FLEXCAN_StartRxMessageBufferData
                0x00003dcc       0xdc ./SDK/platform/drivers/src/flexcan/flexcan_driver.o
 .text.FLEXCAN_StartRxMessageFifoData
                0x00003ea8      0x170 ./SDK/platform/drivers/src/flexcan/flexcan_driver.o
 .text.FLEXCAN_CompleteTransfer
                0x00004018       0x64 ./SDK/platform/drivers/src/flexcan/flexcan_driver.o
 .text.FLEXCAN_CompleteRxFifoDataDMA
                0x0000407c       0x58 ./SDK/platform/drivers/src/flexcan/flexcan_driver.o
 .text.FLEXCAN_CompleteRxMessageFifoData
                0x000040d4      0x104 ./SDK/platform/drivers/src/flexcan/flexcan_driver.o
 .text.FLEXCAN_DRV_InstallEventCallback
                0x000041d8       0x38 ./SDK/platform/drivers/src/flexcan/flexcan_driver.o
                0x000041d8                FLEXCAN_DRV_InstallEventCallback
 .text.EDMA_GetErrorIntStatusFlag
                0x00004210       0x16 ./SDK/platform/drivers/src/edma/edma_irq.o
 .text.DMA0_IRQHandler
                0x00004226        0xe ./SDK/platform/drivers/src/edma/edma_irq.o
                0x00004226                DMA0_IRQHandler
 .text.DMA1_IRQHandler
                0x00004234        0xe ./SDK/platform/drivers/src/edma/edma_irq.o
                0x00004234                DMA1_IRQHandler
 .text.DMA2_IRQHandler
                0x00004242        0xe ./SDK/platform/drivers/src/edma/edma_irq.o
                0x00004242                DMA2_IRQHandler
 .text.DMA3_IRQHandler
                0x00004250        0xe ./SDK/platform/drivers/src/edma/edma_irq.o
                0x00004250                DMA3_IRQHandler
 .text.DMA4_IRQHandler
                0x0000425e        0xe ./SDK/platform/drivers/src/edma/edma_irq.o
                0x0000425e                DMA4_IRQHandler
 .text.DMA5_IRQHandler
                0x0000426c        0xe ./SDK/platform/drivers/src/edma/edma_irq.o
                0x0000426c                DMA5_IRQHandler
 .text.DMA6_IRQHandler
                0x0000427a        0xe ./SDK/platform/drivers/src/edma/edma_irq.o
                0x0000427a                DMA6_IRQHandler
 .text.DMA7_IRQHandler
                0x00004288        0xe ./SDK/platform/drivers/src/edma/edma_irq.o
                0x00004288                DMA7_IRQHandler
 .text.DMA8_IRQHandler
                0x00004296        0xe ./SDK/platform/drivers/src/edma/edma_irq.o
                0x00004296                DMA8_IRQHandler
 .text.DMA9_IRQHandler
                0x000042a4        0xe ./SDK/platform/drivers/src/edma/edma_irq.o
                0x000042a4                DMA9_IRQHandler
 .text.DMA10_IRQHandler
                0x000042b2        0xe ./SDK/platform/drivers/src/edma/edma_irq.o
                0x000042b2                DMA10_IRQHandler
 .text.DMA11_IRQHandler
                0x000042c0        0xe ./SDK/platform/drivers/src/edma/edma_irq.o
                0x000042c0                DMA11_IRQHandler
 .text.DMA12_IRQHandler
                0x000042ce        0xe ./SDK/platform/drivers/src/edma/edma_irq.o
                0x000042ce                DMA12_IRQHandler
 .text.DMA13_IRQHandler
                0x000042dc        0xe ./SDK/platform/drivers/src/edma/edma_irq.o
                0x000042dc                DMA13_IRQHandler
 .text.DMA14_IRQHandler
                0x000042ea        0xe ./SDK/platform/drivers/src/edma/edma_irq.o
                0x000042ea                DMA14_IRQHandler
 .text.DMA15_IRQHandler
                0x000042f8        0xe ./SDK/platform/drivers/src/edma/edma_irq.o
                0x000042f8                DMA15_IRQHandler
 .text.DMA_Error_IRQHandler
                0x00004306       0x4c ./SDK/platform/drivers/src/edma/edma_irq.o
                0x00004306                DMA_Error_IRQHandler
 .text.EDMA_Init
                0x00004352       0x68 ./SDK/platform/drivers/src/edma/edma_hw_access.o
                0x00004352                EDMA_Init
 .text.EDMA_SetErrorIntCmd
                0x000043ba       0x2e ./SDK/platform/drivers/src/edma/edma_hw_access.o
                0x000043ba                EDMA_SetErrorIntCmd
 .text.EDMA_SetDmaRequestCmd
                0x000043e8       0x2e ./SDK/platform/drivers/src/edma/edma_hw_access.o
                0x000043e8                EDMA_SetDmaRequestCmd
 .text.EDMA_TCDClearReg
                0x00004416       0xd4 ./SDK/platform/drivers/src/edma/edma_hw_access.o
                0x00004416                EDMA_TCDClearReg
 .text.EDMA_TCDSetAttribute
                0x000044ea       0x6e ./SDK/platform/drivers/src/edma/edma_hw_access.o
                0x000044ea                EDMA_TCDSetAttribute
 .text.EDMA_TCDSetNbytes
                0x00004558       0xca ./SDK/platform/drivers/src/edma/edma_hw_access.o
                0x00004558                EDMA_TCDSetNbytes
 .text.EDMA_TCDSetMajorCount
                0x00004622      0x14a ./SDK/platform/drivers/src/edma/edma_hw_access.o
                0x00004622                EDMA_TCDSetMajorCount
 .text.DMAMUX_Init
                0x0000476c       0x2c ./SDK/platform/drivers/src/edma/edma_hw_access.o
                0x0000476c                DMAMUX_Init
 .text.EDMA_SetHaltOnErrorCmd
                0x00004798       0x3c ./SDK/platform/drivers/src/edma/edma_driver.o
 .text.EDMA_SetChannelPriority
                0x000047d4       0x56 ./SDK/platform/drivers/src/edma/edma_driver.o
 .text.EDMA_SetChannelArbitrationMode
                0x0000482a       0x38 ./SDK/platform/drivers/src/edma/edma_driver.o
 .text.EDMA_GetChannelArbitrationMode
                0x00004862       0x2c ./SDK/platform/drivers/src/edma/edma_driver.o
 .text.EDMA_SetMinorLoopMappingCmd
                0x0000488e       0x3c ./SDK/platform/drivers/src/edma/edma_driver.o
 .text.EDMA_ClearErrorIntStatusFlag
                0x000048ca       0x1c ./SDK/platform/drivers/src/edma/edma_driver.o
 .text.EDMA_ClearDoneStatusFlag
                0x000048e6       0x1c ./SDK/platform/drivers/src/edma/edma_driver.o
 .text.EDMA_ClearIntStatusFlag
                0x00004902       0x1c ./SDK/platform/drivers/src/edma/edma_driver.o
 .text.EDMA_TCDSetSrcAddr
                0x0000491e       0x26 ./SDK/platform/drivers/src/edma/edma_driver.o
 .text.EDMA_TCDSetSrcOffset
                0x00004944       0x2c ./SDK/platform/drivers/src/edma/edma_driver.o
 .text.EDMA_TCDSetDestAddr
                0x00004970       0x2a ./SDK/platform/drivers/src/edma/edma_driver.o
 .text.EDMA_TCDSetDestOffset
                0x0000499a       0x2e ./SDK/platform/drivers/src/edma/edma_driver.o
 .text.EDMA_TCDSetDisableDmaRequestAfterTCDDoneCmd
                0x000049c8       0x5c ./SDK/platform/drivers/src/edma/edma_driver.o
 .text.EDMA_TCDSetMajorCompleteIntCmd
                0x00004a24       0x5c ./SDK/platform/drivers/src/edma/edma_driver.o
 .text.DMAMUX_SetChannelCmd
                0x00004a80       0x52 ./SDK/platform/drivers/src/edma/edma_driver.o
 .text.DMAMUX_SetChannelTrigger
                0x00004ad2       0x50 ./SDK/platform/drivers/src/edma/edma_driver.o
 .text.DMAMUX_SetChannelSource
                0x00004b22       0x4e ./SDK/platform/drivers/src/edma/edma_driver.o
 .text.EDMA_DRV_Init
                0x00004b70      0x12c ./SDK/platform/drivers/src/edma/edma_driver.o
                0x00004b70                EDMA_DRV_Init
 .text.EDMA_DRV_ChannelInit
                0x00004c9c       0xd8 ./SDK/platform/drivers/src/edma/edma_driver.o
                0x00004c9c                EDMA_DRV_ChannelInit
 .text.EDMA_DRV_InstallCallback
                0x00004d74       0x3c ./SDK/platform/drivers/src/edma/edma_driver.o
                0x00004d74                EDMA_DRV_InstallCallback
 .text.EDMA_DRV_ClearIntStatus
                0x00004db0       0x3c ./SDK/platform/drivers/src/edma/edma_driver.o
 .text.EDMA_DRV_IRQHandler
                0x00004dec       0x4c ./SDK/platform/drivers/src/edma/edma_driver.o
                0x00004dec                EDMA_DRV_IRQHandler
 .text.EDMA_DRV_ErrorIRQHandler
                0x00004e38       0x7c ./SDK/platform/drivers/src/edma/edma_driver.o
                0x00004e38                EDMA_DRV_ErrorIRQHandler
 .text.EDMA_DRV_ConfigSingleBlockTransfer
                0x00004eb4      0x170 ./SDK/platform/drivers/src/edma/edma_driver.o
                0x00004eb4                EDMA_DRV_ConfigSingleBlockTransfer
 .text.EDMA_DRV_StartChannel
                0x00005024       0x38 ./SDK/platform/drivers/src/edma/edma_driver.o
                0x00005024                EDMA_DRV_StartChannel
 .text.EDMA_DRV_StopChannel
                0x0000505c       0x38 ./SDK/platform/drivers/src/edma/edma_driver.o
                0x0000505c                EDMA_DRV_StopChannel
 .text.EDMA_DRV_SetChannelRequestAndTrigger
                0x00005094       0x60 ./SDK/platform/drivers/src/edma/edma_driver.o
                0x00005094                EDMA_DRV_SetChannelRequestAndTrigger
 .text.EDMA_DRV_DisableRequestsOnTransferComplete
                0x000050f4       0x3c ./SDK/platform/drivers/src/edma/edma_driver.o
                0x000050f4                EDMA_DRV_DisableRequestsOnTransferComplete
 .text.EDMA_DRV_GetDmaRegBaseAddr
                0x00005130       0x18 ./SDK/platform/drivers/src/edma/edma_driver.o
                0x00005130                EDMA_DRV_GetDmaRegBaseAddr
 .text.EDMA_DRV_ClearStructure
                0x00005148       0x2e ./SDK/platform/drivers/src/edma/edma_driver.o
 .text.SIM_SetLpoClocks
                0x00005176       0x70 ./SDK/platform/drivers/src/clock/S32K1xx/clock_S32K1xx.o
 .text.SIM_SetEimClockGate
                0x000051e6       0x3c ./SDK/platform/drivers/src/clock/S32K1xx/clock_S32K1xx.o
 .text.SIM_SetErmClockGate
                0x00005222       0x3c ./SDK/platform/drivers/src/clock/S32K1xx/clock_S32K1xx.o
 .text.SIM_SetDmaClockGate
                0x0000525e       0x3c ./SDK/platform/drivers/src/clock/S32K1xx/clock_S32K1xx.o
 .text.SIM_SetMpuClockGate
                0x0000529a       0x3c ./SDK/platform/drivers/src/clock/S32K1xx/clock_S32K1xx.o
 .text.SIM_SetMscmClockGate
                0x000052d6       0x3c ./SDK/platform/drivers/src/clock/S32K1xx/clock_S32K1xx.o
 .text.SIM_SetClockout
                0x00005312       0x5c ./SDK/platform/drivers/src/clock/S32K1xx/clock_S32K1xx.o
 .text.SIM_SetTraceClockSource
                0x0000536e       0x36 ./SDK/platform/drivers/src/clock/S32K1xx/clock_S32K1xx.o
 .text.SIM_ClearTraceClockConfig
                0x000053a4       0x1c ./SDK/platform/drivers/src/clock/S32K1xx/clock_S32K1xx.o
 .text.SIM_SetTraceClockConfig
                0x000053c0       0x3e ./SDK/platform/drivers/src/clock/S32K1xx/clock_S32K1xx.o
 .text.SCG_GetCurrentSystemClockSource
                0x000053fe       0x1c ./SDK/platform/drivers/src/clock/S32K1xx/clock_S32K1xx.o
 .text.SCG_GetCurrentCoreClockDividerRatio
                0x0000541a       0x1c ./SDK/platform/drivers/src/clock/S32K1xx/clock_S32K1xx.o
 .text.SCG_GetCurrentBusClockDividerRatio
                0x00005436       0x1c ./SDK/platform/drivers/src/clock/S32K1xx/clock_S32K1xx.o
 .text.SCG_GetCurrentSlowClockDividerRatio
                0x00005452       0x1a ./SDK/platform/drivers/src/clock/S32K1xx/clock_S32K1xx.o
 .text.SCG_SetRunClockControl
                0x0000546c       0x42 ./SDK/platform/drivers/src/clock/S32K1xx/clock_S32K1xx.o
 .text.SCG_SetVlprClockControl
                0x000054ae       0x42 ./SDK/platform/drivers/src/clock/S32K1xx/clock_S32K1xx.o
 .text.SCG_SetHsrunClockControl
                0x000054f0       0x42 ./SDK/platform/drivers/src/clock/S32K1xx/clock_S32K1xx.o
 .text.SCG_SetFircAsyncConfig
                0x00005532       0x30 ./SDK/platform/drivers/src/clock/S32K1xx/clock_S32K1xx.o
 .text.SCG_SetSircAsyncConfig
                0x00005562       0x30 ./SDK/platform/drivers/src/clock/S32K1xx/clock_S32K1xx.o
 .text.SCG_SetSoscAsyncConfig
                0x00005592       0x30 ./SDK/platform/drivers/src/clock/S32K1xx/clock_S32K1xx.o
 .text.SCG_SetSpllAsyncConfig
                0x000055c2       0x30 ./SDK/platform/drivers/src/clock/S32K1xx/clock_S32K1xx.o
 .text.SCG_SetClockoutSourceSel
                0x000055f2       0x36 ./SDK/platform/drivers/src/clock/S32K1xx/clock_S32K1xx.o
 .text.SCG_GetSircSystemClockMode
                0x00005628       0x30 ./SDK/platform/drivers/src/clock/S32K1xx/clock_S32K1xx.o
 .text.SCG_GetSircStatus
                0x00005658       0x26 ./SDK/platform/drivers/src/clock/S32K1xx/clock_S32K1xx.o
 .text.SCG_GetSircRange
                0x0000567e       0x1c ./SDK/platform/drivers/src/clock/S32K1xx/clock_S32K1xx.o
 .text.SCG_ClearSircLock
                0x0000569a       0x22 ./SDK/platform/drivers/src/clock/S32K1xx/clock_S32K1xx.o
 .text.SCG_ClearSircControl
                0x000056bc       0x1a ./SDK/platform/drivers/src/clock/S32K1xx/clock_S32K1xx.o
 .text.SCG_SetSircConfiguration
                0x000056d6       0x22 ./SDK/platform/drivers/src/clock/S32K1xx/clock_S32K1xx.o
 .text.SCG_SetSircControl
                0x000056f8       0x58 ./SDK/platform/drivers/src/clock/S32K1xx/clock_S32K1xx.o
 .text.SCG_GetFircSystemClockMode
                0x00005750       0x30 ./SDK/platform/drivers/src/clock/S32K1xx/clock_S32K1xx.o
 .text.SCG_GetFircStatus
                0x00005780       0x26 ./SDK/platform/drivers/src/clock/S32K1xx/clock_S32K1xx.o
 .text.SCG_GetFircRange
                0x000057a6       0x1c ./SDK/platform/drivers/src/clock/S32K1xx/clock_S32K1xx.o
 .text.SCG_ClearFircLock
                0x000057c2       0x22 ./SDK/platform/drivers/src/clock/S32K1xx/clock_S32K1xx.o
 .text.SCG_ClearFircControl
                0x000057e4       0x1c ./SDK/platform/drivers/src/clock/S32K1xx/clock_S32K1xx.o
 .text.SCG_SetFircConfiguration
                0x00005800       0x22 ./SDK/platform/drivers/src/clock/S32K1xx/clock_S32K1xx.o
 .text.SCG_SetFircControl
                0x00005822       0x40 ./SDK/platform/drivers/src/clock/S32K1xx/clock_S32K1xx.o
 .text.SCG_GetSoscSystemClockMode
                0x00005862       0x30 ./SDK/platform/drivers/src/clock/S32K1xx/clock_S32K1xx.o
 .text.SCG_GetSoscStatus
                0x00005892       0x26 ./SDK/platform/drivers/src/clock/S32K1xx/clock_S32K1xx.o
 .text.SCG_ClearSoscLock
                0x000058b8       0x22 ./SDK/platform/drivers/src/clock/S32K1xx/clock_S32K1xx.o
 .text.SCG_ClearSoscControl
                0x000058da       0x1c ./SDK/platform/drivers/src/clock/S32K1xx/clock_S32K1xx.o
 .text.SCG_SetSoscConfiguration
                0x000058f6       0x3a ./SDK/platform/drivers/src/clock/S32K1xx/clock_S32K1xx.o
 .text.SCG_SetSoscControl
                0x00005930       0x5c ./SDK/platform/drivers/src/clock/S32K1xx/clock_S32K1xx.o
 .text.SCG_GetSpllSystemClockMode
                0x0000598c       0x30 ./SDK/platform/drivers/src/clock/S32K1xx/clock_S32K1xx.o
 .text.SCG_GetSpllStatus
                0x000059bc       0x26 ./SDK/platform/drivers/src/clock/S32K1xx/clock_S32K1xx.o
 .text.SCG_GetSpllPredivider
                0x000059e2       0x1e ./SDK/platform/drivers/src/clock/S32K1xx/clock_S32K1xx.o
 .text.SCG_GetSpllMultiplier
                0x00005a00       0x1e ./SDK/platform/drivers/src/clock/S32K1xx/clock_S32K1xx.o
 .text.SCG_ClearSpllLock
                0x00005a1e       0x22 ./SDK/platform/drivers/src/clock/S32K1xx/clock_S32K1xx.o
 .text.SCG_ClearSpllControl
                0x00005a40       0x1c ./SDK/platform/drivers/src/clock/S32K1xx/clock_S32K1xx.o
 .text.SCG_SetSpllConfiguration
                0x00005a5c       0x32 ./SDK/platform/drivers/src/clock/S32K1xx/clock_S32K1xx.o
 .text.SCG_SetSpllControl
                0x00005a8e       0x5c ./SDK/platform/drivers/src/clock/S32K1xx/clock_S32K1xx.o
 *fill*         0x00005aea        0x2 
 .text.PCC_SetPeripheralClockControl
                0x00005aec       0x60 ./SDK/platform/drivers/src/clock/S32K1xx/clock_S32K1xx.o
 .text.PCC_SetClockMode
                0x00005b4c       0x70 ./SDK/platform/drivers/src/clock/S32K1xx/clock_S32K1xx.o
 .text.PMC_SetLpoMode
                0x00005bbc       0x3c ./SDK/platform/drivers/src/clock/S32K1xx/clock_S32K1xx.o
 .text.PMC_SetLpoTrimValue
                0x00005bf8       0x5c ./SDK/platform/drivers/src/clock/S32K1xx/clock_S32K1xx.o
 .text.SMC_GetCurrentRunningMode
                0x00005c54       0x18 ./SDK/platform/drivers/src/clock/S32K1xx/clock_S32K1xx.o
 .text.CLOCK_DRV_Init
                0x00005c6c       0x6e ./SDK/platform/drivers/src/clock/S32K1xx/clock_S32K1xx.o
                0x00005c6c                CLOCK_DRV_Init
 *fill*         0x00005cda        0x2 
 .text.CLOCK_SYS_SetScgConfiguration
                0x00005cdc       0xb4 ./SDK/platform/drivers/src/clock/S32K1xx/clock_S32K1xx.o
 .text.CLOCK_SYS_SetPccConfiguration
                0x00005d90       0xb8 ./SDK/platform/drivers/src/clock/S32K1xx/clock_S32K1xx.o
 .text.CLOCK_SYS_SetSimConfiguration
                0x00005e48      0x124 ./SDK/platform/drivers/src/clock/S32K1xx/clock_S32K1xx.o
 .text.CLOCK_SYS_SetPmcConfiguration
                0x00005f6c       0x38 ./SDK/platform/drivers/src/clock/S32K1xx/clock_S32K1xx.o
 .text.CLOCK_SYS_GetDefaultConfiguration
                0x00005fa4      0x24c ./SDK/platform/drivers/src/clock/S32K1xx/clock_S32K1xx.o
 .text.CLOCK_SYS_GetCurrentRunMode
                0x000061f0       0x44 ./SDK/platform/drivers/src/clock/S32K1xx/clock_S32K1xx.o
 .text.CLOCK_SYS_TransitionSystemClock
                0x00006234       0x60 ./SDK/platform/drivers/src/clock/S32K1xx/clock_S32K1xx.o
 .text.CLOCK_SYS_ConfigureSIRC
                0x00006294       0xc8 ./SDK/platform/drivers/src/clock/S32K1xx/clock_S32K1xx.o
 .text.CLOCK_SYS_ConfigureFIRC
                0x0000635c       0xc4 ./SDK/platform/drivers/src/clock/S32K1xx/clock_S32K1xx.o
 .text.CLOCK_SYS_ConfigureSOSC
                0x00006420      0x124 ./SDK/platform/drivers/src/clock/S32K1xx/clock_S32K1xx.o
 .text.CLOCK_SYS_ConfigureSPLL
                0x00006544      0x118 ./SDK/platform/drivers/src/clock/S32K1xx/clock_S32K1xx.o
 .text.CLOCK_SYS_ConfigureTemporarySystemClock
                0x0000665c       0x68 ./SDK/platform/drivers/src/clock/S32K1xx/clock_S32K1xx.o
 .text.CLOCK_SYS_ConfigureModulesFromScg
                0x000066c4      0x1c8 ./SDK/platform/drivers/src/clock/S32K1xx/clock_S32K1xx.o
 .text.CLOCK_SYS_GetSrcFreq
                0x0000688c       0x64 ./SDK/platform/drivers/src/clock/S32K1xx/clock_S32K1xx.o
 .text.CLOCK_SYS_SetSystemClockConfig
                0x000068f0      0x234 ./SDK/platform/drivers/src/clock/S32K1xx/clock_S32K1xx.o
 .text.CLOCK_SYS_GetSysOscFreq
                0x00006b24       0x30 ./SDK/platform/drivers/src/clock/S32K1xx/clock_S32K1xx.o
 .text.CLOCK_SYS_GetSircFreq
                0x00006b54       0x38 ./SDK/platform/drivers/src/clock/S32K1xx/clock_S32K1xx.o
 .text.CLOCK_SYS_GetFircFreq
                0x00006b8c       0x3c ./SDK/platform/drivers/src/clock/S32K1xx/clock_S32K1xx.o
 .text.CLOCK_SYS_GetSysPllFreq
                0x00006bc8       0x64 ./SDK/platform/drivers/src/clock/S32K1xx/clock_S32K1xx.o
 .text.CLOCK_SYS_GetSysClockMode
                0x00006c2c       0x3c ./SDK/platform/drivers/src/clock/S32K1xx/clock_S32K1xx.o
 .text.CLOCK_SYS_GetSysClockSource
                0x00006c68       0x54 ./SDK/platform/drivers/src/clock/S32K1xx/clock_S32K1xx.o
 .text.CLOCK_DRV_SetSystemClock
                0x00006cbc      0x12c ./SDK/platform/drivers/src/clock/S32K1xx/clock_S32K1xx.o
                0x00006cbc                CLOCK_DRV_SetSystemClock
 .text.CLOCK_DRV_GetSystemClockSource
                0x00006de8       0xa0 ./SDK/platform/drivers/src/clock/S32K1xx/clock_S32K1xx.o
                0x00006de8                CLOCK_DRV_GetSystemClockSource
 .text.CLOCK_SYS_Init
                0x00006e88       0x44 ./SDK/platform/drivers/src/clock/S32K1xx/clock_S32K1xx.o
                0x00006e88                CLOCK_SYS_Init
 .text.CLOCK_SYS_UpdateConfiguration
                0x00006ecc      0x174 ./SDK/platform/drivers/src/clock/S32K1xx/clock_S32K1xx.o
                0x00006ecc                CLOCK_SYS_UpdateConfiguration
 .text.CLOCK_SYS_SetConfiguration
                0x00007040       0x18 ./SDK/platform/drivers/src/clock/S32K1xx/clock_S32K1xx.o
                0x00007040                CLOCK_SYS_SetConfiguration
 .text.init_data_bss
                0x00007058      0x128 ./SDK/platform/devices/startup.o
                0x00007058                init_data_bss
 .text.SystemInit
                0x00007180       0x30 ./SDK/platform/devices/S32K144/startup/system_S32K144.o
                0x00007180                SystemInit
 *(.rodata)
 *(.rodata*)
 .rodata.payload_code.6174
                0x000071b0       0x41 ./SDK/platform/drivers/src/flexcan/flexcan_hw_access.o
 *fill*         0x000071f1        0x3 
 .rodata.flexcanBase.6193
                0x000071f4        0xc ./SDK/platform/drivers/src/flexcan/flexcan_hw_access.o
 .rodata.maxMbNum.6194
                0x00007200        0xc ./SDK/platform/drivers/src/flexcan/flexcan_hw_access.o
 .rodata.g_flexcanBase
                0x0000720c        0xc ./SDK/platform/drivers/src/flexcan/flexcan_driver.o
 .rodata.g_flexcanWakeUpIrqId
                0x00007218        0x3 ./SDK/platform/drivers/src/flexcan/flexcan_driver.o
 *fill*         0x0000721b        0x1 
 .rodata.g_flexcanErrorIrqId
                0x0000721c        0x3 ./SDK/platform/drivers/src/flexcan/flexcan_driver.o
 *fill*         0x0000721f        0x1 
 .rodata.g_flexcanBusOffIrqId
                0x00007220        0x3 ./SDK/platform/drivers/src/flexcan/flexcan_driver.o
 *fill*         0x00007223        0x1 
 .rodata.g_flexcanOredMessageBufferIrqId
                0x00007224        0x6 ./SDK/platform/drivers/src/flexcan/flexcan_driver.o
 *fill*         0x0000722a        0x2 
 .rodata.s_edmaIrqId
                0x0000722c       0x10 ./SDK/platform/drivers/src/edma/edma_driver.o
 .rodata.clockNameMappings
                0x0000723c       0x9e ./SDK/platform/drivers/src/clock/S32K1xx/clock_S32K1xx.o
                0x0000723c                clockNameMappings
 *fill*         0x000072da        0x2 
 .rodata.tmpSysClk.6393
                0x000072dc        0xc ./SDK/platform/drivers/src/clock/S32K1xx/clock_S32K1xx.o
 .rodata.tmpSysClk.6400
                0x000072e8        0xc ./SDK/platform/drivers/src/clock/S32K1xx/clock_S32K1xx.o
 .rodata.maxSysClksInRUN.6438
                0x000072f4       0x54 ./SDK/platform/drivers/src/clock/S32K1xx/clock_S32K1xx.o
 .rodata.maxSysClksInVLPR.6437
                0x00007348       0x54 ./SDK/platform/drivers/src/clock/S32K1xx/clock_S32K1xx.o
 .rodata.maxSysClksInHSRUN.6439
                0x0000739c       0x54 ./SDK/platform/drivers/src/clock/S32K1xx/clock_S32K1xx.o
 .rodata.fircFreq.6482
                0x000073f0        0x4 ./SDK/platform/drivers/src/clock/S32K1xx/clock_S32K1xx.o
 .rodata.defSysClk.6586
                0x000073f4        0xc ./SDK/platform/drivers/src/clock/S32K1xx/clock_S32K1xx.o
 .rodata.sysClkDivMappings.6585
                0x00007400       0x11 ./SDK/platform/drivers/src/clock/S32K1xx/clock_S32K1xx.o
 *fill*         0x00007411        0x3 
 .rodata.edmaChnStateArray
                0x00007414        0x4 ./Generated_Code/dmaController1.o
                0x00007414                edmaChnStateArray
 .rodata.edmaChnConfigArray
                0x00007418        0x4 ./Generated_Code/dmaController1.o
                0x00007418                edmaChnConfigArray
 .rodata.canCom1_InitConfig0
                0x0000741c       0x38 ./Generated_Code/canCom1.o
                0x0000741c                canCom1_InitConfig0
 *(.init)
 *(.fini)
 *(.eh_frame)
                0x00007454                . = ALIGN (0x4)

.glue_7         0x00007454        0x0
 .glue_7        0x00007454        0x0 linker stubs

.glue_7t        0x00007454        0x0
 .glue_7t       0x00007454        0x0 linker stubs

.vfp11_veneer   0x00007454        0x0
 .vfp11_veneer  0x00007454        0x0 linker stubs

.v4_bx          0x00007454        0x0
 .v4_bx         0x00007454        0x0 linker stubs

.iplt           0x00007454        0x0
 .iplt          0x00007454        0x0 D:/NXP/S32DS_ARM_v2018.R1/S32DS/arm32_ewl2/lib/thumb/v7e-m/__arm_start.o

.rel.dyn        0x00007454        0x0
 .rel.iplt      0x00007454        0x0 D:/NXP/S32DS_ARM_v2018.R1/S32DS/arm32_ewl2/lib/thumb/v7e-m/__arm_start.o

.ARM            0x00007454        0x0
                0x00007454                __exidx_start = .
 *(.ARM.exidx*)
                0x00007454                __exidx_end = .
                0x00007454                __etext = .
                0x00007454                __DATA_ROM = .

.interrupts_ram
                0x1fff8000      0x400
                0x1fff8000                . = ALIGN (0x4)
                0x1fff8000                __VECTOR_RAM__ = .
                0x1fff8000                __RAM_START = .
                0x1fff8000                __interrupts_ram_start__ = .
 *(.m_interrupts_ram)
                0x1fff8400                . = (. + M_VECTOR_RAM_SIZE)
 *fill*         0x1fff8000      0x400 
                0x1fff8400                . = ALIGN (0x4)
                0x1fff8400                __interrupts_ram_end__ = .
                0x1fff8000                __VECTOR_RAM = DEFINED (__flash_vector_table__)?ORIGIN (m_interrupts):__VECTOR_RAM__
                0x00000400                __RAM_VECTOR_TABLE_SIZE = DEFINED (__flash_vector_table__)?0x0:(__interrupts_ram_end__ - __interrupts_ram_start__)

.data           0x1fff8400      0x250 load address 0x00007454
                0x1fff8400                . = ALIGN (0x4)
                0x1fff8400                __DATA_RAM = .
                0x1fff8400                __data_start__ = .
 *(.data)
 *(.data*)
 .data.TX_MAILBOX
                0x1fff8400        0x1 ./Sources/main.o
                0x1fff8400                TX_MAILBOX
 .data.TX_MSG_ID
                0x1fff8401        0x1 ./Sources/main.o
                0x1fff8401                TX_MSG_ID
 *fill*         0x1fff8402        0x2 
 .data.IDlist   0x1fff8404       0x20 ./Sources/main.o
                0x1fff8404                IDlist
 .data.IDmask   0x1fff8424       0x14 ./Sources/main.o
                0x1fff8424                IDmask
 .data.peripheralClockConfig.6201
                0x1fff8438       0xa0 ./SDK/platform/drivers/src/clock/S32K1xx/clock_S32K1xx.o
 .data.pwrMan1_InitConfig1
                0x1fff84d8        0x2 ./Generated_Code/pwrMan1.o
                0x1fff84d8                pwrMan1_InitConfig1
 *fill*         0x1fff84da        0x2 
 .data.pwrMan1_InitConfig2
                0x1fff84dc        0x2 ./Generated_Code/pwrMan1.o
                0x1fff84dc                pwrMan1_InitConfig2
 *fill*         0x1fff84de        0x2 
 .data.pwrMan1_InitConfig3
                0x1fff84e0        0x2 ./Generated_Code/pwrMan1.o
                0x1fff84e0                pwrMan1_InitConfig3
 *fill*         0x1fff84e2        0x2 
 .data.pwrMan1_InitConfig4
                0x1fff84e4        0x2 ./Generated_Code/pwrMan1.o
                0x1fff84e4                pwrMan1_InitConfig4
 *fill*         0x1fff84e6        0x2 
 .data.pwrMan1_InitConfig5
                0x1fff84e8        0x2 ./Generated_Code/pwrMan1.o
                0x1fff84e8                pwrMan1_InitConfig5
 *fill*         0x1fff84ea        0x2 
 .data.powerConfigsArr
                0x1fff84ec       0x18 ./Generated_Code/pwrMan1.o
                0x1fff84ec                powerConfigsArr
 .data.g_pin_mux_InitConfigArr
                0x1fff8504       0x90 ./Generated_Code/pin_mux.o
                0x1fff8504                g_pin_mux_InitConfigArr
 .data.dmaController1Chn0_Config
                0x1fff8594       0x10 ./Generated_Code/dmaController1.o
                0x1fff8594                dmaController1Chn0_Config
 .data.peripheralClockConfig0
                0x1fff85a4       0x2d ./Generated_Code/clockMan1.o
                0x1fff85a4                peripheralClockConfig0
 *fill*         0x1fff85d1        0x3 
 .data.clockMan1_InitConfig0
                0x1fff85d4       0x78 ./Generated_Code/clockMan1.o
                0x1fff85d4                clockMan1_InitConfig0
 .data.g_clockManConfigsArr
                0x1fff864c        0x4 ./Generated_Code/clockMan1.o
                0x1fff864c                g_clockManConfigsArr
                0x1fff8650                . = ALIGN (0x4)
                0x1fff8650                __data_end__ = .
                0x000076a4                __DATA_END = (__DATA_ROM + (__data_end__ - __data_start__))
                0x000076a4                __CODE_ROM = __DATA_END

.igot.plt       0x1fff8650        0x0 load address 0x000076a4
 .igot.plt      0x1fff8650        0x0 D:/NXP/S32DS_ARM_v2018.R1/S32DS/arm32_ewl2/lib/thumb/v7e-m/__arm_start.o

.code           0x1fff8650        0x0 load address 0x000076a4
                0x1fff8650                . = ALIGN (0x4)
                0x1fff8650                __CODE_RAM = .
                0x1fff8650                __code_start__ = .
                0x1fff8650                __code_ram_start__ = .
 *(.code_ram)
                0x1fff8650                . = ALIGN (0x4)
                0x1fff8650                __code_end__ = .
                0x1fff8650                __code_ram_end__ = .
                0x000076a4                __CODE_END = (__CODE_ROM + (__code_end__ - __code_start__))
                0x000076a4                __CUSTOM_ROM = __CODE_END

.customSectionBlock
                0x20000000        0x0 load address 0x000076a4
                0x20000000                __customSection_start__ = .
 *(.customSection)
                0x20000000                __customSection_end__ = .
                0x000076a4                __CUSTOM_END = (__CUSTOM_ROM + (__customSection_end__ - __customSection_start__))

.bss            0x20000000      0x2e8
                0x20000000                . = ALIGN (0x4)
                0x20000000                __BSS_START = .
                0x20000000                __bss_start__ = .
 *(.bss)
 *(.bss*)
 .bss.ledRequested
                0x20000000        0x1 ./Sources/main.o
                0x20000000                ledRequested
 .bss.rxMBdone  0x20000001        0x1 ./Sources/main.o
                0x20000001                rxMBdone
 .bss.rxFIFOdone
                0x20000002        0x1 ./Sources/main.o
                0x20000002                rxFIFOdone
 .bss.rxFIFOcompldone
                0x20000003        0x1 ./Sources/main.o
                0x20000003                rxFIFOcompldone
 .bss.filterTable
                0x20000004       0x80 ./Sources/main.o
                0x20000004                filterTable
 .bss.sysClkConfig
                0x20000084        0x8 ./SDK/platform/drivers/src/power/S32K1xx/power_manager_S32K1xx.o
 .bss.changeClkVlp
                0x2000008c        0x1 ./SDK/platform/drivers/src/power/S32K1xx/power_manager_S32K1xx.o
 .bss.enableSPLL
                0x2000008d        0x1 ./SDK/platform/drivers/src/power/S32K1xx/power_manager_S32K1xx.o
 .bss.enableFIRC
                0x2000008e        0x1 ./SDK/platform/drivers/src/power/S32K1xx/power_manager_S32K1xx.o
 .bss.enableSOSC
                0x2000008f        0x1 ./SDK/platform/drivers/src/power/S32K1xx/power_manager_S32K1xx.o
 .bss.g_interruptDisableCount
                0x20000090        0x4 ./SDK/platform/drivers/src/interrupt/interrupt_manager.o
 .bss.g_flexcanStatePtr
                0x20000094        0xc ./SDK/platform/drivers/src/flexcan/flexcan_driver.o
 .bss.s_virtEdmaState
                0x200000a0        0x4 ./SDK/platform/drivers/src/edma/edma_driver.o
 .bss.g_clockState
                0x200000a4       0x10 ./SDK/platform/drivers/src/clock/S32K1xx/clock_S32K1xx.o
 .bss.pwrMan1_InitConfig0
                0x200000b4        0x2 ./Generated_Code/pwrMan1.o
                0x200000b4                pwrMan1_InitConfig0
 *fill*         0x200000b6        0x2 
 .bss.powerStaticCallbacksConfigsArr
                0x200000b8        0x4 ./Generated_Code/pwrMan1.o
                0x200000b8                powerStaticCallbacksConfigsArr
 .bss.dmaController1_InitConfig0
                0x200000bc        0x2 ./Generated_Code/dmaController1.o
                0x200000bc                dmaController1_InitConfig0
 *fill*         0x200000be        0x2 
 .bss.g_clockManCallbacksArr
                0x200000c0        0x4 ./Generated_Code/clockMan1.o
                0x200000c0                g_clockManCallbacksArr
 *(COMMON)
 COMMON         0x200000c4       0x9c ./Sources/main.o
                0x200000c4                u32TickCount
                0x200000c8                recvBuff2
                0x20000114                recvBuff1
 COMMON         0x20000160       0x10 ./SDK/platform/drivers/src/power/S32K1xx/power_manager_S32K1xx.o
                0x20000160                gPowerManagerState
 COMMON         0x20000170       0x14 ./SDK/platform/drivers/src/clock/S32K1xx/clock_S32K1xx.o
                0x20000170                g_xtal0ClkFreq
                0x20000174                g_RtcClkInFreq
                0x20000178                g_TClkFreq
 COMMON         0x20000184       0x50 ./Generated_Code/dmaController1.o
                0x20000184                dmaController1_State
                0x200001c4                dmaController1Chn0_State
 COMMON         0x200001d4      0x114 ./Generated_Code/canCom1.o
                0x200001d4                canCom1_State
                0x200002e8                . = ALIGN (0x4)
                0x200002e8                __bss_end__ = .
                0x200002e8                __BSS_END = .

.heap           0x200002e8      0x400
                0x200002e8                . = ALIGN (0x8)
                0x200002e8                __end__ = .
                0x200002e8                __heap_start__ = .
                [!provide]                PROVIDE (end, .)
                [!provide]                PROVIDE (_end, .)
                [!provide]                PROVIDE (__end, .)
                0x200002e8                __HeapBase = .
                0x200006e8                . = (. + HEAP_SIZE)
 *fill*         0x200002e8      0x400 
                0x200006e8                __HeapLimit = .
                0x200006e8                __heap_limit = .
                0x200006e8                __heap_end__ = .
                0x20007000                __StackTop = (ORIGIN (m_data_2) + LENGTH (m_data_2))
                0x20006c00                __StackLimit = (__StackTop - STACK_SIZE)
                [!provide]                PROVIDE (__stack, __StackTop)
                0x20007000                __RAM_END = __StackTop

.stack          0x20006c00      0x400
                0x20006c00                . = ALIGN (0x8)
                0x20006c00                __stack_start__ = .
                0x20007000                . = (. + STACK_SIZE)
 *fill*         0x20006c00      0x400 
                0x20007000                __stack_end__ = .

.ARM.attributes
                0x00000000       0x31
 *(.ARM.attributes)
 .ARM.attributes
                0x00000000       0x33 ./Sources/main.o
 .ARM.attributes
                0x00000033       0x33 ./SDK/rtos/osif/osif_baremetal.o
 .ARM.attributes
                0x00000066       0x33 ./SDK/platform/drivers/src/power/power_manager.o
 .ARM.attributes
                0x00000099       0x33 ./SDK/platform/drivers/src/power/S32K1xx/power_smc_hw_access.o
 .ARM.attributes
                0x000000cc       0x33 ./SDK/platform/drivers/src/power/S32K1xx/power_manager_S32K1xx.o
 .ARM.attributes
                0x000000ff       0x33 ./SDK/platform/drivers/src/pins/pins_port_hw_access.o
 .ARM.attributes
                0x00000132       0x33 ./SDK/platform/drivers/src/pins/pins_driver.o
 .ARM.attributes
                0x00000165       0x33 ./SDK/platform/drivers/src/interrupt/interrupt_manager.o
 .ARM.attributes
                0x00000198       0x33 ./SDK/platform/drivers/src/flexcan/flexcan_irq.o
 .ARM.attributes
                0x000001cb       0x33 ./SDK/platform/drivers/src/flexcan/flexcan_hw_access.o
 .ARM.attributes
                0x000001fe       0x33 ./SDK/platform/drivers/src/flexcan/flexcan_driver.o
 .ARM.attributes
                0x00000231       0x33 ./SDK/platform/drivers/src/edma/edma_irq.o
 .ARM.attributes
                0x00000264       0x33 ./SDK/platform/drivers/src/edma/edma_hw_access.o
 .ARM.attributes
                0x00000297       0x33 ./SDK/platform/drivers/src/edma/edma_driver.o
 .ARM.attributes
                0x000002ca       0x33 ./SDK/platform/drivers/src/clock/S32K1xx/clock_S32K1xx.o
 .ARM.attributes
                0x000002fd       0x33 ./SDK/platform/devices/startup.o
 .ARM.attributes
                0x00000330       0x33 ./SDK/platform/devices/S32K144/startup/system_S32K144.o
 .ARM.attributes
                0x00000363       0x1b ./Project_Settings/Startup_Code/startup_S32K144.o
 .ARM.attributes
                0x0000037e       0x33 ./Generated_Code/pwrMan1.o
 .ARM.attributes
                0x000003b1       0x33 ./Generated_Code/pin_mux.o
 .ARM.attributes
                0x000003e4       0x33 ./Generated_Code/dmaController1.o
 .ARM.attributes
                0x00000417       0x33 ./Generated_Code/clockMan1.o
 .ARM.attributes
                0x0000044a       0x33 ./Generated_Code/canCom1.o
                0x00000001                ASSERT ((__StackLimit >= __HeapLimit), region m_data_2 overflowed with stack and heap)
OUTPUT(S32K144_FlexCAN_RXFIFO_SDK_RTM300.elf elf32-littlearm)

.debug_info     0x00000000    0x1c248
 .debug_info    0x00000000     0x2576 ./Sources/main.o
 .debug_info    0x00002576      0x8cf ./SDK/rtos/osif/osif_baremetal.o
 .debug_info    0x00002e45      0x7b6 ./SDK/platform/drivers/src/power/power_manager.o
 .debug_info    0x000035fb      0x8ce ./SDK/platform/drivers/src/power/S32K1xx/power_smc_hw_access.o
 .debug_info    0x00003ec9     0x120d ./SDK/platform/drivers/src/power/S32K1xx/power_manager_S32K1xx.o
 .debug_info    0x000050d6      0x845 ./SDK/platform/drivers/src/pins/pins_port_hw_access.o
 .debug_info    0x0000591b     0x1129 ./SDK/platform/drivers/src/pins/pins_driver.o
 .debug_info    0x00006a44      0x8a2 ./SDK/platform/drivers/src/interrupt/interrupt_manager.o
 .debug_info    0x000072e6      0x154 ./SDK/platform/drivers/src/flexcan/flexcan_irq.o
 .debug_info    0x0000743a     0x18fe ./SDK/platform/drivers/src/flexcan/flexcan_hw_access.o
 .debug_info    0x00008d38     0x3219 ./SDK/platform/drivers/src/flexcan/flexcan_driver.o
 .debug_info    0x0000bf51      0x522 ./SDK/platform/drivers/src/edma/edma_irq.o
 .debug_info    0x0000c473      0x911 ./SDK/platform/drivers/src/edma/edma_hw_access.o
 .debug_info    0x0000cd84     0x29d8 ./SDK/platform/drivers/src/edma/edma_driver.o
 .debug_info    0x0000f75c     0x3e52 ./SDK/platform/drivers/src/clock/S32K1xx/clock_S32K1xx.o
 .debug_info    0x000135ae      0x45b ./SDK/platform/devices/startup.o
 .debug_info    0x00013a09      0x50c ./SDK/platform/devices/S32K144/startup/system_S32K144.o
 .debug_info    0x00013f15       0x26 ./Project_Settings/Startup_Code/startup_S32K144.o
 .debug_info    0x00013f3b     0x1fa9 ./Generated_Code/pwrMan1.o
 .debug_info    0x00015ee4      0x3f4 ./Generated_Code/pin_mux.o
 .debug_info    0x000162d8     0x1f90 ./Generated_Code/dmaController1.o
 .debug_info    0x00018268     0x2084 ./Generated_Code/clockMan1.o
 .debug_info    0x0001a2ec     0x1f5c ./Generated_Code/canCom1.o

.debug_abbrev   0x00000000     0x2735
 .debug_abbrev  0x00000000      0x267 ./Sources/main.o
 .debug_abbrev  0x00000267      0x1fe ./SDK/rtos/osif/osif_baremetal.o
 .debug_abbrev  0x00000465      0x1d8 ./SDK/platform/drivers/src/power/power_manager.o
 .debug_abbrev  0x0000063d      0x1c2 ./SDK/platform/drivers/src/power/S32K1xx/power_smc_hw_access.o
 .debug_abbrev  0x000007ff      0x263 ./SDK/platform/drivers/src/power/S32K1xx/power_manager_S32K1xx.o
 .debug_abbrev  0x00000a62      0x194 ./SDK/platform/drivers/src/pins/pins_port_hw_access.o
 .debug_abbrev  0x00000bf6      0x23d ./SDK/platform/drivers/src/pins/pins_driver.o
 .debug_abbrev  0x00000e33      0x199 ./SDK/platform/drivers/src/interrupt/interrupt_manager.o
 .debug_abbrev  0x00000fcc       0x45 ./SDK/platform/drivers/src/flexcan/flexcan_irq.o
 .debug_abbrev  0x00001011      0x2a0 ./SDK/platform/drivers/src/flexcan/flexcan_hw_access.o
 .debug_abbrev  0x000012b1      0x2e9 ./SDK/platform/drivers/src/flexcan/flexcan_driver.o
 .debug_abbrev  0x0000159a      0x169 ./SDK/platform/drivers/src/edma/edma_irq.o
 .debug_abbrev  0x00001703      0x1cc ./SDK/platform/drivers/src/edma/edma_hw_access.o
 .debug_abbrev  0x000018cf      0x2af ./SDK/platform/drivers/src/edma/edma_driver.o
 .debug_abbrev  0x00001b7e      0x2cd ./SDK/platform/drivers/src/clock/S32K1xx/clock_S32K1xx.o
 .debug_abbrev  0x00001e4b      0x108 ./SDK/platform/devices/startup.o
 .debug_abbrev  0x00001f53      0x125 ./SDK/platform/devices/S32K144/startup/system_S32K144.o
 .debug_abbrev  0x00002078       0x14 ./Project_Settings/Startup_Code/startup_S32K144.o
 .debug_abbrev  0x0000208c      0x17c ./Generated_Code/pwrMan1.o
 .debug_abbrev  0x00002208       0xcd ./Generated_Code/pin_mux.o
 .debug_abbrev  0x000022d5      0x171 ./Generated_Code/dmaController1.o
 .debug_abbrev  0x00002446      0x17e ./Generated_Code/clockMan1.o
 .debug_abbrev  0x000025c4      0x171 ./Generated_Code/canCom1.o

.debug_aranges  0x00000000     0x1230
 .debug_aranges
                0x00000000       0x58 ./Sources/main.o
 .debug_aranges
                0x00000058       0x88 ./SDK/rtos/osif/osif_baremetal.o
 .debug_aranges
                0x000000e0       0x68 ./SDK/platform/drivers/src/power/power_manager.o
 .debug_aranges
                0x00000148       0x50 ./SDK/platform/drivers/src/power/S32K1xx/power_smc_hw_access.o
 .debug_aranges
                0x00000198       0xc8 ./SDK/platform/drivers/src/power/S32K1xx/power_manager_S32K1xx.o
 .debug_aranges
                0x00000260       0x48 ./SDK/platform/drivers/src/pins/pins_port_hw_access.o
 .debug_aranges
                0x000002a8      0x188 ./SDK/platform/drivers/src/pins/pins_driver.o
 .debug_aranges
                0x00000430       0x70 ./SDK/platform/drivers/src/interrupt/interrupt_manager.o
 .debug_aranges
                0x000004a0       0x80 ./SDK/platform/drivers/src/flexcan/flexcan_irq.o
 .debug_aranges
                0x00000520      0x160 ./SDK/platform/drivers/src/flexcan/flexcan_hw_access.o
 .debug_aranges
                0x00000680      0x308 ./SDK/platform/drivers/src/flexcan/flexcan_driver.o
 .debug_aranges
                0x00000988       0xa8 ./SDK/platform/drivers/src/edma/edma_irq.o
 .debug_aranges
                0x00000a30       0x88 ./SDK/platform/drivers/src/edma/edma_hw_access.o
 .debug_aranges
                0x00000ab8      0x220 ./SDK/platform/drivers/src/edma/edma_driver.o
 .debug_aranges
                0x00000cd8      0x470 ./SDK/platform/drivers/src/clock/S32K1xx/clock_S32K1xx.o
 .debug_aranges
                0x00001148       0x20 ./SDK/platform/devices/startup.o
 .debug_aranges
                0x00001168       0x30 ./SDK/platform/devices/S32K144/startup/system_S32K144.o
 .debug_aranges
                0x00001198       0x20 ./Project_Settings/Startup_Code/startup_S32K144.o
 .debug_aranges
                0x000011b8       0x18 ./Generated_Code/pwrMan1.o
 .debug_aranges
                0x000011d0       0x18 ./Generated_Code/pin_mux.o
 .debug_aranges
                0x000011e8       0x18 ./Generated_Code/dmaController1.o
 .debug_aranges
                0x00001200       0x18 ./Generated_Code/clockMan1.o
 .debug_aranges
                0x00001218       0x18 ./Generated_Code/canCom1.o

.debug_ranges   0x00000000     0x10a0
 .debug_ranges  0x00000000       0x48 ./Sources/main.o
 .debug_ranges  0x00000048       0x78 ./SDK/rtos/osif/osif_baremetal.o
 .debug_ranges  0x000000c0       0x70 ./SDK/platform/drivers/src/power/power_manager.o
 .debug_ranges  0x00000130       0x40 ./SDK/platform/drivers/src/power/S32K1xx/power_smc_hw_access.o
 .debug_ranges  0x00000170       0xb8 ./SDK/platform/drivers/src/power/S32K1xx/power_manager_S32K1xx.o
 .debug_ranges  0x00000228       0x38 ./SDK/platform/drivers/src/pins/pins_port_hw_access.o
 .debug_ranges  0x00000260      0x178 ./SDK/platform/drivers/src/pins/pins_driver.o
 .debug_ranges  0x000003d8       0x60 ./SDK/platform/drivers/src/interrupt/interrupt_manager.o
 .debug_ranges  0x00000438       0x70 ./SDK/platform/drivers/src/flexcan/flexcan_irq.o
 .debug_ranges  0x000004a8      0x150 ./SDK/platform/drivers/src/flexcan/flexcan_hw_access.o
 .debug_ranges  0x000005f8      0x2f8 ./SDK/platform/drivers/src/flexcan/flexcan_driver.o
 .debug_ranges  0x000008f0       0x98 ./SDK/platform/drivers/src/edma/edma_irq.o
 .debug_ranges  0x00000988       0x78 ./SDK/platform/drivers/src/edma/edma_hw_access.o
 .debug_ranges  0x00000a00      0x210 ./SDK/platform/drivers/src/edma/edma_driver.o
 .debug_ranges  0x00000c10      0x460 ./SDK/platform/drivers/src/clock/S32K1xx/clock_S32K1xx.o
 .debug_ranges  0x00001070       0x10 ./SDK/platform/devices/startup.o
 .debug_ranges  0x00001080       0x20 ./SDK/platform/devices/S32K144/startup/system_S32K144.o

.debug_macro    0x00000000    0x21c2b
 .debug_macro   0x00000000      0x25e ./Sources/main.o
 .debug_macro   0x0000025e      0x8d4 ./Sources/main.o
 .debug_macro   0x00000b32       0x52 ./Sources/main.o
 .debug_macro   0x00000b84       0xa0 ./Sources/main.o
 .debug_macro   0x00000c24       0x16 ./Sources/main.o
 .debug_macro   0x00000c3a       0x10 ./Sources/main.o
 .debug_macro   0x00000c4a       0x73 ./Sources/main.o
 .debug_macro   0x00000cbd       0x19 ./Sources/main.o
 .debug_macro   0x00000cd6       0x64 ./Sources/main.o
 .debug_macro   0x00000d3a      0x185 ./Sources/main.o
 .debug_macro   0x00000ebf      0x140 ./Sources/main.o
 .debug_macro   0x00000fff       0x9d ./Sources/main.o
 .debug_macro   0x0000109c       0x10 ./Sources/main.o
 .debug_macro   0x000010ac      0x15b ./Sources/main.o
 .debug_macro   0x00001207       0x28 ./Sources/main.o
 .debug_macro   0x0000122f       0x58 ./Sources/main.o
 .debug_macro   0x00001287     0xed1d ./Sources/main.o
 .debug_macro   0x0000ffa4      0xb86 ./Sources/main.o
 .debug_macro   0x00010b2a       0x22 ./Sources/main.o
 .debug_macro   0x00010b4c       0x83 ./Sources/main.o
 .debug_macro   0x00010bcf       0x16 ./Sources/main.o
 .debug_macro   0x00010be5       0x16 ./Sources/main.o
 .debug_macro   0x00010bfb       0x16 ./Sources/main.o
 .debug_macro   0x00010c11       0x16 ./Sources/main.o
 .debug_macro   0x00010c27       0x10 ./Sources/main.o
 .debug_macro   0x00010c37       0x28 ./Sources/main.o
 .debug_macro   0x00010c5f       0x16 ./Sources/main.o
 .debug_macro   0x00010c75       0x16 ./Sources/main.o
 .debug_macro   0x00010c8b       0x16 ./Sources/main.o
 .debug_macro   0x00010ca1      0x15f ./SDK/rtos/osif/osif_baremetal.o
 .debug_macro   0x00010e00     0xed32 ./SDK/rtos/osif/osif_baremetal.o
 .debug_macro   0x0001fb32      0x132 ./SDK/platform/drivers/src/power/power_manager.o
 .debug_macro   0x0001fc64      0x1af ./SDK/platform/drivers/src/power/power_manager.o
 .debug_macro   0x0001fe13      0x138 ./SDK/platform/drivers/src/power/S32K1xx/power_smc_hw_access.o
 .debug_macro   0x0001ff4b      0x171 ./SDK/platform/drivers/src/power/S32K1xx/power_manager_S32K1xx.o
 .debug_macro   0x000200bc      0x13c ./SDK/platform/drivers/src/pins/pins_port_hw_access.o
 .debug_macro   0x000201f8      0x142 ./SDK/platform/drivers/src/pins/pins_driver.o
 .debug_macro   0x0002033a       0xeb ./SDK/platform/drivers/src/interrupt/interrupt_manager.o
 .debug_macro   0x00020425       0xeb ./SDK/platform/drivers/src/flexcan/flexcan_irq.o
 .debug_macro   0x00020510      0x1a9 ./SDK/platform/drivers/src/flexcan/flexcan_hw_access.o
 .debug_macro   0x000206b9       0x10 ./SDK/platform/drivers/src/flexcan/flexcan_hw_access.o
 .debug_macro   0x000206c9       0x1c ./SDK/platform/drivers/src/flexcan/flexcan_hw_access.o
 .debug_macro   0x000206e5      0x186 ./SDK/platform/drivers/src/flexcan/flexcan_hw_access.o
 .debug_macro   0x0002086b      0x1df ./SDK/platform/drivers/src/flexcan/flexcan_driver.o
 .debug_macro   0x00020a4a      0x134 ./SDK/platform/drivers/src/edma/edma_irq.o
 .debug_macro   0x00020b7e      0x130 ./SDK/platform/drivers/src/edma/edma_hw_access.o
 .debug_macro   0x00020cae      0x15b ./SDK/platform/drivers/src/edma/edma_driver.o
 .debug_macro   0x00020e09      0x2f3 ./SDK/platform/drivers/src/clock/S32K1xx/clock_S32K1xx.o
 .debug_macro   0x000210fc       0xea ./SDK/platform/devices/startup.o
 .debug_macro   0x000211e6       0x40 ./SDK/platform/devices/startup.o
 .debug_macro   0x00021226       0xea ./SDK/platform/devices/S32K144/startup/system_S32K144.o
 .debug_macro   0x00021310      0x1ed ./Generated_Code/pwrMan1.o
 .debug_macro   0x000214fd       0x1c ./Generated_Code/pwrMan1.o
 .debug_macro   0x00021519       0x10 ./Generated_Code/pwrMan1.o
 .debug_macro   0x00021529       0x10 ./Generated_Code/pwrMan1.o
 .debug_macro   0x00021539      0x141 ./Generated_Code/pin_mux.o
 .debug_macro   0x0002167a      0x1e7 ./Generated_Code/dmaController1.o
 .debug_macro   0x00021861      0x1e3 ./Generated_Code/clockMan1.o
 .debug_macro   0x00021a44      0x1e7 ./Generated_Code/canCom1.o

.debug_line     0x00000000     0x9d56
 .debug_line    0x00000000      0x713 ./Sources/main.o
 .debug_line    0x00000713      0x54c ./SDK/rtos/osif/osif_baremetal.o
 .debug_line    0x00000c5f      0x53f ./SDK/platform/drivers/src/power/power_manager.o
 .debug_line    0x0000119e      0x456 ./SDK/platform/drivers/src/power/S32K1xx/power_smc_hw_access.o
 .debug_line    0x000015f4      0x7c9 ./SDK/platform/drivers/src/power/S32K1xx/power_manager_S32K1xx.o
 .debug_line    0x00001dbd      0x4bd ./SDK/platform/drivers/src/pins/pins_port_hw_access.o
 .debug_line    0x0000227a      0x770 ./SDK/platform/drivers/src/pins/pins_driver.o
 .debug_line    0x000029ea      0x485 ./SDK/platform/drivers/src/interrupt/interrupt_manager.o
 .debug_line    0x00002e6f      0x3dd ./SDK/platform/drivers/src/flexcan/flexcan_irq.o
 .debug_line    0x0000324c      0xb3a ./SDK/platform/drivers/src/flexcan/flexcan_hw_access.o
 .debug_line    0x00003d86      0xff9 ./SDK/platform/drivers/src/flexcan/flexcan_driver.o
 .debug_line    0x00004d7f      0x51d ./SDK/platform/drivers/src/edma/edma_irq.o
 .debug_line    0x0000529c      0x576 ./SDK/platform/drivers/src/edma/edma_hw_access.o
 .debug_line    0x00005812      0xcec ./SDK/platform/drivers/src/edma/edma_driver.o
 .debug_line    0x000064fe     0x175b ./SDK/platform/drivers/src/clock/S32K1xx/clock_S32K1xx.o
 .debug_line    0x00007c59      0x27e ./SDK/platform/devices/startup.o
 .debug_line    0x00007ed7      0x359 ./SDK/platform/devices/S32K144/startup/system_S32K144.o
 .debug_line    0x00008230       0x8f ./Project_Settings/Startup_Code/startup_S32K144.o
 .debug_line    0x000082bf      0x5c3 ./Generated_Code/pwrMan1.o
 .debug_line    0x00008882      0x382 ./Generated_Code/pin_mux.o
 .debug_line    0x00008c04      0x5ca ./Generated_Code/dmaController1.o
 .debug_line    0x000091ce      0x5c5 ./Generated_Code/clockMan1.o
 .debug_line    0x00009793      0x5c3 ./Generated_Code/canCom1.o

.debug_str      0x00000000    0x7421d
 .debug_str     0x00000000    0x6d126 ./Sources/main.o
                              0x6d4c9 (size before relaxing)
 .debug_str     0x0006d126      0x1d1 ./SDK/rtos/osif/osif_baremetal.o
                              0x6a41d (size before relaxing)
 .debug_str     0x0006d2f7      0x218 ./SDK/platform/drivers/src/power/power_manager.o
                              0x6a1f1 (size before relaxing)
 .debug_str     0x0006d50f      0x37d ./SDK/platform/drivers/src/power/S32K1xx/power_smc_hw_access.o
                              0x6a096 (size before relaxing)
 .debug_str     0x0006d88c      0x4b0 ./SDK/platform/drivers/src/power/S32K1xx/power_manager_S32K1xx.o
                              0x6ac94 (size before relaxing)
 .debug_str     0x0006dd3c      0x346 ./SDK/platform/drivers/src/pins/pins_port_hw_access.o
                              0x69b05 (size before relaxing)
 .debug_str     0x0006e082      0x4e8 ./SDK/platform/drivers/src/pins/pins_driver.o
                              0x6a5ce (size before relaxing)
 .debug_str     0x0006e56a      0x1d6 ./SDK/platform/drivers/src/interrupt/interrupt_manager.o
                              0x69acf (size before relaxing)
 .debug_str     0x0006e740      0x18b ./SDK/platform/drivers/src/flexcan/flexcan_irq.o
                              0x693db (size before relaxing)
 .debug_str     0x0006e8cb     0x14c1 ./SDK/platform/drivers/src/flexcan/flexcan_hw_access.o
                              0x6b48f (size before relaxing)
 .debug_str     0x0006fd8c      0xd27 ./SDK/platform/drivers/src/flexcan/flexcan_driver.o
                              0x6cd09 (size before relaxing)
 .debug_str     0x00070ab3      0x231 ./SDK/platform/drivers/src/edma/edma_irq.o
                              0x696ed (size before relaxing)
 .debug_str     0x00070ce4      0x419 ./SDK/platform/drivers/src/edma/edma_hw_access.o
                              0x69a16 (size before relaxing)
 .debug_str     0x000710fd      0xba7 ./SDK/platform/drivers/src/edma/edma_driver.o
                              0x6c067 (size before relaxing)
 .debug_str     0x00071ca4     0x20a4 ./SDK/platform/drivers/src/clock/S32K1xx/clock_S32K1xx.o
                              0x6d4b0 (size before relaxing)
 .debug_str     0x00073d48      0x35a ./SDK/platform/devices/startup.o
                              0x6971d (size before relaxing)
 .debug_str     0x000740a2       0xa7 ./SDK/platform/devices/S32K144/startup/system_S32K144.o
                              0x69506 (size before relaxing)
 .debug_str     0x00074149       0x3f ./Project_Settings/Startup_Code/startup_S32K144.o
                                 0x95 (size before relaxing)
 .debug_str     0x00074188       0x1c ./Generated_Code/pwrMan1.o
                              0x6cb23 (size before relaxing)
 .debug_str     0x000741a4       0x1c ./Generated_Code/pin_mux.o
                              0x697d2 (size before relaxing)
 .debug_str     0x000741c0       0x23 ./Generated_Code/dmaController1.o
                              0x6cb2a (size before relaxing)
 .debug_str     0x000741e3       0x1e ./Generated_Code/clockMan1.o
                              0x6cfbd (size before relaxing)
 .debug_str     0x00074201       0x1c ./Generated_Code/canCom1.o
                              0x6cb23 (size before relaxing)

.comment        0x00000000       0xa0
 .comment       0x00000000       0xa0 ./Sources/main.o
                                 0xa1 (size before relaxing)
 .comment       0x000000a0       0xa1 ./SDK/rtos/osif/osif_baremetal.o
 .comment       0x000000a0       0xa1 ./SDK/platform/drivers/src/power/power_manager.o
 .comment       0x000000a0       0xa1 ./SDK/platform/drivers/src/power/S32K1xx/power_smc_hw_access.o
 .comment       0x000000a0       0xa1 ./SDK/platform/drivers/src/power/S32K1xx/power_manager_S32K1xx.o
 .comment       0x000000a0       0xa1 ./SDK/platform/drivers/src/pins/pins_port_hw_access.o
 .comment       0x000000a0       0xa1 ./SDK/platform/drivers/src/pins/pins_driver.o
 .comment       0x000000a0       0xa1 ./SDK/platform/drivers/src/interrupt/interrupt_manager.o
 .comment       0x000000a0       0xa1 ./SDK/platform/drivers/src/flexcan/flexcan_irq.o
 .comment       0x000000a0       0xa1 ./SDK/platform/drivers/src/flexcan/flexcan_hw_access.o
 .comment       0x000000a0       0xa1 ./SDK/platform/drivers/src/flexcan/flexcan_driver.o
 .comment       0x000000a0       0xa1 ./SDK/platform/drivers/src/edma/edma_irq.o
 .comment       0x000000a0       0xa1 ./SDK/platform/drivers/src/edma/edma_hw_access.o
 .comment       0x000000a0       0xa1 ./SDK/platform/drivers/src/edma/edma_driver.o
 .comment       0x000000a0       0xa1 ./SDK/platform/drivers/src/clock/S32K1xx/clock_S32K1xx.o
 .comment       0x000000a0       0xa1 ./SDK/platform/devices/startup.o
 .comment       0x000000a0       0xa1 ./SDK/platform/devices/S32K144/startup/system_S32K144.o
 .comment       0x000000a0       0xa1 ./Generated_Code/pwrMan1.o
 .comment       0x000000a0       0xa1 ./Generated_Code/pin_mux.o
 .comment       0x000000a0       0xa1 ./Generated_Code/dmaController1.o
 .comment       0x000000a0       0xa1 ./Generated_Code/clockMan1.o
 .comment       0x000000a0       0xa1 ./Generated_Code/canCom1.o

.debug_frame    0x00000000     0x4c70
 .debug_frame   0x00000000      0x118 ./Sources/main.o
 .debug_frame   0x00000118      0x200 ./SDK/rtos/osif/osif_baremetal.o
 .debug_frame   0x00000318      0x174 ./SDK/platform/drivers/src/power/power_manager.o
 .debug_frame   0x0000048c      0x120 ./SDK/platform/drivers/src/power/S32K1xx/power_smc_hw_access.o
 .debug_frame   0x000005ac      0x330 ./SDK/platform/drivers/src/power/S32K1xx/power_manager_S32K1xx.o
 .debug_frame   0x000008dc       0xf8 ./SDK/platform/drivers/src/pins/pins_port_hw_access.o
 .debug_frame   0x000009d4      0x6dc ./SDK/platform/drivers/src/pins/pins_driver.o
 .debug_frame   0x000010b0      0x1b8 ./SDK/platform/drivers/src/interrupt/interrupt_manager.o
 .debug_frame   0x00001268      0x17c ./SDK/platform/drivers/src/flexcan/flexcan_irq.o
 .debug_frame   0x000013e4      0x644 ./SDK/platform/drivers/src/flexcan/flexcan_hw_access.o
 .debug_frame   0x00001a28      0xe58 ./SDK/platform/drivers/src/flexcan/flexcan_driver.o
 .debug_frame   0x00002880      0x21c ./SDK/platform/drivers/src/edma/edma_irq.o
 .debug_frame   0x00002a9c      0x23c ./SDK/platform/drivers/src/edma/edma_hw_access.o
 .debug_frame   0x00002cd8      0x9bc ./SDK/platform/drivers/src/edma/edma_driver.o
 .debug_frame   0x00003694     0x1524 ./SDK/platform/drivers/src/clock/S32K1xx/clock_S32K1xx.o
 .debug_frame   0x00004bb8       0x38 ./SDK/platform/devices/startup.o
 .debug_frame   0x00004bf0       0x80 ./SDK/platform/devices/S32K144/startup/system_S32K144.o
