Archive member included because of file (symbol)

C:/NXP/S32DS_ARM_v2018.R1/S32DS/arm_ewl2/lib/armv7e-m\libc99.a(exit.o)
                              C:/NXP/S32DS_ARM_v2018.R1/S32DS/arm_ewl2/lib/armv7e-m/__arm_start.o (exit)
C:/NXP/S32DS_ARM_v2018.R1/S32DS/arm_ewl2/lib/armv7e-m\libc99.a(memset.o)
                              C:/NXP/S32DS_ARM_v2018.R1/S32DS/arm_ewl2/lib/armv7e-m/__arm_start.o (memset)
C:/NXP/S32DS_ARM_v2018.R1/S32DS/arm_ewl2/lib/armv7e-m\libc99.a(__filll_mem.o)
                              C:/NXP/S32DS_ARM_v2018.R1/S32DS/arm_ewl2/lib/armv7e-m\libc99.a(memset.o) (__fill_mem)
c:/nxp/s32ds_arm_v2018.r1/cross_tools/gcc-arm-none-eabi-4_9/bin/../lib/gcc/arm-none-eabi/4.9.3/armv7e-m\libgcc.a(_aeabi_uldivmod.o)
                              ./SDK/platform/drivers/src/lpit/lpit_driver.o (__aeabi_uldivmod)
c:/nxp/s32ds_arm_v2018.r1/cross_tools/gcc-arm-none-eabi-4_9/bin/../lib/gcc/arm-none-eabi/4.9.3/armv7e-m\libgcc.a(bpabi.o)
                              c:/nxp/s32ds_arm_v2018.r1/cross_tools/gcc-arm-none-eabi-4_9/bin/../lib/gcc/arm-none-eabi/4.9.3/armv7e-m\libgcc.a(_aeabi_uldivmod.o) (__gnu_uldivmod_helper)
c:/nxp/s32ds_arm_v2018.r1/cross_tools/gcc-arm-none-eabi-4_9/bin/../lib/gcc/arm-none-eabi/4.9.3/armv7e-m\libgcc.a(_dvmd_tls.o)
                              c:/nxp/s32ds_arm_v2018.r1/cross_tools/gcc-arm-none-eabi-4_9/bin/../lib/gcc/arm-none-eabi/4.9.3/armv7e-m\libgcc.a(_aeabi_uldivmod.o) (__aeabi_ldiv0)
c:/nxp/s32ds_arm_v2018.r1/cross_tools/gcc-arm-none-eabi-4_9/bin/../lib/gcc/arm-none-eabi/4.9.3/armv7e-m\libgcc.a(_divdi3.o)
                              c:/nxp/s32ds_arm_v2018.r1/cross_tools/gcc-arm-none-eabi-4_9/bin/../lib/gcc/arm-none-eabi/4.9.3/armv7e-m\libgcc.a(bpabi.o) (__divdi3)
c:/nxp/s32ds_arm_v2018.r1/cross_tools/gcc-arm-none-eabi-4_9/bin/../lib/gcc/arm-none-eabi/4.9.3/armv7e-m\libgcc.a(_udivdi3.o)
                              c:/nxp/s32ds_arm_v2018.r1/cross_tools/gcc-arm-none-eabi-4_9/bin/../lib/gcc/arm-none-eabi/4.9.3/armv7e-m\libgcc.a(bpabi.o) (__udivdi3)
C:/NXP/S32DS_ARM_v2018.R1/S32DS/arm_ewl2/lib/armv7e-m\librt.a(gcc_ctor_dtor.o)
                              C:/NXP/S32DS_ARM_v2018.R1/S32DS/arm_ewl2/lib/armv7e-m/__arm_start.o (__init_cpp)
C:/NXP/S32DS_ARM_v2018.R1/S32DS/arm_ewl2/lib/armv7e-m\librt.a(__arm_eabi_init.o)
                              C:/NXP/S32DS_ARM_v2018.R1/S32DS/arm_ewl2/lib/armv7e-m\libc99.a(exit.o) (__destroy_global_chain)
C:/NXP/S32DS_ARM_v2018.R1/S32DS/arm_ewl2/lib/armv7e-m\librt.a(ROMCopy.o)
                              C:/NXP/S32DS_ARM_v2018.R1/S32DS/arm_ewl2/lib/armv7e-m/__arm_start.o (__copy_rom_sections_to_ram)

Allocating common symbols
Common symbol       size              file

g_xtal0ClkFreq      0x4               ./SDK/platform/drivers/src/clock/S32K1xx/clock_S32K1xx.o
g_RtcClkInFreq      0x4               ./SDK/platform/drivers/src/clock/S32K1xx/clock_S32K1xx.o
g_TClkFreq          0xc               ./SDK/platform/drivers/src/clock/S32K1xx/clock_S32K1xx.o

Discarded input sections

 .text          0x00000000        0x0 C:/NXP/S32DS_ARM_v2018.R1/S32DS/arm_ewl2/lib/armv7e-m/__arm_start.o
 .data          0x00000000        0x0 C:/NXP/S32DS_ARM_v2018.R1/S32DS/arm_ewl2/lib/armv7e-m/__arm_start.o
 .bss           0x00000000        0x0 C:/NXP/S32DS_ARM_v2018.R1/S32DS/arm_ewl2/lib/armv7e-m/__arm_start.o
 .text.__thumb_startup
                0x00000000       0x3c C:/NXP/S32DS_ARM_v2018.R1/S32DS/arm_ewl2/lib/armv7e-m/__arm_start.o
 .text.__iar_program_start
                0x00000000        0x4 C:/NXP/S32DS_ARM_v2018.R1/S32DS/arm_ewl2/lib/armv7e-m/__arm_start.o
 .bss.argv      0x00000000        0x4 C:/NXP/S32DS_ARM_v2018.R1/S32DS/arm_ewl2/lib/armv7e-m/__arm_start.o
 .debug_info    0x00000000      0x144 C:/NXP/S32DS_ARM_v2018.R1/S32DS/arm_ewl2/lib/armv7e-m/__arm_start.o
 .debug_abbrev  0x00000000       0xc0 C:/NXP/S32DS_ARM_v2018.R1/S32DS/arm_ewl2/lib/armv7e-m/__arm_start.o
 .debug_aranges
                0x00000000       0x28 C:/NXP/S32DS_ARM_v2018.R1/S32DS/arm_ewl2/lib/armv7e-m/__arm_start.o
 .debug_line    0x00000000       0x68 C:/NXP/S32DS_ARM_v2018.R1/S32DS/arm_ewl2/lib/armv7e-m/__arm_start.o
 .debug_str     0x00000000      0x270 C:/NXP/S32DS_ARM_v2018.R1/S32DS/arm_ewl2/lib/armv7e-m/__arm_start.o
 .comment       0x00000000       0x71 C:/NXP/S32DS_ARM_v2018.R1/S32DS/arm_ewl2/lib/armv7e-m/__arm_start.o
 .debug_frame   0x00000000       0x30 C:/NXP/S32DS_ARM_v2018.R1/S32DS/arm_ewl2/lib/armv7e-m/__arm_start.o
 .ARM.attributes
                0x00000000       0x33 C:/NXP/S32DS_ARM_v2018.R1/S32DS/arm_ewl2/lib/armv7e-m/__arm_start.o
 .group         0x00000000        0x8 ./Sources/main.o
 .group         0x00000000        0x8 ./Sources/main.o
 .group         0x00000000        0x8 ./Sources/main.o
 .group         0x00000000        0x8 ./Sources/main.o
 .group         0x00000000        0x8 ./Sources/main.o
 .group         0x00000000        0x8 ./Sources/main.o
 .group         0x00000000        0x8 ./Sources/main.o
[...]
Memory Configuration

Name             Origin             Length             Attributes
m_interrupts     0x00002000         0x00000400         xr
m_flash_config   0x00002400         0x00000010         xr
m_text           0x00002410         0x0007dbf0         xr
m_data           0x1fff8000         0x00008000         rw
m_data_2         0x20000000         0x00007000         rw
*default*        0x00000000         0xffffffff

Linker script and memory map

LOAD C:/NXP/S32DS_ARM_v2018.R1/S32DS/arm_ewl2/lib/armv7e-m/__arm_start.o
LOAD ./Sources/main.o
LOAD ./SDK/platform/drivers/src/pins/pins_port_hw_access.o
LOAD ./SDK/platform/drivers/src/pins/pins_driver.o
LOAD ./SDK/platform/drivers/src/lpit/lpit_driver.o
LOAD ./SDK/platform/drivers/src/interrupt/interrupt_manager.o
LOAD ./SDK/platform/drivers/src/clock/clock_manager.o
LOAD ./SDK/platform/drivers/src/clock/S32K1xx/clock_S32K1xx.o
LOAD ./SDK/platform/devices/startup.o
LOAD ./SDK/platform/devices/S32K144/startup/system_S32K144.o
LOAD ./Project_Settings/Startup_Code/startup_S32K144.o
LOAD ./Generated_Code/pin_mux.o
LOAD ./Generated_Code/lpit1.o
LOAD ./Generated_Code/clockMan1.o
LOAD ./Generated_Code/Cpu.o
START GROUP
LOAD C:/NXP/S32DS_ARM_v2018.R1/S32DS/arm_ewl2/lib/armv7e-m\libc99.a
LOAD C:/NXP/S32DS_ARM_v2018.R1/S32DS/arm_ewl2/lib/armv7e-m\libm.a
LOAD c:/nxp/s32ds_arm_v2018.r1/cross_tools/gcc-arm-none-eabi-4_9/bin/../lib/gcc/arm-none-eabi/4.9.3/armv7e-m\libgcc.a
LOAD C:/NXP/S32DS_ARM_v2018.R1/S32DS/arm_ewl2/lib/armv7e-m\librt.a
LOAD C:/NXP/S32DS_ARM_v2018.R1/S32DS/arm_ewl2/lib/armv7e-m\libnoio.a
END GROUP
LOAD C:/NXP/S32DS_ARM_v2018.R1/S32DS/arm_ewl2/lib/armv7e-m/__arm_end.o
                0x00000400                HEAP_SIZE = DEFINED (__heap_size__)?__heap_size__:0x400
                0x00000400                STACK_SIZE = DEFINED (__stack_size__)?__stack_size__:0x400
                0x00000400                M_VECTOR_RAM_SIZE = DEFINED (__flash_vector_table__)?0x0:0x400

.interrupts     0x00002000      0x400
                0x00002000                __VECTOR_TABLE = .
                0x00002000                . = ALIGN (0x4)
 *(.isr_vector)
 .isr_vector    0x00002000      0x400 ./Project_Settings/Startup_Code/startup_S32K144.o
                0x00002000                __isr_vector
                0x00002400                . = ALIGN (0x4)

.flash_config   0x00002400       0x10
                0x00002400                . = ALIGN (0x4)
 *(.FlashConfig)
 .FlashConfig   0x00002400       0x10 ./Project_Settings/Startup_Code/startup_S32K144.o
                0x00002410                . = ALIGN (0x4)

.text           0x00002410     0x3e30
                0x00002410                . = ALIGN (0x4)
 *(.text)
 .text          0x00002410       0x44 ./Project_Settings/Startup_Code/startup_S32K144.o
                0x00002410                Reset_Handler
                0x00002450                DebugMon_Handler
                0x00002450                Reserved88_IRQHandler
                0x00002450                CAN0_ORed_IRQHandler
                0x00002450                HardFault_Handler
                0x00002450                Reserved86_IRQHandler
                0x00002450                Reserved103_IRQHandler
                0x00002450                SysTick_Handler
                0x00002450                FTM2_Ovf_Reload_IRQHandler
                0x00002450                Reserved50_IRQHandler
                0x00002450                FTFC_Fault_IRQHandler
                0x00002450                FTM0_Ch6_Ch7_IRQHandler
                0x00002450                Reserved114_IRQHandler
                0x00002450                PendSV_Handler
                0x00002450                NMI_Handler
                0x00002450                Reserved89_IRQHandler
                0x00002450                ERM_double_fault_IRQHandler
                0x00002450                DMA2_IRQHandler
                0x00002450                Reserved59_IRQHandler
                0x00002450                LPIT0_Ch0_IRQHandler
                0x00002450                Reserved99_IRQHandler
                0x00002450                FTM3_Ch6_Ch7_IRQHandler
                0x00002450                CAN2_ORed_0_15_MB_IRQHandler
                0x00002450                LPIT0_Ch3_IRQHandler
                0x00002450                Reserved92_IRQHandler
                0x00002450                FTM0_Ch4_Ch5_IRQHandler
                0x00002450                CAN1_Error_IRQHandler
                0x00002450                FTM3_Ch0_Ch1_IRQHandler
                0x00002450                SWI_IRQHandler
                0x00002450                ADC0_IRQHandler
                0x00002450                FTM2_Ch4_Ch5_IRQHandler
                0x00002450                UsageFault_Handler
                0x00002450                FTM0_Ovf_Reload_IRQHandler
                0x00002450                DefaultISR
                0x00002450                DMA9_IRQHandler
                0x00002450                Reserved58_IRQHandler
                0x00002450                CAN1_ORed_0_15_MB_IRQHandler
                0x00002450                FTM1_Ch2_Ch3_IRQHandler
                0x00002450                DMA14_IRQHandler
                0x00002450                Reserved82_IRQHandler
                0x00002450                CAN0_ORed_16_31_MB_IRQHandler
                0x00002450                LPI2C0_Slave_IRQHandler
                0x00002450                Reserved71_IRQHandler
                0x00002450                PORTD_IRQHandler
                0x00002450                Reserved69_IRQHandler
                0x00002450                PORTB_IRQHandler
                0x00002450                Reserved70_IRQHandler
                0x00002450                ADC1_IRQHandler
                0x00002450                FTM2_Ch2_Ch3_IRQHandler
                0x00002450                Reserved53_IRQHandler
                0x00002450                DMA5_IRQHandler
                0x00002450                RTC_IRQHandler
                0x00002450                PDB0_IRQHandler
                0x00002450                Reserved54_IRQHandler
                0x00002450                FTM2_Ch6_Ch7_IRQHandler
                0x00002450                FTM3_Ch2_Ch3_IRQHandler
                0x00002450                FTM2_Ch0_Ch1_IRQHandler
                0x00002450                LPSPI1_IRQHandler
                0x00002450                LPUART1_RxTx_IRQHandler
                0x00002450                RTC_Seconds_IRQHandler
                0x00002450                CAN2_ORed_IRQHandler
                0x00002450                Reserved72_IRQHandler
                0x00002450                Reserved110_IRQHandler
                0x00002450                DMA11_IRQHandler
                0x00002450                Reserved107_IRQHandler
                0x00002450                Read_Collision_IRQHandler
                0x00002450                CAN2_Error_IRQHandler
                0x00002450                FTFC_IRQHandler
                0x00002450                DMA7_IRQHandler
                0x00002450                FTM1_Ch6_Ch7_IRQHandler
                0x00002450                Reserved105_IRQHandler
                0x00002450                LPIT0_Ch1_IRQHandler
                0x00002450                FTM1_Ch4_Ch5_IRQHandler
                0x00002450                FTM3_Ovf_Reload_IRQHandler
                0x00002450                LPUART2_RxTx_IRQHandler
                0x00002450                LPSPI0_IRQHandler
                0x00002450                WDOG_EWM_IRQHandler
                0x00002450                MemManage_Handler
                0x00002450                Reserved90_IRQHandler
                0x00002450                Reserved83_IRQHandler
                0x00002450                FTM0_Fault_IRQHandler
                0x00002450                Reserved48_IRQHandler
                0x00002450                SVC_Handler
                0x00002450                ERM_single_fault_IRQHandler
                0x00002450                FTM2_Fault_IRQHandler
                0x00002450                FTM0_Ch2_Ch3_IRQHandler
                0x00002450                DMA13_IRQHandler
                0x00002450                FTM0_Ch0_Ch1_IRQHandler
                0x00002450                FTM3_Fault_IRQHandler
                0x00002450                RCM_IRQHandler
                0x00002450                DMA3_IRQHandler
                0x00002450                Reserved100_IRQHandler
                0x00002450                DMA0_IRQHandler
                0x00002450                Reserved91_IRQHandler
                0x00002450                CAN1_ORed_IRQHandler
                0x00002450                DMA15_IRQHandler
                0x00002450                SCG_IRQHandler
                0x00002450                PDB1_IRQHandler
                0x00002450                Reserved81_IRQHandler
                0x00002450                Reserved46_IRQHandler
                0x00002450                Reserved45_IRQHandler
                0x00002450                CAN0_Error_IRQHandler
                0x00002450                Reserved112_IRQHandler
                0x00002450                LPI2C0_Master_IRQHandler
                0x00002450                DMA4_IRQHandler
                0x00002450                FTM1_Fault_IRQHandler
                0x00002450                Reserved106_IRQHandler
                0x00002450                DMA_Error_IRQHandler
                0x00002450                LVD_LVW_IRQHandler
                0x00002450                LPIT0_Ch2_IRQHandler
                0x00002450                PORTA_IRQHandler
                0x00002450                MCM_IRQHandler
                0x00002450                LPSPI2_IRQHandler
                0x00002450                DMA12_IRQHandler
                0x00002450                FTM3_Ch4_Ch5_IRQHandler
                0x00002450                CAN0_ORed_0_15_MB_IRQHandler
                0x00002450                PORTE_IRQHandler
                0x00002450                LPUART0_RxTx_IRQHandler
                0x00002450                LPTMR0_IRQHandler
                0x00002450                BusFault_Handler
                0x00002450                Reserved87_IRQHandler
                0x00002450                FTM1_Ovf_Reload_IRQHandler
                0x00002450                DMA8_IRQHandler
                0x00002450                Reserved93_IRQHandler
                0x00002450                DMA10_IRQHandler
                0x00002450                CAN0_Wake_Up_IRQHandler
                0x00002450                CMP0_IRQHandler
                0x00002450                Reserved52_IRQHandler
                0x00002450                PORTC_IRQHandler
                0x00002450                DMA6_IRQHandler
                0x00002450                FTM1_Ch0_Ch1_IRQHandler
                0x00002450                FLEXIO_IRQHandler
                0x00002450                DMA1_IRQHandler
                0x00002450                Reserved113_IRQHandler
 .text          0x00002454       0x30 c:/nxp/s32ds_arm_v2018.r1/cross_tools/gcc-arm-none-eabi-4_9/bin/../lib/gcc/arm-none-eabi/4.9.3/armv7e-m\libgcc.a(_aeabi_uldivmod.o)
                0x00002454                __aeabi_uldivmod
 .text          0x00002484       0x60 c:/nxp/s32ds_arm_v2018.r1/cross_tools/gcc-arm-none-eabi-4_9/bin/../lib/gcc/arm-none-eabi/4.9.3/armv7e-m\libgcc.a(bpabi.o)
                0x00002484                __gnu_ldivmod_helper
                0x000024b4                __gnu_uldivmod_helper
 .text          0x000024e4        0x4 c:/nxp/s32ds_arm_v2018.r1/cross_tools/gcc-arm-none-eabi-4_9/bin/../lib/gcc/arm-none-eabi/4.9.3/armv7e-m\libgcc.a(_dvmd_tls.o)
                0x000024e4                __aeabi_idiv0
                0x000024e4                __aeabi_ldiv0
 .text          0x000024e8      0x29c c:/nxp/s32ds_arm_v2018.r1/cross_tools/gcc-arm-none-eabi-4_9/bin/../lib/gcc/arm-none-eabi/4.9.3/armv7e-m\libgcc.a(_divdi3.o)
                0x000024e8                __divdi3
 .text          0x00002784      0x26c c:/nxp/s32ds_arm_v2018.r1/cross_tools/gcc-arm-none-eabi-4_9/bin/../lib/gcc/arm-none-eabi/4.9.3/armv7e-m\libgcc.a(_udivdi3.o)
                0x00002784                __udivdi3
 *(.text*)
 .text.LPIT_IRQHandler
                0x000029f0       0x1c ./Sources/main.o
                0x000029f0                LPIT_IRQHandler
 .text.main     0x00002a0c       0x94 ./Sources/main.o
                0x00002a0c                main
 .text.PINS_GPIO_WritePin
                0x00002aa0       0x44 ./SDK/platform/drivers/src/pins/pins_port_hw_access.o
 .text.PINS_Init
                0x00002ae4      0x1a0 ./SDK/platform/drivers/src/pins/pins_port_hw_access.o
                0x00002ae4                PINS_Init
 .text.PINS_GPIO_SetPins
                0x00002c84       0x1c ./SDK/platform/drivers/src/pins/pins_driver.o
 .text.PINS_GPIO_ClearPins
                0x00002ca0       0x1c ./SDK/platform/drivers/src/pins/pins_driver.o
 .text.PINS_GPIO_TogglePins
                0x00002cbc       0x1c ./SDK/platform/drivers/src/pins/pins_driver.o
 .text.PINS_DRV_Init
                0x00002cd8       0x50 ./SDK/platform/drivers/src/pins/pins_driver.o
                0x00002cd8                PINS_DRV_Init
 .text.PINS_DRV_SetPins
                0x00002d28       0x18 ./SDK/platform/drivers/src/pins/pins_driver.o
                0x00002d28                PINS_DRV_SetPins
 .text.PINS_DRV_ClearPins
                0x00002d40       0x18 ./SDK/platform/drivers/src/pins/pins_driver.o
                0x00002d40                PINS_DRV_ClearPins
 .text.PINS_DRV_TogglePins
                0x00002d58       0x18 ./SDK/platform/drivers/src/pins/pins_driver.o
                0x00002d58                PINS_DRV_TogglePins
 .text.LPIT_Enable
                0x00002d70       0x20 ./SDK/platform/drivers/src/lpit/lpit_driver.o
 .text.LPIT_Reset
                0x00002d90       0x2c ./SDK/platform/drivers/src/lpit/lpit_driver.o
 .text.LPIT_StartTimerChannels
                0x00002dbc       0x20 ./SDK/platform/drivers/src/lpit/lpit_driver.o
 .text.LPIT_SetTimerPeriodByCount
                0x00002ddc       0x24 ./SDK/platform/drivers/src/lpit/lpit_driver.o
 .text.LPIT_EnableInterruptTimerChannels
                0x00002e00       0x20 ./SDK/platform/drivers/src/lpit/lpit_driver.o
 .text.LPIT_DisableInterruptTimerChannels
                0x00002e20       0x24 ./SDK/platform/drivers/src/lpit/lpit_driver.o
 .text.LPIT_ClearInterruptFlagTimerChannels
                0x00002e44       0x20 ./SDK/platform/drivers/src/lpit/lpit_driver.o
 .text.LPIT_SetTimerChannelModeCmd
                0x00002e64       0x58 ./SDK/platform/drivers/src/lpit/lpit_driver.o
 .text.LPIT_GetTimerChannelModeCmd
                0x00002ebc       0x68 ./SDK/platform/drivers/src/lpit/lpit_driver.o
 .text.LPIT_SetTriggerSelectCmd
                0x00002f24       0x54 ./SDK/platform/drivers/src/lpit/lpit_driver.o
 .text.LPIT_SetTriggerSourceCmd
                0x00002f78       0x58 ./SDK/platform/drivers/src/lpit/lpit_driver.o
 .text.LPIT_SetReloadOnTriggerCmd
                0x00002fd0       0x5c ./SDK/platform/drivers/src/lpit/lpit_driver.o
 .text.LPIT_SetStopOnInterruptCmd
                0x0000302c       0x5c ./SDK/platform/drivers/src/lpit/lpit_driver.o
 .text.LPIT_SetStartOnTriggerCmd
                0x00003088       0x5c ./SDK/platform/drivers/src/lpit/lpit_driver.o
 .text.LPIT_SetTimerChannelChainCmd
                0x000030e4       0x5c ./SDK/platform/drivers/src/lpit/lpit_driver.o
 .text.LPIT_SetTimerRunInDebugCmd
                0x00003140       0x38 ./SDK/platform/drivers/src/lpit/lpit_driver.o
 .text.LPIT_SetTimerRunInDozeCmd
                0x00003178       0x38 ./SDK/platform/drivers/src/lpit/lpit_driver.o
 .text.LPIT_DRV_Init
                0x000031b0       0x58 ./SDK/platform/drivers/src/lpit/lpit_driver.o
                0x000031b0                LPIT_DRV_Init
 .text.LPIT_DRV_InitChannel
                0x00003208      0x124 ./SDK/platform/drivers/src/lpit/lpit_driver.o
                0x00003208                LPIT_DRV_InitChannel
 .text.LPIT_DRV_StartTimerChannels
                0x0000332c       0x20 ./SDK/platform/drivers/src/lpit/lpit_driver.o
                0x0000332c                LPIT_DRV_StartTimerChannels
 .text.LPIT_DRV_SetTimerPeriodByUs
                0x0000334c      0x120 ./SDK/platform/drivers/src/lpit/lpit_driver.o
                0x0000334c                LPIT_DRV_SetTimerPeriodByUs
 .text.LPIT_DRV_SetTimerPeriodByCount
                0x0000346c       0x24 ./SDK/platform/drivers/src/lpit/lpit_driver.o
                0x0000346c                LPIT_DRV_SetTimerPeriodByCount
 .text.LPIT_DRV_ClearInterruptFlagTimerChannels
                0x00003490       0x20 ./SDK/platform/drivers/src/lpit/lpit_driver.o
                0x00003490                LPIT_DRV_ClearInterruptFlagTimerChannels
 .text.INT_SYS_InstallHandler
                0x000034b0       0x44 ./SDK/platform/drivers/src/interrupt/interrupt_manager.o
                0x000034b0                INT_SYS_InstallHandler
 .text.INT_SYS_EnableIRQ
                0x000034f4       0x30 ./SDK/platform/drivers/src/interrupt/interrupt_manager.o
                0x000034f4                INT_SYS_EnableIRQ
 .text.INT_SYS_DisableIRQ
                0x00003524       0x34 ./SDK/platform/drivers/src/interrupt/interrupt_manager.o
                0x00003524                INT_SYS_DisableIRQ
 .text.INT_SYS_EnableIRQGlobal
                0x00003558       0x2c ./SDK/platform/drivers/src/interrupt/interrupt_manager.o
                0x00003558                INT_SYS_EnableIRQGlobal
 .text.INT_SYS_DisableIRQGlobal
                0x00003584       0x1c ./SDK/platform/drivers/src/interrupt/interrupt_manager.o
                0x00003584                INT_SYS_DisableIRQGlobal
 .text.CLOCK_SYS_Init
                0x000035a0       0x44 ./SDK/platform/drivers/src/clock/clock_manager.o
                0x000035a0                CLOCK_SYS_Init
 .text.CLOCK_SYS_UpdateConfiguration
                0x000035e4      0x17c ./SDK/platform/drivers/src/clock/clock_manager.o
                0x000035e4                CLOCK_SYS_UpdateConfiguration
 .text.SIM_GetRtcClkSrc
                0x00003760       0x20 ./SDK/platform/drivers/src/clock/S32K1xx/clock_S32K1xx.o
 .text.SIM_SetLpoClocks
                0x00003780       0x70 ./SDK/platform/drivers/src/clock/S32K1xx/clock_S32K1xx.o
 .text.SIM_SetEimClockGate
                0x000037f0       0x3c ./SDK/platform/drivers/src/clock/S32K1xx/clock_S32K1xx.o
 .text.SIM_GetEimClockGate
                0x0000382c       0x30 ./SDK/platform/drivers/src/clock/S32K1xx/clock_S32K1xx.o
 .text.SIM_SetErmClockGate
                0x0000385c       0x3c ./SDK/platform/drivers/src/clock/S32K1xx/clock_S32K1xx.o
 .text.SIM_GetErmClockGate
                0x00003898       0x30 ./SDK/platform/drivers/src/clock/S32K1xx/clock_S32K1xx.o
 .text.SIM_SetDmaClockGate
                0x000038c8       0x3c ./SDK/platform/drivers/src/clock/S32K1xx/clock_S32K1xx.o
 .text.SIM_GetDmaClockGate
                0x00003904       0x30 ./SDK/platform/drivers/src/clock/S32K1xx/clock_S32K1xx.o
 .text.SIM_SetMpuClockGate
                0x00003934       0x3c ./SDK/platform/drivers/src/clock/S32K1xx/clock_S32K1xx.o
 .text.SIM_GetMpuClockGate
                0x00003970       0x30 ./SDK/platform/drivers/src/clock/S32K1xx/clock_S32K1xx.o
 .text.SIM_SetMscmClockGate
                0x000039a0       0x3c ./SDK/platform/drivers/src/clock/S32K1xx/clock_S32K1xx.o
 .text.SIM_GetMscmClockGate
                0x000039dc       0x30 ./SDK/platform/drivers/src/clock/S32K1xx/clock_S32K1xx.o
 .text.SIM_GetFtm0ExternalClkPinMode
                0x00003a0c       0x20 ./SDK/platform/drivers/src/clock/S32K1xx/clock_S32K1xx.o
 .text.SIM_GetFtm1ExternalClkPinMode
                0x00003a2c       0x20 ./SDK/platform/drivers/src/clock/S32K1xx/clock_S32K1xx.o
 .text.SIM_GetFtm2ExternalClkPinMode
                0x00003a4c       0x20 ./SDK/platform/drivers/src/clock/S32K1xx/clock_S32K1xx.o
 .text.SIM_GetFtm3ExternalClkPinMode
                0x00003a6c       0x1c ./SDK/platform/drivers/src/clock/S32K1xx/clock_S32K1xx.o
 .text.SIM_GetLpo32KStatus
                0x00003a88       0x28 ./SDK/platform/drivers/src/clock/S32K1xx/clock_S32K1xx.o
 .text.SIM_GetLpo1KStatus
                0x00003ab0       0x28 ./SDK/platform/drivers/src/clock/S32K1xx/clock_S32K1xx.o
 .text.SIM_GetLpoClkSelectorValue
                0x00003ad8       0x20 ./SDK/platform/drivers/src/clock/S32K1xx/clock_S32K1xx.o
 .text.SIM_GetClockoutStatus
                0x00003af8       0x28 ./SDK/platform/drivers/src/clock/S32K1xx/clock_S32K1xx.o
 .text.SIM_GetClockoutDividerValue
                0x00003b20       0x20 ./SDK/platform/drivers/src/clock/S32K1xx/clock_S32K1xx.o
 .text.SIM_GetClockoutSelectorValue
                0x00003b40       0x20 ./SDK/platform/drivers/src/clock/S32K1xx/clock_S32K1xx.o
 .text.SIM_SetClockout
                0x00003b60       0x5c ./SDK/platform/drivers/src/clock/S32K1xx/clock_S32K1xx.o
 .text.SIM_SetTraceClockSource
                0x00003bbc       0x38 ./SDK/platform/drivers/src/clock/S32K1xx/clock_S32K1xx.o
 .text.SIM_ClearTraceClockConfig
                0x00003bf4       0x1c ./SDK/platform/drivers/src/clock/S32K1xx/clock_S32K1xx.o
 .text.SIM_SetTraceClockConfig
                0x00003c10       0x40 ./SDK/platform/drivers/src/clock/S32K1xx/clock_S32K1xx.o
 .text.SCG_GetClockoutSourceSel
                0x00003c50       0x20 ./SDK/platform/drivers/src/clock/S32K1xx/clock_S32K1xx.o
 .text.SCG_GetCurrentSystemClockSource
                0x00003c70       0x20 ./SDK/platform/drivers/src/clock/S32K1xx/clock_S32K1xx.o
 .text.SCG_GetCurrentCoreClockDividerRatio
                0x00003c90       0x20 ./SDK/platform/drivers/src/clock/S32K1xx/clock_S32K1xx.o
 .text.SCG_GetCurrentBusClockDividerRatio
                0x00003cb0       0x20 ./SDK/platform/drivers/src/clock/S32K1xx/clock_S32K1xx.o
 .text.SCG_GetCurrentSlowClockDividerRatio
                0x00003cd0       0x1c ./SDK/platform/drivers/src/clock/S32K1xx/clock_S32K1xx.o
 .text.SCG_SetRunClockControl
                0x00003cec       0x44 ./SDK/platform/drivers/src/clock/S32K1xx/clock_S32K1xx.o
 .text.SCG_SetVlprClockControl
                0x00003d30       0x44 ./SDK/platform/drivers/src/clock/S32K1xx/clock_S32K1xx.o
 .text.SCG_SetHsrunClockControl
                0x00003d74       0x44 ./SDK/platform/drivers/src/clock/S32K1xx/clock_S32K1xx.o
 .text.SCG_GetFircFirstAsyncDivider
                0x00003db8       0x20 ./SDK/platform/drivers/src/clock/S32K1xx/clock_S32K1xx.o
 .text.SCG_GetFircSecondAsyncDivider
                0x00003dd8       0x20 ./SDK/platform/drivers/src/clock/S32K1xx/clock_S32K1xx.o
 .text.SCG_SetFircAsyncConfig
                0x00003df8       0x30 ./SDK/platform/drivers/src/clock/S32K1xx/clock_S32K1xx.o
 .text.SCG_GetSircFirstAsyncDivider
                0x00003e28       0x20 ./SDK/platform/drivers/src/clock/S32K1xx/clock_S32K1xx.o
 .text.SCG_GetSircSecondAsyncDivider
                0x00003e48       0x20 ./SDK/platform/drivers/src/clock/S32K1xx/clock_S32K1xx.o
 .text.SCG_SetSircAsyncConfig
                0x00003e68       0x30 ./SDK/platform/drivers/src/clock/S32K1xx/clock_S32K1xx.o
 .text.SCG_GetSoscFirstAsyncDivider
                0x00003e98       0x20 ./SDK/platform/drivers/src/clock/S32K1xx/clock_S32K1xx.o
 .text.SCG_GetSoscSecondAsyncDivider
                0x00003eb8       0x20 ./SDK/platform/drivers/src/clock/S32K1xx/clock_S32K1xx.o
 .text.SCG_SetSoscAsyncConfig
                0x00003ed8       0x30 ./SDK/platform/drivers/src/clock/S32K1xx/clock_S32K1xx.o
 .text.SCG_GetSpllFirstAsyncDivider
                0x00003f08       0x20 ./SDK/platform/drivers/src/clock/S32K1xx/clock_S32K1xx.o
 .text.SCG_GetSpllSecondAsyncDivider
                0x00003f28       0x20 ./SDK/platform/drivers/src/clock/S32K1xx/clock_S32K1xx.o
 .text.SCG_SetSpllAsyncConfig
                0x00003f48       0x30 ./SDK/platform/drivers/src/clock/S32K1xx/clock_S32K1xx.o
 .text.SCG_SetClockoutSourceSel
                0x00003f78       0x38 ./SDK/platform/drivers/src/clock/S32K1xx/clock_S32K1xx.o
 .text.SCG_GetSircSystemClockMode
                0x00003fb0       0x34 ./SDK/platform/drivers/src/clock/S32K1xx/clock_S32K1xx.o
 .text.SCG_GetSircStatus
                0x00003fe4       0x2c ./SDK/platform/drivers/src/clock/S32K1xx/clock_S32K1xx.o
 .text.SCG_GetSircRange
                0x00004010       0x20 ./SDK/platform/drivers/src/clock/S32K1xx/clock_S32K1xx.o
 .text.SCG_ClearSircLock
                0x00004030       0x24 ./SDK/platform/drivers/src/clock/S32K1xx/clock_S32K1xx.o
 .text.SCG_ClearSircControl
                0x00004054       0x1c ./SDK/platform/drivers/src/clock/S32K1xx/clock_S32K1xx.o
 .text.SCG_SetSircConfiguration
                0x00004070       0x24 ./SDK/platform/drivers/src/clock/S32K1xx/clock_S32K1xx.o
 .text.SCG_SetSircControl
                0x00004094       0x58 ./SDK/platform/drivers/src/clock/S32K1xx/clock_S32K1xx.o
 .text.SCG_GetFircSystemClockMode
                0x000040ec       0x34 ./SDK/platform/drivers/src/clock/S32K1xx/clock_S32K1xx.o
 .text.SCG_GetFircStatus
                0x00004120       0x2c ./SDK/platform/drivers/src/clock/S32K1xx/clock_S32K1xx.o
 .text.SCG_GetFircRange
                0x0000414c       0x20 ./SDK/platform/drivers/src/clock/S32K1xx/clock_S32K1xx.o
 .text.SCG_ClearFircLock
                0x0000416c       0x24 ./SDK/platform/drivers/src/clock/S32K1xx/clock_S32K1xx.o
 .text.SCG_ClearFircControl
                0x00004190       0x1c ./SDK/platform/drivers/src/clock/S32K1xx/clock_S32K1xx.o
 .text.SCG_SetFircConfiguration
                0x000041ac       0x24 ./SDK/platform/drivers/src/clock/S32K1xx/clock_S32K1xx.o
 .text.SCG_SetFircControl
                0x000041d0       0x40 ./SDK/platform/drivers/src/clock/S32K1xx/clock_S32K1xx.o
 .text.SCG_GetSoscSystemClockMode
                0x00004210       0x34 ./SDK/platform/drivers/src/clock/S32K1xx/clock_S32K1xx.o
 .text.SCG_GetSoscStatus
                0x00004244       0x2c ./SDK/platform/drivers/src/clock/S32K1xx/clock_S32K1xx.o
 .text.SCG_ClearSoscLock
                0x00004270       0x24 ./SDK/platform/drivers/src/clock/S32K1xx/clock_S32K1xx.o
 .text.SCG_ClearSoscControl
                0x00004294       0x1c ./SDK/platform/drivers/src/clock/S32K1xx/clock_S32K1xx.o
 .text.SCG_SetSoscConfiguration
                0x000042b0       0x3c ./SDK/platform/drivers/src/clock/S32K1xx/clock_S32K1xx.o
 .text.SCG_SetSoscControl
                0x000042ec       0x5c ./SDK/platform/drivers/src/clock/S32K1xx/clock_S32K1xx.o
 .text.SCG_GetSpllSystemClockMode
                0x00004348       0x34 ./SDK/platform/drivers/src/clock/S32K1xx/clock_S32K1xx.o
 .text.SCG_GetSpllStatus
                0x0000437c       0x2c ./SDK/platform/drivers/src/clock/S32K1xx/clock_S32K1xx.o
 .text.SCG_GetSpllPredivider
                0x000043a8       0x20 ./SDK/platform/drivers/src/clock/S32K1xx/clock_S32K1xx.o
 .text.SCG_GetSpllMultiplier
                0x000043c8       0x20 ./SDK/platform/drivers/src/clock/S32K1xx/clock_S32K1xx.o
 .text.SCG_ClearSpllLock
                0x000043e8       0x24 ./SDK/platform/drivers/src/clock/S32K1xx/clock_S32K1xx.o
 .text.SCG_ClearSpllControl
                0x0000440c       0x1c ./SDK/platform/drivers/src/clock/S32K1xx/clock_S32K1xx.o
 .text.SCG_SetSpllConfiguration
                0x00004428       0x34 ./SDK/platform/drivers/src/clock/S32K1xx/clock_S32K1xx.o
 .text.SCG_SetSpllControl
                0x0000445c       0x5c ./SDK/platform/drivers/src/clock/S32K1xx/clock_S32K1xx.o
 .text.PCC_SetPeripheralClockControl
                0x000044b8       0x60 ./SDK/platform/drivers/src/clock/S32K1xx/clock_S32K1xx.o
 .text.PCC_SetClockMode
                0x00004518       0x70 ./SDK/platform/drivers/src/clock/S32K1xx/clock_S32K1xx.o
 .text.PCC_GetClockMode
                0x00004588       0x44 ./SDK/platform/drivers/src/clock/S32K1xx/clock_S32K1xx.o
 .text.PCC_GetClockSourceSel
                0x000045cc       0x34 ./SDK/platform/drivers/src/clock/S32K1xx/clock_S32K1xx.o
 .text.PCC_GetFracValueSel
                0x00004600       0x34 ./SDK/platform/drivers/src/clock/S32K1xx/clock_S32K1xx.o
 .text.PCC_GetDividerSel
                0x00004634       0x30 ./SDK/platform/drivers/src/clock/S32K1xx/clock_S32K1xx.o
 .text.PMC_SetLpoMode
                0x00004664       0x3c ./SDK/platform/drivers/src/clock/S32K1xx/clock_S32K1xx.o
 .text.PMC_GetLpoMode
                0x000046a0       0x2c ./SDK/platform/drivers/src/clock/S32K1xx/clock_S32K1xx.o
 .text.PMC_SetLpoTrimValue
                0x000046cc       0x58 ./SDK/platform/drivers/src/clock/S32K1xx/clock_S32K1xx.o
 .text.SMC_GetCurrentRunningMode
                0x00004724       0x1c ./SDK/platform/drivers/src/clock/S32K1xx/clock_S32K1xx.o
 .text.CLOCK_SYS_SetConfiguration
                0x00004740       0x70 ./SDK/platform/drivers/src/clock/S32K1xx/clock_S32K1xx.o
                0x00004740                CLOCK_SYS_SetConfiguration
 .text.CLOCK_SYS_SetScgConfiguration
                0x000047b0       0xb4 ./SDK/platform/drivers/src/clock/S32K1xx/clock_S32K1xx.o
 .text.CLOCK_SYS_SetPccConfiguration
                0x00004864       0xb4 ./SDK/platform/drivers/src/clock/S32K1xx/clock_S32K1xx.o
 .text.CLOCK_SYS_SetSimConfiguration
                0x00004918      0x114 ./SDK/platform/drivers/src/clock/S32K1xx/clock_S32K1xx.o
 .text.CLOCK_SYS_SetPmcConfiguration
                0x00004a2c       0x34 ./SDK/platform/drivers/src/clock/S32K1xx/clock_S32K1xx.o
 .text.CLOCK_SYS_GetDefaultConfiguration
                0x00004a60      0x24c ./SDK/platform/drivers/src/clock/S32K1xx/clock_S32K1xx.o
 .text.CLOCK_SYS_GetScgClockFreq
                0x00004cac      0x144 ./SDK/platform/drivers/src/clock/S32K1xx/clock_S32K1xx.o
 .text.CLOCK_SYS_GetSimClockFreq
                0x00004df0      0x20c ./SDK/platform/drivers/src/clock/S32K1xx/clock_S32K1xx.o
 .text.CLOCK_SYS_GetPccClockFreq
                0x00004ffc      0x140 ./SDK/platform/drivers/src/clock/S32K1xx/clock_S32K1xx.o
 .text.CLOCK_SYS_GetFreq
                0x0000513c       0x5c ./SDK/platform/drivers/src/clock/S32K1xx/clock_S32K1xx.o
                0x0000513c                CLOCK_SYS_GetFreq
 .text.CLOCK_SYS_GetPeripheralClock
                0x00005198       0xd8 ./SDK/platform/drivers/src/clock/S32K1xx/clock_S32K1xx.o
 .text.CLOCK_SYS_GetCurrentRunMode
                0x00005270       0x44 ./SDK/platform/drivers/src/clock/S32K1xx/clock_S32K1xx.o
 .text.CLOCK_SYS_TransitionSystemClock
                0x000052b4       0x60 ./SDK/platform/drivers/src/clock/S32K1xx/clock_S32K1xx.o
 .text.CLOCK_SYS_GetSimClkOutFreq
                0x00005314       0xdc ./SDK/platform/drivers/src/clock/S32K1xx/clock_S32K1xx.o
 .text.CLOCK_SYS_GetScgClkOutFreq
                0x000053f0       0x74 ./SDK/platform/drivers/src/clock/S32K1xx/clock_S32K1xx.o
 .text.CLOCK_SYS_GetSimRtcClkFreq
                0x00005464       0x78 ./SDK/platform/drivers/src/clock/S32K1xx/clock_S32K1xx.o
 .text.CLOCK_SYS_ConfigureSIRC
                0x000054dc       0xcc ./SDK/platform/drivers/src/clock/S32K1xx/clock_S32K1xx.o
 .text.CLOCK_SYS_ConfigureFIRC
                0x000055a8       0xd0 ./SDK/platform/drivers/src/clock/S32K1xx/clock_S32K1xx.o
 .text.CLOCK_SYS_ConfigureSOSC
                0x00005678      0x128 ./SDK/platform/drivers/src/clock/S32K1xx/clock_S32K1xx.o
 .text.CLOCK_SYS_ConfigureSPLL
                0x000057a0      0x120 ./SDK/platform/drivers/src/clock/S32K1xx/clock_S32K1xx.o
 .text.CLOCK_SYS_ConfigureTemporarySystemClock
                0x000058c0       0x5c ./SDK/platform/drivers/src/clock/S32K1xx/clock_S32K1xx.o
 .text.CLOCK_SYS_ConfigureModulesFromScg
                0x0000591c      0x1ac ./SDK/platform/drivers/src/clock/S32K1xx/clock_S32K1xx.o
 .text.CLOCK_SYS_GetSystemClockFreq
                0x00005ac8       0xc0 ./SDK/platform/drivers/src/clock/S32K1xx/clock_S32K1xx.o
 .text.CLOCK_SYS_SetSystemClockConfig
                0x00005b88      0x1a0 ./SDK/platform/drivers/src/clock/S32K1xx/clock_S32K1xx.o
 .text.CLOCK_SYS_GetSysAsyncFreq
                0x00005d28      0x11c ./SDK/platform/drivers/src/clock/S32K1xx/clock_S32K1xx.o
 .text.CLOCK_SYS_GetSysOscFreq
                0x00005e44       0x30 ./SDK/platform/drivers/src/clock/S32K1xx/clock_S32K1xx.o
 .text.CLOCK_SYS_GetSircFreq
                0x00005e74       0x44 ./SDK/platform/drivers/src/clock/S32K1xx/clock_S32K1xx.o
 .text.CLOCK_SYS_GetFircFreq
                0x00005eb8       0x3c ./SDK/platform/drivers/src/clock/S32K1xx/clock_S32K1xx.o
 .text.CLOCK_SYS_GetSysPllFreq
                0x00005ef4       0x64 ./SDK/platform/drivers/src/clock/S32K1xx/clock_S32K1xx.o
 .text.CLOCK_SYS_GetLpoFreq
                0x00005f58       0x7c ./SDK/platform/drivers/src/clock/S32K1xx/clock_S32K1xx.o
 .text.init_data_bss
                0x00005fd4      0x110 ./SDK/platform/devices/startup.o
                0x00005fd4                init_data_bss
 .text.SystemInit
                0x000060e4       0x30 ./SDK/platform/devices/S32K144/startup/system_S32K144.o
                0x000060e4                SystemInit
 *(.rodata)
 .rodata        0x00006114        0x4 ./SDK/platform/drivers/src/lpit/lpit_driver.o
 *(.rodata*)
 .rodata.clockNameMappings
                0x00006118       0x9e ./SDK/platform/drivers/src/clock/S32K1xx/clock_S32K1xx.o
                0x00006118                clockNameMappings
 *fill*         0x000061b6        0x2 
 .rodata.peripheralFeaturesList
                0x000061b8       0x4f ./SDK/platform/drivers/src/clock/S32K1xx/clock_S32K1xx.o
                0x000061b8                peripheralFeaturesList
 *fill*         0x00006207        0x1 
 .rodata.maxClocksFreq.6397
                0x00006208       0x24 ./SDK/platform/drivers/src/clock/S32K1xx/clock_S32K1xx.o
 .rodata.fircFreq.6452
                0x0000622c       0x10 ./SDK/platform/drivers/src/clock/S32K1xx/clock_S32K1xx.o
 .rodata.lpit1_InitConfig
                0x0000623c        0x2 ./Generated_Code/lpit1.o
                0x0000623c                lpit1_InitConfig
 *(.glue_7)
 .glue_7        0x00000000        0x0 linker stubs
 *(.glue_7t)
 .glue_7t       0x00000000        0x0 linker stubs
 *(.eh_frame)
 *(.init)
 *(.fini)
                0x00006240                . = ALIGN (0x4)
 *fill*         0x0000623e        0x2 

.vfp11_veneer   0x00006240        0x0
 .vfp11_veneer  0x00000000        0x0 linker stubs

.v4_bx          0x00006240        0x0
 .v4_bx         0x00000000        0x0 linker stubs

.iplt           0x00006240        0x0
 .iplt          0x00000000        0x0 C:/NXP/S32DS_ARM_v2018.R1/S32DS/arm_ewl2/lib/armv7e-m/__arm_start.o

.ARM.extab
 *(.ARM.extab* .gnu.linkonce.armextab.*)

.ARM            0x00006240        0x8
                0x00006240                __exidx_start = .
 *(.ARM.exidx*)
 .ARM.exidx     0x00006240        0x8 c:/nxp/s32ds_arm_v2018.r1/cross_tools/gcc-arm-none-eabi-4_9/bin/../lib/gcc/arm-none-eabi/4.9.3/armv7e-m\libgcc.a(_divdi3.o)
 .ARM.exidx     0x00006248        0x0 c:/nxp/s32ds_arm_v2018.r1/cross_tools/gcc-arm-none-eabi-4_9/bin/../lib/gcc/arm-none-eabi/4.9.3/armv7e-m\libgcc.a(_udivdi3.o)
                                  0x8 (size before relaxing)
                0x00006248                __exidx_end = .

.rel.dyn        0x00006248        0x0
 .rel.iplt      0x00000000        0x0 C:/NXP/S32DS_ARM_v2018.R1/S32DS/arm_ewl2/lib/armv7e-m/__arm_start.o

.ctors          0x00006248        0x0
                0x00006248                __CTOR_LIST__ = .
 *crtbegin.o(.ctors)
 *crtbegin?.o(.ctors)
 *(EXCLUDE_FILE(*crtend.o *crtend?.o) .ctors)
 *(SORT(.ctors.*))
 *(.ctors)
                0x00006248                __CTOR_END__ = .

.dtors          0x00006248        0x0
                0x00006248                __DTOR_LIST__ = .
 *crtbegin.o(.dtors)
 *crtbegin?.o(.dtors)
 *(EXCLUDE_FILE(*crtend.o *crtend?.o) .dtors)
 *(SORT(.dtors.*))
 *(.dtors)
                0x00006248                __DTOR_END__ = .

.preinit_array  0x00006248        0x0
                0x00006248                PROVIDE (__preinit_array_start, .)
 *(.preinit_array*)
                0x00006248                PROVIDE (__preinit_array_end, .)

.init_array     0x00006248        0x0
                0x00006248                PROVIDE (__init_array_start, .)
 *(SORT(.init_array.*))
 *(.init_array*)
                0x00006248                PROVIDE (__init_array_end, .)

.fini_array     0x00006248        0x0
                0x00006248                PROVIDE (__fini_array_start, .)
 *(SORT(.fini_array.*))
 *(.fini_array*)
                0x00006248                PROVIDE (__fini_array_end, .)
                0x00006248                __etext = .
                0x00006248                __DATA_ROM = .

.interrupts_ram
                0x1fff8000      0x400
                0x1fff8000                . = ALIGN (0x4)
                0x1fff8000                __VECTOR_RAM__ = .
                0x1fff8000                __interrupts_ram_start__ = .
 *(.m_interrupts_ram)
                0x1fff8400                . = (. + M_VECTOR_RAM_SIZE)
 *fill*         0x1fff8000      0x400 
                0x1fff8400                . = ALIGN (0x4)
                0x1fff8400                __interrupts_ram_end__ = .
                0x1fff8000                __VECTOR_RAM = DEFINED (__flash_vector_table__)?ORIGIN (m_interrupts):__VECTOR_RAM__
                0x00000400                __RAM_VECTOR_TABLE_SIZE = DEFINED (__flash_vector_table__)?0x0:(__interrupts_ram_end__ - __interrupts_ram_start__)

.data           0x1fff8400      0x9ac load address 0x00006248
                0x1fff8400                . = ALIGN (0x4)
                0x1fff8400                __DATA_RAM = .
                0x1fff8400                __data_start__ = .
 *(.data)
 *(.data*)
 .data.peripheralClockConfig.6177
                0x1fff8400       0xa0 ./SDK/platform/drivers/src/clock/S32K1xx/clock_S32K1xx.o
 .data.g_pin_mux_InitConfigArr
                0x1fff84a0      0x858 ./Generated_Code/pin_mux.o
                0x1fff84a0                g_pin_mux_InitConfigArr
 .data.lpit1_ChnConfig0
                0x1fff8cf8       0x18 ./Generated_Code/lpit1.o
                0x1fff8cf8                lpit1_ChnConfig0
 .data.peripheralClockConfig0
                0x1fff8d10       0x1e ./Generated_Code/clockMan1.o
                0x1fff8d10                peripheralClockConfig0
 *fill*         0x1fff8d2e        0x2 
 .data.clockMan1_InitConfig0
                0x1fff8d30       0x78 ./Generated_Code/clockMan1.o
                0x1fff8d30                clockMan1_InitConfig0
 .data.g_clockManConfigsArr
                0x1fff8da8        0x4 ./Generated_Code/clockMan1.o
                0x1fff8da8                g_clockManConfigsArr
 *(.jcr*)
                0x1fff8dac                . = ALIGN (0x4)
                0x1fff8dac                __data_end__ = .
                0x00006bf4                __DATA_END = (__DATA_ROM + (__data_end__ - __data_start__))
                0x00006bf4                __CODE_ROM = __DATA_END

.igot.plt       0x1fff8dac        0x0 load address 0x00006bf4
 .igot.plt      0x00000000        0x0 C:/NXP/S32DS_ARM_v2018.R1/S32DS/arm_ewl2/lib/armv7e-m/__arm_start.o

.code           0x1fff8dac        0x0 load address 0x00006bf4
                0x1fff8dac                . = ALIGN (0x4)
                0x1fff8dac                __CODE_RAM = .
                0x1fff8dac                __code_start__ = .
 *(.code_ram)
                0x1fff8dac                . = ALIGN (0x4)
                0x1fff8dac                __code_end__ = .
                0x00006bf4                __CODE_END = (__CODE_ROM + (__code_end__ - __code_start__))

.customSectionBlock
 *(.customSection)

.bss            0x20000000       0x34
                0x20000000                . = ALIGN (0x4)
                0x20000000                __BSS_START = .
                0x20000000                __bss_start__ = .
 *(.bss)
 *(.bss*)
 .bss.exit_code
                0x20000000        0x4 ./Sources/main.o
                0x20000000                exit_code
 .bss.s_lpitSourceClockFrequency
                0x20000004        0x4 ./SDK/platform/drivers/src/lpit/lpit_driver.o
 .bss.g_interruptDisableCount
                0x20000008        0x4 ./SDK/platform/drivers/src/interrupt/interrupt_manager.o
 .bss.g_clockState
                0x2000000c       0x10 ./SDK/platform/drivers/src/clock/clock_manager.o
 .bss.g_clockManCallbacksArr
                0x2000001c        0x4 ./Generated_Code/clockMan1.o
                0x2000001c                g_clockManCallbacksArr
 *(COMMON)
 COMMON         0x20000020       0x14 ./SDK/platform/drivers/src/clock/S32K1xx/clock_S32K1xx.o
                0x20000020                g_xtal0ClkFreq
                0x20000024                g_RtcClkInFreq
                0x20000028                g_TClkFreq
                0x20000034                . = ALIGN (0x4)
                0x20000034                __bss_end__ = .
                0x20000034                __BSS_END = .

.heap           0x20000034      0x404
                0x20000038                . = ALIGN (0x8)
 *fill*         0x20000034        0x4 
                0x20000038                __end__ = .
                0x20000038                PROVIDE (end, .)
                0x20000038                PROVIDE (_end, .)
                0x20000038                PROVIDE (__end, .)
                0x20000038                __HeapBase = .
                0x20000438                . = (. + HEAP_SIZE)
 *fill*         0x20000038      0x400 
                0x20000438                __HeapLimit = .
                0x20000438                __heap_limit = .

.stack          0x20000438      0x400
                0x20000438                . = ALIGN (0x8)
                0x20000838                . = (. + STACK_SIZE)
 *fill*         0x20000438      0x400 
                0x20007000                __StackTop = (ORIGIN (m_data_2) + 0x7000)
                0x20006c00                __StackLimit = (__StackTop - STACK_SIZE)
                0x20007000                PROVIDE (__stack, __StackTop)

.ARM.attributes
                0x00000000       0x31
 *(.ARM.attributes)
 .ARM.attributes
                0x00000000       0x33 ./Sources/main.o
 .ARM.attributes
                0x00000033       0x33 ./SDK/platform/drivers/src/pins/pins_port_hw_access.o
 .ARM.attributes
                0x00000066       0x33 ./SDK/platform/drivers/src/pins/pins_driver.o
 .ARM.attributes
                0x00000099       0x33 ./SDK/platform/drivers/src/lpit/lpit_driver.o
 .ARM.attributes
                0x000000cc       0x33 ./SDK/platform/drivers/src/interrupt/interrupt_manager.o
 .ARM.attributes
                0x000000ff       0x33 ./SDK/platform/drivers/src/clock/clock_manager.o
 .ARM.attributes
                0x00000132       0x33 ./SDK/platform/drivers/src/clock/S32K1xx/clock_S32K1xx.o
 .ARM.attributes
                0x00000165       0x33 ./SDK/platform/devices/startup.o
 .ARM.attributes
                0x00000198       0x33 ./SDK/platform/devices/S32K144/startup/system_S32K144.o
 .ARM.attributes
                0x000001cb       0x1b ./Project_Settings/Startup_Code/startup_S32K144.o
 .ARM.attributes
                0x000001e6       0x33 ./Generated_Code/pin_mux.o
 .ARM.attributes
                0x00000219       0x33 ./Generated_Code/lpit1.o
 .ARM.attributes
                0x0000024c       0x33 ./Generated_Code/clockMan1.o
 .ARM.attributes
                0x0000027f       0x1e c:/nxp/s32ds_arm_v2018.r1/cross_tools/gcc-arm-none-eabi-4_9/bin/../lib/gcc/arm-none-eabi/4.9.3/armv7e-m\libgcc.a(_aeabi_uldivmod.o)
 .ARM.attributes
                0x0000029d       0x2e c:/nxp/s32ds_arm_v2018.r1/cross_tools/gcc-arm-none-eabi-4_9/bin/../lib/gcc/arm-none-eabi/4.9.3/armv7e-m\libgcc.a(bpabi.o)
 .ARM.attributes
                0x000002cb       0x1e c:/nxp/s32ds_arm_v2018.r1/cross_tools/gcc-arm-none-eabi-4_9/bin/../lib/gcc/arm-none-eabi/4.9.3/armv7e-m\libgcc.a(_dvmd_tls.o)
 .ARM.attributes
                0x000002e9       0x2e c:/nxp/s32ds_arm_v2018.r1/cross_tools/gcc-arm-none-eabi-4_9/bin/../lib/gcc/arm-none-eabi/4.9.3/armv7e-m\libgcc.a(_divdi3.o)
 .ARM.attributes
                0x00000317       0x2e c:/nxp/s32ds_arm_v2018.r1/cross_tools/gcc-arm-none-eabi-4_9/bin/../lib/gcc/arm-none-eabi/4.9.3/armv7e-m\libgcc.a(_udivdi3.o)
                0x00000001                ASSERT ((__StackLimit >= __HeapLimit), region m_data_2 overflowed with stack and heap)
OUTPUT(bootloader_app_b10.elf elf32-littlearm)

.debug_info     0x00000000     0xbaf3
 .debug_info    0x00000000     0x17d3 ./Sources/main.o
 .debug_info    0x000017d3      0x7a5 ./SDK/platform/drivers/src/pins/pins_port_hw_access.o
 .debug_info    0x00001f78     0x115b ./SDK/platform/drivers/src/pins/pins_driver.o
 .debug_info    0x000030d3     0x14d2 ./SDK/platform/drivers/src/lpit/lpit_driver.o
 .debug_info    0x000045a5      0x8c1 ./SDK/platform/drivers/src/interrupt/interrupt_manager.o
 .debug_info    0x00004e66     0x11e5 ./SDK/platform/drivers/src/clock/clock_manager.o
 .debug_info    0x0000604b     0x37af ./SDK/platform/drivers/src/clock/S32K1xx/clock_S32K1xx.o
 .debug_info    0x000097fa      0x41d ./SDK/platform/devices/startup.o
 .debug_info    0x00009c17      0x500 ./SDK/platform/devices/S32K144/startup/system_S32K144.o
 .debug_info    0x0000a117       0xa0 ./Project_Settings/Startup_Code/startup_S32K144.o
 .debug_info    0x0000a1b7      0x3d2 ./Generated_Code/pin_mux.o
 .debug_info    0x0000a589      0x3a2 ./Generated_Code/lpit1.o
 .debug_info    0x0000a92b     0x11c8 ./Generated_Code/clockMan1.o

.debug_abbrev   0x00000000     0x1084
 .debug_abbrev  0x00000000      0x164 ./Sources/main.o
 .debug_abbrev  0x00000164      0x144 ./SDK/platform/drivers/src/pins/pins_port_hw_access.o
 .debug_abbrev  0x000002a8      0x234 ./SDK/platform/drivers/src/pins/pins_driver.o
 .debug_abbrev  0x000004dc      0x1f5 ./SDK/platform/drivers/src/lpit/lpit_driver.o
 .debug_abbrev  0x000006d1      0x18e ./SDK/platform/drivers/src/interrupt/interrupt_manager.o
 .debug_abbrev  0x0000085f      0x16b ./SDK/platform/drivers/src/clock/clock_manager.o
 .debug_abbrev  0x000009ca      0x238 ./SDK/platform/drivers/src/clock/S32K1xx/clock_S32K1xx.o
 .debug_abbrev  0x00000c02      0x101 ./SDK/platform/devices/startup.o
 .debug_abbrev  0x00000d03      0x118 ./SDK/platform/devices/S32K144/startup/system_S32K144.o
 .debug_abbrev  0x00000e1b       0x14 ./Project_Settings/Startup_Code/startup_S32K144.o
 .debug_abbrev  0x00000e2f       0xbe ./Generated_Code/pin_mux.o
 .debug_abbrev  0x00000eed       0x8d ./Generated_Code/lpit1.o
 .debug_abbrev  0x00000f7a      0x10a ./Generated_Code/clockMan1.o

.debug_aranges  0x00000000      0x880
 .debug_aranges
                0x00000000       0x28 ./Sources/main.o
 .debug_aranges
                0x00000028       0x38 ./SDK/platform/drivers/src/pins/pins_port_hw_access.o
 .debug_aranges
                0x00000060      0x190 ./SDK/platform/drivers/src/pins/pins_driver.o
 .debug_aranges
                0x000001f0      0x140 ./SDK/platform/drivers/src/lpit/lpit_driver.o
 .debug_aranges
                0x00000330       0x70 ./SDK/platform/drivers/src/interrupt/interrupt_manager.o
 .debug_aranges
                0x000003a0       0x38 ./SDK/platform/drivers/src/clock/clock_manager.o
 .debug_aranges
                0x000003d8      0x3f0 ./SDK/platform/drivers/src/clock/S32K1xx/clock_S32K1xx.o
 .debug_aranges
                0x000007c8       0x20 ./SDK/platform/devices/startup.o
 .debug_aranges
                0x000007e8       0x30 ./SDK/platform/devices/S32K144/startup/system_S32K144.o
 .debug_aranges
                0x00000818       0x20 ./Project_Settings/Startup_Code/startup_S32K144.o
 .debug_aranges
                0x00000838       0x18 ./Generated_Code/pin_mux.o
 .debug_aranges
                0x00000850       0x18 ./Generated_Code/lpit1.o
 .debug_aranges
                0x00000868       0x18 ./Generated_Code/clockMan1.o

.debug_ranges   0x00000000      0x788
 .debug_ranges  0x00000000       0x18 ./Sources/main.o
 .debug_ranges  0x00000018       0x28 ./SDK/platform/drivers/src/pins/pins_port_hw_access.o
 .debug_ranges  0x00000040      0x180 ./SDK/platform/drivers/src/pins/pins_driver.o
 .debug_ranges  0x000001c0      0x130 ./SDK/platform/drivers/src/lpit/lpit_driver.o
 .debug_ranges  0x000002f0       0x60 ./SDK/platform/drivers/src/interrupt/interrupt_manager.o
 .debug_ranges  0x00000350       0x28 ./SDK/platform/drivers/src/clock/clock_manager.o
 .debug_ranges  0x00000378      0x3e0 ./SDK/platform/drivers/src/clock/S32K1xx/clock_S32K1xx.o
 .debug_ranges  0x00000758       0x10 ./SDK/platform/devices/startup.o
 .debug_ranges  0x00000768       0x20 ./SDK/platform/devices/S32K144/startup/system_S32K144.o

.debug_macro    0x00000000    0x20720
 .debug_macro   0x00000000      0x1ba ./Sources/main.o
 .debug_macro   0x000001ba      0x868 ./Sources/main.o
 .debug_macro   0x00000a22       0x52 ./Sources/main.o
 .debug_macro   0x00000a74       0xa0 ./Sources/main.o
 .debug_macro   0x00000b14       0x16 ./Sources/main.o
 .debug_macro   0x00000b2a       0x10 ./Sources/main.o
 .debug_macro   0x00000b3a       0x6d ./Sources/main.o
 .debug_macro   0x00000ba7       0x19 ./Sources/main.o
 .debug_macro   0x00000bc0       0x64 ./Sources/main.o
 .debug_macro   0x00000c24      0x185 ./Sources/main.o
 .debug_macro   0x00000da9      0x140 ./Sources/main.o
 .debug_macro   0x00000ee9       0x9d ./Sources/main.o
 .debug_macro   0x00000f86       0x10 ./Sources/main.o
 .debug_macro   0x00000f96      0x15b ./Sources/main.o
 .debug_macro   0x000010f1       0x28 ./Sources/main.o
 .debug_macro   0x00001119       0x58 ./Sources/main.o
 .debug_macro   0x00001171     0xecad ./Sources/main.o
 .debug_macro   0x0000fe1e      0xa20 ./Sources/main.o
 .debug_macro   0x0001083e       0x22 ./Sources/main.o
 .debug_macro   0x00010860       0x71 ./Sources/main.o
 .debug_macro   0x000108d1       0x16 ./Sources/main.o
 .debug_macro   0x000108e7       0x16 ./Sources/main.o
 .debug_macro   0x000108fd       0x16 ./Sources/main.o
 .debug_macro   0x00010913       0x16 ./Sources/main.o
 .debug_macro   0x00010929       0x28 ./Sources/main.o
 .debug_macro   0x00010951       0x16 ./Sources/main.o
 .debug_macro   0x00010967       0x10 ./Sources/main.o
 .debug_macro   0x00010977      0x13c ./SDK/platform/drivers/src/pins/pins_port_hw_access.o
 .debug_macro   0x00010ab3      0x1af ./SDK/platform/drivers/src/pins/pins_port_hw_access.o
 .debug_macro   0x00010c62      0x142 ./SDK/platform/drivers/src/pins/pins_driver.o
 .debug_macro   0x00010da4      0x147 ./SDK/platform/drivers/src/lpit/lpit_driver.o
 .debug_macro   0x00010eeb     0xecc2 ./SDK/platform/drivers/src/lpit/lpit_driver.o
 .debug_macro   0x0001fbad       0x10 ./SDK/platform/drivers/src/lpit/lpit_driver.o
 .debug_macro   0x0001fbbd       0xeb ./SDK/platform/drivers/src/interrupt/interrupt_manager.o
 .debug_macro   0x0001fca8      0x13b ./SDK/platform/drivers/src/clock/clock_manager.o
 .debug_macro   0x0001fde3      0x2cb ./SDK/platform/drivers/src/clock/S32K1xx/clock_S32K1xx.o
 .debug_macro   0x000200ae       0xeb ./SDK/platform/devices/startup.o
 .debug_macro   0x00020199       0xea ./SDK/platform/devices/S32K144/startup/system_S32K144.o
 .debug_macro   0x00020283      0x141 ./Generated_Code/pin_mux.o
 .debug_macro   0x000203c4      0x1a0 ./Generated_Code/lpit1.o
 .debug_macro   0x00020564       0x1c ./Generated_Code/lpit1.o
 .debug_macro   0x00020580      0x1a0 ./Generated_Code/clockMan1.o

.debug_line     0x00000000     0x4b41
 .debug_line    0x00000000      0x531 ./Sources/main.o
 .debug_line    0x00000531      0x45d ./SDK/platform/drivers/src/pins/pins_port_hw_access.o
 .debug_line    0x0000098e      0x784 ./SDK/platform/drivers/src/pins/pins_driver.o
 .debug_line    0x00001112      0x7fd ./SDK/platform/drivers/src/lpit/lpit_driver.o
 .debug_line    0x0000190f      0x473 ./SDK/platform/drivers/src/interrupt/interrupt_manager.o
 .debug_line    0x00001d82      0x4c1 ./SDK/platform/drivers/src/clock/clock_manager.o
 .debug_line    0x00002243     0x15b7 ./SDK/platform/drivers/src/clock/S32K1xx/clock_S32K1xx.o
 .debug_line    0x000037fa      0x270 ./SDK/platform/devices/startup.o
 .debug_line    0x00003a6a      0x364 ./SDK/platform/devices/S32K144/startup/system_S32K144.o
 .debug_line    0x00003dce       0x83 ./Project_Settings/Startup_Code/startup_S32K144.o
 .debug_line    0x00003e51      0x37e ./Generated_Code/pin_mux.o
 .debug_line    0x000041cf      0x4b7 ./Generated_Code/lpit1.o
 .debug_line    0x00004686      0x4bb ./Generated_Code/clockMan1.o

.debug_str      0x00000000    0x6e34b
 .debug_str     0x00000000    0x6b2d8 ./Sources/main.o
                              0x6b5da (size before relaxing)
 .debug_str     0x0006b2d8      0x17c ./SDK/platform/drivers/src/pins/pins_port_hw_access.o
                              0x697c3 (size before relaxing)
 .debug_str     0x0006b454      0x51c ./SDK/platform/drivers/src/pins/pins_driver.o
                              0x69c4d (size before relaxing)
 .debug_str     0x0006b970      0x5d6 ./SDK/platform/drivers/src/lpit/lpit_driver.o
                              0x6a62e (size before relaxing)
 .debug_str     0x0006bf46      0x260 ./SDK/platform/drivers/src/interrupt/interrupt_manager.o
                              0x6917e (size before relaxing)
 .debug_str     0x0006c1a6      0x19a ./SDK/platform/drivers/src/clock/clock_manager.o
                              0x6a996 (size before relaxing)
 .debug_str     0x0006c340     0x1dba ./SDK/platform/drivers/src/clock/S32K1xx/clock_S32K1xx.o
                              0x6c46c (size before relaxing)
 .debug_str     0x0006e0fa      0x119 ./SDK/platform/devices/startup.o
                              0x68ae6 (size before relaxing)
 .debug_str     0x0006e213       0xb7 ./SDK/platform/devices/S32K144/startup/system_S32K144.o
                              0x68bc0 (size before relaxing)
 .debug_str     0x0006e2ca       0x1c ./Generated_Code/pin_mux.o
                              0x68e75 (size before relaxing)
 .debug_str     0x0006e2e6       0x1a ./Generated_Code/lpit1.o
                              0x693b1 (size before relaxing)
 .debug_str     0x0006e300       0x4b ./Generated_Code/clockMan1.o
                              0x6aecb (size before relaxing)

.comment        0x00000000       0x70
 .comment       0x00000000       0x70 ./Sources/main.o
                                 0x71 (size before relaxing)
 .comment       0x00000000       0x71 ./SDK/platform/drivers/src/pins/pins_port_hw_access.o
 .comment       0x00000000       0x71 ./SDK/platform/drivers/src/pins/pins_driver.o
 .comment       0x00000000       0x71 ./SDK/platform/drivers/src/lpit/lpit_driver.o
 .comment       0x00000000       0x71 ./SDK/platform/drivers/src/interrupt/interrupt_manager.o
 .comment       0x00000000       0x71 ./SDK/platform/drivers/src/clock/clock_manager.o
 .comment       0x00000000       0x71 ./SDK/platform/drivers/src/clock/S32K1xx/clock_S32K1xx.o
 .comment       0x00000000       0x71 ./SDK/platform/devices/startup.o
 .comment       0x00000000       0x71 ./SDK/platform/devices/S32K144/startup/system_S32K144.o
 .comment       0x00000000       0x71 ./Generated_Code/pin_mux.o
 .comment       0x00000000       0x71 ./Generated_Code/lpit1.o
 .comment       0x00000000       0x71 ./Generated_Code/clockMan1.o

.debug_frame    0x00000000     0x2480
 .debug_frame   0x00000000       0x48 ./Sources/main.o
 .debug_frame   0x00000048       0xac ./SDK/platform/drivers/src/pins/pins_port_hw_access.o
 .debug_frame   0x000000f4      0x704 ./SDK/platform/drivers/src/pins/pins_driver.o
 .debug_frame   0x000007f8      0x5cc ./SDK/platform/drivers/src/lpit/lpit_driver.o
 .debug_frame   0x00000dc4      0x1b8 ./SDK/platform/drivers/src/interrupt/interrupt_manager.o
 .debug_frame   0x00000f7c       0xa4 ./SDK/platform/drivers/src/clock/clock_manager.o
 .debug_frame   0x00001020     0x12cc ./SDK/platform/drivers/src/clock/S32K1xx/clock_S32K1xx.o
 .debug_frame   0x000022ec       0x38 ./SDK/platform/devices/startup.o
 .debug_frame   0x00002324       0x80 ./SDK/platform/devices/S32K144/startup/system_S32K144.o
 .debug_frame   0x000023a4       0x28 c:/nxp/s32ds_arm_v2018.r1/cross_tools/gcc-arm-none-eabi-4_9/bin/../lib/gcc/arm-none-eabi/4.9.3/armv7e-m\libgcc.a(_aeabi_uldivmod.o)
 .debug_frame   0x000023cc       0x50 c:/nxp/s32ds_arm_v2018.r1/cross_tools/gcc-arm-none-eabi-4_9/bin/../lib/gcc/arm-none-eabi/4.9.3/armv7e-m\libgcc.a(bpabi.o)
 .debug_frame   0x0000241c       0x34 c:/nxp/s32ds_arm_v2018.r1/cross_tools/gcc-arm-none-eabi-4_9/bin/../lib/gcc/arm-none-eabi/4.9.3/armv7e-m\libgcc.a(_divdi3.o)
 .debug_frame   0x00002450       0x30 c:/nxp/s32ds_arm_v2018.r1/cross_tools/gcc-arm-none-eabi-4_9/bin/../lib/gcc/arm-none-eabi/4.9.3/armv7e-m\libgcc.a(_udivdi3.o)
